Archive member included to satisfy reference by file (symbol)

d:/modelsim/nios2eds/bin/gnu/h-x86_64-mingw32/bin/../lib/gcc/nios2-elf/5.3.0/../../../../../H-x86_64-mingw32/nios2-elf/lib/mno-hw-mul\libsmallc.a(lib_a-printf.o)
                              obj/default/hello_world.o (printf)
d:/modelsim/nios2eds/bin/gnu/h-x86_64-mingw32/bin/../lib/gcc/nios2-elf/5.3.0/../../../../../H-x86_64-mingw32/nios2-elf/lib/mno-hw-mul\libsmallc.a(lib_a-vfprintf.o)
                              d:/modelsim/nios2eds/bin/gnu/h-x86_64-mingw32/bin/../lib/gcc/nios2-elf/5.3.0/../../../../../H-x86_64-mingw32/nios2-elf/lib/mno-hw-mul\libsmallc.a(lib_a-printf.o) (___vfprintf_internal_r)
d:/modelsim/nios2eds/bin/gnu/h-x86_64-mingw32/bin/../lib/gcc/nios2-elf/5.3.0/../../../../../H-x86_64-mingw32/nios2-elf/lib/mno-hw-mul\libsmallc.a(lib_a-fvwrite_small_dev.o)
                              d:/modelsim/nios2eds/bin/gnu/h-x86_64-mingw32/bin/../lib/gcc/nios2-elf/5.3.0/../../../../../H-x86_64-mingw32/nios2-elf/lib/mno-hw-mul\libsmallc.a(lib_a-printf.o) (__sfvwrite_small_dev)
d:/modelsim/nios2eds/bin/gnu/h-x86_64-mingw32/bin/../lib/gcc/nios2-elf/5.3.0/../../../../../H-x86_64-mingw32/nios2-elf/lib/mno-hw-mul\libsmallc.a(lib_a-impure.o)
                              d:/modelsim/nios2eds/bin/gnu/h-x86_64-mingw32/bin/../lib/gcc/nios2-elf/5.3.0/../../../../../H-x86_64-mingw32/nios2-elf/lib/mno-hw-mul\libsmallc.a(lib_a-printf.o) (_impure_ptr)
d:/modelsim/nios2eds/bin/gnu/h-x86_64-mingw32/bin/../lib/gcc/nios2-elf/5.3.0/../../../../../H-x86_64-mingw32/nios2-elf/lib/mno-hw-mul\libsmallc.a(lib_a-strlen.o)
                              d:/modelsim/nios2eds/bin/gnu/h-x86_64-mingw32/bin/../lib/gcc/nios2-elf/5.3.0/../../../../../H-x86_64-mingw32/nios2-elf/lib/mno-hw-mul\libsmallc.a(lib_a-vfprintf.o) (strlen)
d:/modelsim/nios2eds/bin/gnu/h-x86_64-mingw32/bin/../lib/gcc/nios2-elf/5.3.0/../../../../../H-x86_64-mingw32/nios2-elf/lib/mno-hw-mul\libsmallc.a(lib_a-writer.o)
                              d:/modelsim/nios2eds/bin/gnu/h-x86_64-mingw32/bin/../lib/gcc/nios2-elf/5.3.0/../../../../../H-x86_64-mingw32/nios2-elf/lib/mno-hw-mul\libsmallc.a(lib_a-fvwrite_small_dev.o) (_write_r)
d:/modelsim/nios2eds/bin/gnu/h-x86_64-mingw32/bin/../lib/gcc/nios2-elf/5.3.0/../../../../../H-x86_64-mingw32/nios2-elf/lib/mno-hw-mul\libsmallc.a(lib_a-int_errno.o)
                              d:/modelsim/nios2eds/bin/gnu/h-x86_64-mingw32/bin/../lib/gcc/nios2-elf/5.3.0/../../../../../H-x86_64-mingw32/nios2-elf/lib/mno-hw-mul\libsmallc.a(lib_a-writer.o) (errno)
d:/modelsim/nios2eds/bin/gnu/h-x86_64-mingw32/bin/../lib/gcc/nios2-elf/5.3.0/mno-hw-mul\libgcc.a(lib2-divmod.o)
                              d:/modelsim/nios2eds/bin/gnu/h-x86_64-mingw32/bin/../lib/gcc/nios2-elf/5.3.0/../../../../../H-x86_64-mingw32/nios2-elf/lib/mno-hw-mul\libsmallc.a(lib_a-vfprintf.o) (__udivsi3)
d:/modelsim/nios2eds/bin/gnu/h-x86_64-mingw32/bin/../lib/gcc/nios2-elf/5.3.0/mno-hw-mul\libgcc.a(lib2-mul.o)
                              d:/modelsim/nios2eds/bin/gnu/h-x86_64-mingw32/bin/../lib/gcc/nios2-elf/5.3.0/../../../../../H-x86_64-mingw32/nios2-elf/lib/mno-hw-mul\libsmallc.a(lib_a-vfprintf.o) (__mulsi3)
../nios1_bsp/\libhal_bsp.a(alt_load.o)
                              ../nios1_bsp//obj/HAL/src/crt0.o (alt_load)
../nios1_bsp/\libhal_bsp.a(alt_main.o)
                              ../nios1_bsp//obj/HAL/src/crt0.o (alt_main)
../nios1_bsp/\libhal_bsp.a(alt_usleep.o)
                              obj/default/hello_world.o (usleep)
../nios1_bsp/\libhal_bsp.a(alt_write.o)
                              d:/modelsim/nios2eds/bin/gnu/h-x86_64-mingw32/bin/../lib/gcc/nios2-elf/5.3.0/../../../../../H-x86_64-mingw32/nios2-elf/lib/mno-hw-mul\libsmallc.a(lib_a-writer.o) (write)
../nios1_bsp/\libhal_bsp.a(alt_sys_init.o)
                              ../nios1_bsp/\libhal_bsp.a(alt_main.o) (alt_irq_init)
../nios1_bsp/\libhal_bsp.a(altera_avalon_jtag_uart_fd.o)
                              ../nios1_bsp/\libhal_bsp.a(alt_sys_init.o) (altera_avalon_jtag_uart_read_fd)
../nios1_bsp/\libhal_bsp.a(altera_avalon_jtag_uart_init.o)
                              ../nios1_bsp/\libhal_bsp.a(alt_sys_init.o) (altera_avalon_jtag_uart_init)
../nios1_bsp/\libhal_bsp.a(altera_avalon_jtag_uart_ioctl.o)
                              ../nios1_bsp/\libhal_bsp.a(altera_avalon_jtag_uart_fd.o) (altera_avalon_jtag_uart_ioctl)
../nios1_bsp/\libhal_bsp.a(altera_avalon_jtag_uart_read.o)
                              ../nios1_bsp/\libhal_bsp.a(altera_avalon_jtag_uart_fd.o) (altera_avalon_jtag_uart_read)
../nios1_bsp/\libhal_bsp.a(altera_avalon_jtag_uart_write.o)
                              ../nios1_bsp/\libhal_bsp.a(altera_avalon_jtag_uart_fd.o) (altera_avalon_jtag_uart_write)
../nios1_bsp/\libhal_bsp.a(alt_alarm_start.o)
                              ../nios1_bsp/\libhal_bsp.a(altera_avalon_jtag_uart_init.o) (alt_alarm_start)
../nios1_bsp/\libhal_bsp.a(alt_busy_sleep.o)
                              ../nios1_bsp/\libhal_bsp.a(alt_usleep.o) (alt_busy_sleep)
../nios1_bsp/\libhal_bsp.a(alt_close.o)
                              ../nios1_bsp/\libhal_bsp.a(alt_main.o) (close)
../nios1_bsp/\libhal_bsp.a(alt_dcache_flush_all.o)
                              ../nios1_bsp/\libhal_bsp.a(alt_load.o) (alt_dcache_flush_all)
../nios1_bsp/\libhal_bsp.a(alt_dev.o)
                              ../nios1_bsp/\libhal_bsp.a(alt_sys_init.o) (alt_dev_list)
../nios1_bsp/\libhal_bsp.a(alt_dev_llist_insert.o)
                              ../nios1_bsp/\libhal_bsp.a(alt_sys_init.o) (alt_dev_llist_insert)
../nios1_bsp/\libhal_bsp.a(alt_errno.o)
                              ../nios1_bsp/\libhal_bsp.a(alt_write.o) (alt_errno)
../nios1_bsp/\libhal_bsp.a(alt_icache_flush_all.o)
                              ../nios1_bsp/\libhal_bsp.a(alt_load.o) (alt_icache_flush_all)
../nios1_bsp/\libhal_bsp.a(alt_iic.o)
                              ../nios1_bsp/\libhal_bsp.a(altera_avalon_jtag_uart_init.o) (alt_ic_isr_register)
../nios1_bsp/\libhal_bsp.a(alt_iic_isr_register.o)
                              ../nios1_bsp/\libhal_bsp.a(alt_iic.o) (alt_iic_isr_register)
../nios1_bsp/\libhal_bsp.a(alt_io_redirect.o)
                              ../nios1_bsp/\libhal_bsp.a(alt_main.o) (alt_io_redirect)
../nios1_bsp/\libhal_bsp.a(alt_irq_entry.o)
                              ../nios1_bsp/\libhal_bsp.a(alt_iic_isr_register.o) (alt_irq_entry)
../nios1_bsp/\libhal_bsp.a(alt_irq_handler.o)
                              ../nios1_bsp/\libhal_bsp.a(alt_iic_isr_register.o) (alt_irq)
../nios1_bsp/\libhal_bsp.a(alt_irq_vars.o)
                              ../nios1_bsp/\libhal_bsp.a(alt_iic.o) (alt_irq_active)
../nios1_bsp/\libhal_bsp.a(alt_open.o)
                              ../nios1_bsp/\libhal_bsp.a(alt_io_redirect.o) (open)
../nios1_bsp/\libhal_bsp.a(alt_release_fd.o)
                              ../nios1_bsp/\libhal_bsp.a(alt_close.o) (alt_release_fd)
../nios1_bsp/\libhal_bsp.a(alt_tick.o)
                              ../nios1_bsp/\libhal_bsp.a(altera_avalon_jtag_uart_init.o) (_alt_tick_rate)
../nios1_bsp/\libhal_bsp.a(altera_nios2_gen2_irq.o)
                              ../nios1_bsp/\libhal_bsp.a(alt_sys_init.o) (altera_nios2_gen2_irq_init)
../nios1_bsp/\libhal_bsp.a(alt_exception_entry.o)
                              ../nios1_bsp/\libhal_bsp.a(alt_irq_entry.o) (alt_exception)
../nios1_bsp/\libhal_bsp.a(alt_find_dev.o)
                              ../nios1_bsp/\libhal_bsp.a(alt_open.o) (alt_find_dev)
../nios1_bsp/\libhal_bsp.a(alt_find_file.o)
                              ../nios1_bsp/\libhal_bsp.a(alt_open.o) (alt_find_file)
../nios1_bsp/\libhal_bsp.a(alt_get_fd.o)
                              ../nios1_bsp/\libhal_bsp.a(alt_open.o) (alt_get_fd)
../nios1_bsp/\libhal_bsp.a(alt_instruction_exception_entry.o)
                              ../nios1_bsp/\libhal_bsp.a(alt_exception_entry.o) (alt_instruction_exception_entry)
d:/modelsim/nios2eds/bin/gnu/h-x86_64-mingw32/bin/../lib/gcc/nios2-elf/5.3.0/../../../../../H-x86_64-mingw32/nios2-elf/lib/mno-hw-mul\libsmallc.a(lib_a-exit.o)
                              ../nios1_bsp/\libhal_bsp.a(alt_main.o) (exit)
d:/modelsim/nios2eds/bin/gnu/h-x86_64-mingw32/bin/../lib/gcc/nios2-elf/5.3.0/../../../../../H-x86_64-mingw32/nios2-elf/lib/mno-hw-mul\libsmallc.a(lib_a-memcmp.o)
                              ../nios1_bsp/\libhal_bsp.a(alt_find_dev.o) (memcmp)
d:/modelsim/nios2eds/bin/gnu/h-x86_64-mingw32/bin/../lib/gcc/nios2-elf/5.3.0/../../../../../H-x86_64-mingw32/nios2-elf/lib/mno-hw-mul\libsmallc.a(lib_a-memcpy.o)
                              ../nios1_bsp/\libhal_bsp.a(altera_avalon_jtag_uart_read.o) (memcpy)
d:/modelsim/nios2eds/bin/gnu/h-x86_64-mingw32/bin/../lib/gcc/nios2-elf/5.3.0/../../../../../H-x86_64-mingw32/nios2-elf/lib/mno-hw-mul\libsmallc.a(lib_a-__call_atexit.o)
                              d:/modelsim/nios2eds/bin/gnu/h-x86_64-mingw32/bin/../lib/gcc/nios2-elf/5.3.0/../../../../../H-x86_64-mingw32/nios2-elf/lib/mno-hw-mul\libsmallc.a(lib_a-exit.o) (__call_exitprocs)
../nios1_bsp/\libhal_bsp.a(alt_exit.o)
                              d:/modelsim/nios2eds/bin/gnu/h-x86_64-mingw32/bin/../lib/gcc/nios2-elf/5.3.0/../../../../../H-x86_64-mingw32/nios2-elf/lib/mno-hw-mul\libsmallc.a(lib_a-exit.o) (_exit)

Allocating common symbols
Common symbol       size              file

alt_irq             0x100             ../nios1_bsp/\libhal_bsp.a(alt_irq_handler.o)
errno               0x4               d:/modelsim/nios2eds/bin/gnu/h-x86_64-mingw32/bin/../lib/gcc/nios2-elf/5.3.0/../../../../../H-x86_64-mingw32/nios2-elf/lib/mno-hw-mul\libsmallc.a(lib_a-int_errno.o)
data                0x1               obj/default/hello_world.o

Memory Configuration

Name             Origin             Length             Attributes
reset            0x0000000000010000 0x0000000000000020
onchip_memory2_0 0x0000000000010020 0x0000000000009c20
*default*        0x0000000000000000 0xffffffffffffffff

Linker script and memory map

LOAD ../nios1_bsp//obj/HAL/src/crt0.o
LOAD obj/default/hello_world.o
LOAD d:/modelsim/nios2eds/bin/gnu/h-x86_64-mingw32/bin/../lib/gcc/nios2-elf/5.3.0/../../../../../H-x86_64-mingw32/nios2-elf/lib/mno-hw-mul\libstdc++.a
LOAD d:/modelsim/nios2eds/bin/gnu/h-x86_64-mingw32/bin/../lib/gcc/nios2-elf/5.3.0/../../../../../H-x86_64-mingw32/nios2-elf/lib/mno-hw-mul\libm.a
LOAD d:/modelsim/nios2eds/bin/gnu/h-x86_64-mingw32/bin/../lib/gcc/nios2-elf/5.3.0/mno-hw-mul\libgcc.a
START GROUP
LOAD d:/modelsim/nios2eds/bin/gnu/h-x86_64-mingw32/bin/../lib/gcc/nios2-elf/5.3.0/../../../../../H-x86_64-mingw32/nios2-elf/lib/mno-hw-mul\libsmallc.a
LOAD d:/modelsim/nios2eds/bin/gnu/h-x86_64-mingw32/bin/../lib/gcc/nios2-elf/5.3.0/mno-hw-mul\libgcc.a
LOAD ../nios1_bsp/\libhal_bsp.a
LOAD d:/modelsim/nios2eds/bin/gnu/h-x86_64-mingw32/bin/../lib/gcc/nios2-elf/5.3.0/../../../../../H-x86_64-mingw32/nios2-elf/lib/mno-hw-mul\libm.a
END GROUP
LOAD d:/modelsim/nios2eds/bin/gnu/h-x86_64-mingw32/bin/../lib/gcc/nios2-elf/5.3.0/mno-hw-mul\libgcc.a
                0x0000000000010000                __alt_mem_onchip_memory2_0 = 0x10000

.entry          0x0000000000010000       0x20
 *(.entry)
 .entry         0x0000000000010000       0x20 ../nios1_bsp//obj/HAL/src/crt0.o
                0x0000000000010000                __reset

.exceptions     0x0000000000010020      0x210
                0x0000000000010020                PROVIDE (__ram_exceptions_start, ABSOLUTE (.))
                0x0000000000010020                . = ALIGN (0x20)
 *(.irq)
 *(.exceptions.entry.label)
 .exceptions.entry.label
                0x0000000000010020        0x0 ../nios1_bsp/\libhal_bsp.a(alt_irq_entry.o)
                0x0000000000010020                alt_irq_entry
 .exceptions.entry.label
                0x0000000000010020        0x0 ../nios1_bsp/\libhal_bsp.a(alt_exception_entry.o)
                0x0000000000010020                alt_exception
 *(.exceptions.entry.user)
 *(.exceptions.entry.ecc_fatal)
 *(.exceptions.entry)
 .exceptions.entry
                0x0000000000010020       0x54 ../nios1_bsp/\libhal_bsp.a(alt_exception_entry.o)
 *(.exceptions.irqtest.user)
 *(.exceptions.irqtest)
 .exceptions.irqtest
                0x0000000000010074       0x10 ../nios1_bsp/\libhal_bsp.a(alt_irq_entry.o)
 *(.exceptions.irqhandler.user)
 *(.exceptions.irqhandler)
 .exceptions.irqhandler
                0x0000000000010084        0x4 ../nios1_bsp/\libhal_bsp.a(alt_irq_entry.o)
 *(.exceptions.irqreturn.user)
 *(.exceptions.irqreturn)
 .exceptions.irqreturn
                0x0000000000010088        0x4 ../nios1_bsp/\libhal_bsp.a(alt_irq_entry.o)
 *(.exceptions.notirq.label)
 .exceptions.notirq.label
                0x000000000001008c        0x0 ../nios1_bsp/\libhal_bsp.a(alt_irq_entry.o)
 *(.exceptions.notirq.user)
 *(.exceptions.notirq)
 .exceptions.notirq
                0x000000000001008c        0x8 ../nios1_bsp/\libhal_bsp.a(alt_exception_entry.o)
 *(.exceptions.soft.user)
 *(.exceptions.soft)
 *(.exceptions.unknown.user)
 *(.exceptions.unknown)
 .exceptions.unknown
                0x0000000000010094       0x14 ../nios1_bsp/\libhal_bsp.a(alt_exception_entry.o)
 *(.exceptions.exit.label)
 .exceptions.exit.label
                0x00000000000100a8        0x0 ../nios1_bsp/\libhal_bsp.a(alt_irq_entry.o)
 .exceptions.exit.label
                0x00000000000100a8        0x0 ../nios1_bsp/\libhal_bsp.a(alt_exception_entry.o)
 *(.exceptions.exit.user)
 *(.exceptions.exit)
 .exceptions.exit
                0x00000000000100a8       0x54 ../nios1_bsp/\libhal_bsp.a(alt_exception_entry.o)
 *(.exceptions)
 .exceptions    0x00000000000100fc       0xd4 ../nios1_bsp/\libhal_bsp.a(alt_irq_handler.o)
                0x00000000000100fc                alt_irq_handler
 .exceptions    0x00000000000101d0       0x60 ../nios1_bsp/\libhal_bsp.a(alt_instruction_exception_entry.o)
                0x00000000000101d0                alt_instruction_exception_entry
                0x0000000000010230                PROVIDE (__ram_exceptions_end, ABSOLUTE (.))
                0x0000000000010020                PROVIDE (__flash_exceptions_start, LOADADDR (.exceptions))

.text           0x0000000000010230     0x2aa8
                [!provide]                        PROVIDE (stext, ABSOLUTE (.))
 *(.interp)
 *(.hash)
 *(.dynsym)
 *(.dynstr)
 *(.gnu.version)
 *(.gnu.version_d)
 *(.gnu.version_r)
 *(.rel.init)
 *(.rela.init)
 *(.rel.text .rel.text.* .rel.gnu.linkonce.t.*)
 *(.rela.text .rela.text.* .rela.gnu.linkonce.t.*)
 *(.rel.fini)
 *(.rela.fini)
 *(.rel.rodata .rel.rodata.* .rel.gnu.linkonce.r.*)
 *(.rela.rodata .rela.rodata.* .rela.gnu.linkonce.r.*)
 *(.rel.data .rel.data.* .rel.gnu.linkonce.d.*)
 *(.rela.data .rela.data.* .rela.gnu.linkonce.d.*)
 *(.rel.tdata .rel.tdata.* .rel.gnu.linkonce.td.*)
 *(.rela.tdata .rela.tdata.* .rela.gnu.linkonce.td.*)
 *(.rel.tbss .rel.tbss.* .rel.gnu.linkonce.tb.*)
 *(.rela.tbss .rela.tbss.* .rela.gnu.linkonce.tb.*)
 *(.rel.ctors)
 *(.rela.ctors)
 *(.rel.dtors)
 *(.rela.dtors)
 *(.rel.got)
 *(.rela.got)
 *(.rel.sdata .rel.sdata.* .rel.gnu.linkonce.s.*)
 *(.rela.sdata .rela.sdata.* .rela.gnu.linkonce.s.*)
 *(.rel.sbss .rel.sbss.* .rel.gnu.linkonce.sb.*)
 *(.rela.sbss .rela.sbss.* .rela.gnu.linkonce.sb.*)
 *(.rel.sdata2 .rel.sdata2.* .rel.gnu.linkonce.s2.*)
 *(.rela.sdata2 .rela.sdata2.* .rela.gnu.linkonce.s2.*)
 *(.rel.sbss2 .rel.sbss2.* .rel.gnu.linkonce.sb2.*)
 *(.rela.sbss2 .rela.sbss2.* .rela.gnu.linkonce.sb2.*)
 *(.rel.bss .rel.bss.* .rel.gnu.linkonce.b.*)
 *(.rela.bss .rela.bss.* .rela.gnu.linkonce.b.*)
 *(.rel.plt)
 *(.rela.plt)
 *(.rel.dyn)
 *(.init)
 *(.plt)
 *(.text .stub .text.* .gnu.linkonce.t.*)
 .text          0x0000000000010230       0x3c ../nios1_bsp//obj/HAL/src/crt0.o
                0x0000000000010230                _start
 .text          0x000000000001026c       0x5c obj/default/hello_world.o
                0x000000000001026c                main
 .text          0x00000000000102c8        0x0 d:/modelsim/nios2eds/bin/gnu/h-x86_64-mingw32/bin/../lib/gcc/nios2-elf/5.3.0/../../../../../H-x86_64-mingw32/nios2-elf/lib/mno-hw-mul\libsmallc.a(lib_a-printf.o)
 .text._printf_r
                0x00000000000102c8       0x3c d:/modelsim/nios2eds/bin/gnu/h-x86_64-mingw32/bin/../lib/gcc/nios2-elf/5.3.0/../../../../../H-x86_64-mingw32/nios2-elf/lib/mno-hw-mul\libsmallc.a(lib_a-printf.o)
                0x00000000000102c8                _printf_r
 .text.printf   0x0000000000010304       0x4c d:/modelsim/nios2eds/bin/gnu/h-x86_64-mingw32/bin/../lib/gcc/nios2-elf/5.3.0/../../../../../H-x86_64-mingw32/nios2-elf/lib/mno-hw-mul\libsmallc.a(lib_a-printf.o)
                0x0000000000010304                printf
 .text          0x0000000000010350        0x0 d:/modelsim/nios2eds/bin/gnu/h-x86_64-mingw32/bin/../lib/gcc/nios2-elf/5.3.0/../../../../../H-x86_64-mingw32/nios2-elf/lib/mno-hw-mul\libsmallc.a(lib_a-vfprintf.o)
 .text.print_repeat
                0x0000000000010350       0x6c d:/modelsim/nios2eds/bin/gnu/h-x86_64-mingw32/bin/../lib/gcc/nios2-elf/5.3.0/../../../../../H-x86_64-mingw32/nios2-elf/lib/mno-hw-mul\libsmallc.a(lib_a-vfprintf.o)
 .text.___vfprintf_internal_r
                0x00000000000103bc      0x52c d:/modelsim/nios2eds/bin/gnu/h-x86_64-mingw32/bin/../lib/gcc/nios2-elf/5.3.0/../../../../../H-x86_64-mingw32/nios2-elf/lib/mno-hw-mul\libsmallc.a(lib_a-vfprintf.o)
                0x00000000000103bc                ___vfprintf_internal_r
 .text.__vfprintf_internal
                0x00000000000108e8       0x1c d:/modelsim/nios2eds/bin/gnu/h-x86_64-mingw32/bin/../lib/gcc/nios2-elf/5.3.0/../../../../../H-x86_64-mingw32/nios2-elf/lib/mno-hw-mul\libsmallc.a(lib_a-vfprintf.o)
                0x00000000000108e8                __vfprintf_internal
 .text          0x0000000000010904        0x0 d:/modelsim/nios2eds/bin/gnu/h-x86_64-mingw32/bin/../lib/gcc/nios2-elf/5.3.0/../../../../../H-x86_64-mingw32/nios2-elf/lib/mno-hw-mul\libsmallc.a(lib_a-fvwrite_small_dev.o)
 .text.__sfvwrite_small_dev
                0x0000000000010904       0xb8 d:/modelsim/nios2eds/bin/gnu/h-x86_64-mingw32/bin/../lib/gcc/nios2-elf/5.3.0/../../../../../H-x86_64-mingw32/nios2-elf/lib/mno-hw-mul\libsmallc.a(lib_a-fvwrite_small_dev.o)
                0x0000000000010904                __sfvwrite_small_dev
 .text          0x00000000000109bc        0x0 d:/modelsim/nios2eds/bin/gnu/h-x86_64-mingw32/bin/../lib/gcc/nios2-elf/5.3.0/../../../../../H-x86_64-mingw32/nios2-elf/lib/mno-hw-mul\libsmallc.a(lib_a-impure.o)
 .text          0x00000000000109bc        0x0 d:/modelsim/nios2eds/bin/gnu/h-x86_64-mingw32/bin/../lib/gcc/nios2-elf/5.3.0/../../../../../H-x86_64-mingw32/nios2-elf/lib/mno-hw-mul\libsmallc.a(lib_a-strlen.o)
 .text.strlen   0x00000000000109bc       0x1c d:/modelsim/nios2eds/bin/gnu/h-x86_64-mingw32/bin/../lib/gcc/nios2-elf/5.3.0/../../../../../H-x86_64-mingw32/nios2-elf/lib/mno-hw-mul\libsmallc.a(lib_a-strlen.o)
                0x00000000000109bc                strlen
 .text          0x00000000000109d8        0x0 d:/modelsim/nios2eds/bin/gnu/h-x86_64-mingw32/bin/../lib/gcc/nios2-elf/5.3.0/../../../../../H-x86_64-mingw32/nios2-elf/lib/mno-hw-mul\libsmallc.a(lib_a-writer.o)
 .text._write_r
                0x00000000000109d8       0x58 d:/modelsim/nios2eds/bin/gnu/h-x86_64-mingw32/bin/../lib/gcc/nios2-elf/5.3.0/../../../../../H-x86_64-mingw32/nios2-elf/lib/mno-hw-mul\libsmallc.a(lib_a-writer.o)
                0x00000000000109d8                _write_r
 .text          0x0000000000010a30        0x0 d:/modelsim/nios2eds/bin/gnu/h-x86_64-mingw32/bin/../lib/gcc/nios2-elf/5.3.0/../../../../../H-x86_64-mingw32/nios2-elf/lib/mno-hw-mul\libsmallc.a(lib_a-int_errno.o)
 .text          0x0000000000010a30      0x1b4 d:/modelsim/nios2eds/bin/gnu/h-x86_64-mingw32/bin/../lib/gcc/nios2-elf/5.3.0/mno-hw-mul\libgcc.a(lib2-divmod.o)
                0x0000000000010a30                __divsi3
                0x0000000000010ab4                __modsi3
                0x0000000000010b28                __udivsi3
                0x0000000000010b8c                __umodsi3
 .text          0x0000000000010be4       0x28 d:/modelsim/nios2eds/bin/gnu/h-x86_64-mingw32/bin/../lib/gcc/nios2-elf/5.3.0/mno-hw-mul\libgcc.a(lib2-mul.o)
                0x0000000000010be4                __mulsi3
 .text          0x0000000000010c0c       0xec ../nios1_bsp/\libhal_bsp.a(alt_load.o)
                0x0000000000010c74                alt_load
 .text          0x0000000000010cf8       0x6c ../nios1_bsp/\libhal_bsp.a(alt_main.o)
                0x0000000000010cf8                alt_main
 .text          0x0000000000010d64       0x30 ../nios1_bsp/\libhal_bsp.a(alt_usleep.o)
                0x0000000000010d64                usleep
 .text          0x0000000000010d94      0x13c ../nios1_bsp/\libhal_bsp.a(alt_write.o)
                0x0000000000010dd0                write
 .text          0x0000000000010ed0       0xb8 ../nios1_bsp/\libhal_bsp.a(alt_sys_init.o)
                0x0000000000010f04                alt_irq_init
                0x0000000000010f3c                alt_sys_init
 .text          0x0000000000010f88      0x164 ../nios1_bsp/\libhal_bsp.a(altera_avalon_jtag_uart_fd.o)
                0x0000000000010f88                altera_avalon_jtag_uart_read_fd
                0x0000000000010fe8                altera_avalon_jtag_uart_write_fd
                0x0000000000011048                altera_avalon_jtag_uart_close_fd
                0x0000000000011098                altera_avalon_jtag_uart_ioctl_fd
 .text          0x00000000000110ec      0x3d4 ../nios1_bsp/\libhal_bsp.a(altera_avalon_jtag_uart_init.o)
                0x00000000000110ec                altera_avalon_jtag_uart_init
                0x0000000000011458                altera_avalon_jtag_uart_close
 .text          0x00000000000114c0       0xf0 ../nios1_bsp/\libhal_bsp.a(altera_avalon_jtag_uart_ioctl.o)
                0x00000000000114c0                altera_avalon_jtag_uart_ioctl
 .text          0x00000000000115b0      0x21c ../nios1_bsp/\libhal_bsp.a(altera_avalon_jtag_uart_read.o)
                0x00000000000115b0                altera_avalon_jtag_uart_read
 .text          0x00000000000117cc      0x224 ../nios1_bsp/\libhal_bsp.a(altera_avalon_jtag_uart_write.o)
                0x00000000000117cc                altera_avalon_jtag_uart_write
 .text          0x00000000000119f0      0x12c ../nios1_bsp/\libhal_bsp.a(alt_alarm_start.o)
                0x00000000000119f0                alt_alarm_start
 .text          0x0000000000011b1c      0x158 ../nios1_bsp/\libhal_bsp.a(alt_busy_sleep.o)
                0x0000000000011b1c                alt_busy_sleep
 .text          0x0000000000011c74      0x114 ../nios1_bsp/\libhal_bsp.a(alt_close.o)
                0x0000000000011cb0                close
 .text          0x0000000000011d88       0x20 ../nios1_bsp/\libhal_bsp.a(alt_dcache_flush_all.o)
                0x0000000000011d88                alt_dcache_flush_all
 .text          0x0000000000011da8       0x2c ../nios1_bsp/\libhal_bsp.a(alt_dev.o)
 .text          0x0000000000011dd4       0xe0 ../nios1_bsp/\libhal_bsp.a(alt_dev_llist_insert.o)
                0x0000000000011e10                alt_dev_llist_insert
 .text          0x0000000000011eb4        0x0 ../nios1_bsp/\libhal_bsp.a(alt_errno.o)
 .text          0x0000000000011eb4       0x20 ../nios1_bsp/\libhal_bsp.a(alt_icache_flush_all.o)
                0x0000000000011eb4                alt_icache_flush_all
 .text          0x0000000000011ed4      0x1b0 ../nios1_bsp/\libhal_bsp.a(alt_iic.o)
                0x0000000000011ed4                alt_ic_isr_register
                0x0000000000011f24                alt_ic_irq_enable
                0x0000000000011fac                alt_ic_irq_disable
                0x0000000000012038                alt_ic_irq_enabled
 .text          0x0000000000012084       0xf0 ../nios1_bsp/\libhal_bsp.a(alt_iic_isr_register.o)
                0x0000000000012084                alt_iic_isr_register
 .text          0x0000000000012174      0x160 ../nios1_bsp/\libhal_bsp.a(alt_io_redirect.o)
                0x0000000000012258                alt_io_redirect
 .text          0x00000000000122d4        0x0 ../nios1_bsp/\libhal_bsp.a(alt_irq_entry.o)
 .text          0x00000000000122d4        0x0 ../nios1_bsp/\libhal_bsp.a(alt_irq_handler.o)
 .text          0x00000000000122d4        0x0 ../nios1_bsp/\libhal_bsp.a(alt_irq_vars.o)
 .text          0x00000000000122d4      0x284 ../nios1_bsp/\libhal_bsp.a(alt_open.o)
                0x00000000000123fc                open
 .text          0x0000000000012558       0x84 ../nios1_bsp/\libhal_bsp.a(alt_release_fd.o)
                0x0000000000012558                alt_release_fd
 .text          0x00000000000125dc      0x1a4 ../nios1_bsp/\libhal_bsp.a(alt_tick.o)
                0x00000000000125dc                alt_alarm_stop
                0x0000000000012678                alt_tick
 .text          0x0000000000012780       0x24 ../nios1_bsp/\libhal_bsp.a(altera_nios2_gen2_irq.o)
                0x0000000000012780                altera_nios2_gen2_irq_init
 .text          0x00000000000127a4        0x0 ../nios1_bsp/\libhal_bsp.a(alt_exception_entry.o)
 .text          0x00000000000127a4       0x90 ../nios1_bsp/\libhal_bsp.a(alt_find_dev.o)
                0x00000000000127a4                alt_find_dev
 .text          0x0000000000012834      0x108 ../nios1_bsp/\libhal_bsp.a(alt_find_file.o)
                0x0000000000012834                alt_find_file
 .text          0x000000000001293c       0xc4 ../nios1_bsp/\libhal_bsp.a(alt_get_fd.o)
                0x000000000001293c                alt_get_fd
 .text          0x0000000000012a00       0x9c ../nios1_bsp/\libhal_bsp.a(alt_instruction_exception_entry.o)
                0x0000000000012a00                alt_exception_cause_generated_bad_addr
 .text          0x0000000000012a9c        0x0 d:/modelsim/nios2eds/bin/gnu/h-x86_64-mingw32/bin/../lib/gcc/nios2-elf/5.3.0/../../../../../H-x86_64-mingw32/nios2-elf/lib/mno-hw-mul\libsmallc.a(lib_a-exit.o)
 .text.exit     0x0000000000012a9c       0x20 d:/modelsim/nios2eds/bin/gnu/h-x86_64-mingw32/bin/../lib/gcc/nios2-elf/5.3.0/../../../../../H-x86_64-mingw32/nios2-elf/lib/mno-hw-mul\libsmallc.a(lib_a-exit.o)
                0x0000000000012a9c                exit
 .text          0x0000000000012abc        0x0 d:/modelsim/nios2eds/bin/gnu/h-x86_64-mingw32/bin/../lib/gcc/nios2-elf/5.3.0/../../../../../H-x86_64-mingw32/nios2-elf/lib/mno-hw-mul\libsmallc.a(lib_a-memcmp.o)
 .text.memcmp   0x0000000000012abc       0x30 d:/modelsim/nios2eds/bin/gnu/h-x86_64-mingw32/bin/../lib/gcc/nios2-elf/5.3.0/../../../../../H-x86_64-mingw32/nios2-elf/lib/mno-hw-mul\libsmallc.a(lib_a-memcmp.o)
                0x0000000000012abc                memcmp
 .text          0x0000000000012aec        0x0 d:/modelsim/nios2eds/bin/gnu/h-x86_64-mingw32/bin/../lib/gcc/nios2-elf/5.3.0/../../../../../H-x86_64-mingw32/nios2-elf/lib/mno-hw-mul\libsmallc.a(lib_a-memcpy.o)
 .text.memcpy   0x0000000000012aec       0x28 d:/modelsim/nios2eds/bin/gnu/h-x86_64-mingw32/bin/../lib/gcc/nios2-elf/5.3.0/../../../../../H-x86_64-mingw32/nios2-elf/lib/mno-hw-mul\libsmallc.a(lib_a-memcpy.o)
                0x0000000000012aec                memcpy
 .text          0x0000000000012b14        0x0 d:/modelsim/nios2eds/bin/gnu/h-x86_64-mingw32/bin/../lib/gcc/nios2-elf/5.3.0/../../../../../H-x86_64-mingw32/nios2-elf/lib/mno-hw-mul\libsmallc.a(lib_a-__call_atexit.o)
 .text.__call_exitprocs
                0x0000000000012b14      0x190 d:/modelsim/nios2eds/bin/gnu/h-x86_64-mingw32/bin/../lib/gcc/nios2-elf/5.3.0/../../../../../H-x86_64-mingw32/nios2-elf/lib/mno-hw-mul\libsmallc.a(lib_a-__call_atexit.o)
                0x0000000000012b14                __call_exitprocs
 .text          0x0000000000012ca4       0x34 ../nios1_bsp/\libhal_bsp.a(alt_exit.o)
                0x0000000000012ca4                _exit
 *(.gnu.warning.*)
 *(.fini)
                [!provide]                        PROVIDE (__etext, ABSOLUTE (.))
                [!provide]                        PROVIDE (_etext, ABSOLUTE (.))
                [!provide]                        PROVIDE (etext, ABSOLUTE (.))
 *(.eh_frame_hdr)
                0x0000000000012cd8                . = ALIGN (0x4)
                [!provide]                        PROVIDE (__preinit_array_start, ABSOLUTE (.))
 *(.preinit_array)
                [!provide]                        PROVIDE (__preinit_array_end, ABSOLUTE (.))
                [!provide]                        PROVIDE (__init_array_start, ABSOLUTE (.))
 *(.init_array)
                [!provide]                        PROVIDE (__init_array_end, ABSOLUTE (.))
                [!provide]                        PROVIDE (__fini_array_start, ABSOLUTE (.))
 *(.fini_array)
                [!provide]                        PROVIDE (__fini_array_end, ABSOLUTE (.))
 *(.eh_frame)
 *(.gcc_except_table .gcc_except_table.*)
 *(.dynamic)
                [!provide]                        PROVIDE (__CTOR_LIST__, ABSOLUTE (.))
 *(.ctors)
 *(SORT(.ctors.*))
                [!provide]                        PROVIDE (__CTOR_END__, ABSOLUTE (.))
                [!provide]                        PROVIDE (__DTOR_LIST__, ABSOLUTE (.))
 *(.dtors)
 *(SORT(.dtors.*))
                [!provide]                        PROVIDE (__DTOR_END__, ABSOLUTE (.))
 *(.jcr)
                0x0000000000012cd8                . = ALIGN (0x4)

.rodata         0x0000000000012cd8       0x40
                0x0000000000012cd8                PROVIDE (__ram_rodata_start, ABSOLUTE (.))
                0x0000000000012cd8                . = ALIGN (0x4)
 *(.rodata .rodata.* .gnu.linkonce.r.*)
 .rodata        0x0000000000012cd8        0xc obj/default/hello_world.o
 .rodata        0x0000000000012ce4       0x11 ../nios1_bsp/\libhal_bsp.a(alt_main.o)
 *fill*         0x0000000000012cf5        0x3 
 .rodata        0x0000000000012cf8       0x11 ../nios1_bsp/\libhal_bsp.a(alt_sys_init.o)
 *fill*         0x0000000000012d09        0x3 
 .rodata        0x0000000000012d0c        0xa ../nios1_bsp/\libhal_bsp.a(alt_dev.o)
 *(.rodata1)
                0x0000000000012d18                . = ALIGN (0x4)
 *fill*         0x0000000000012d16        0x2 
                0x0000000000012d18                PROVIDE (__ram_rodata_end, ABSOLUTE (.))
                0x0000000000012cd8                PROVIDE (__flash_rodata_start, LOADADDR (.rodata))

.rwdata         0x0000000000012d18     0x1314 load address 0x000000000001402c
                0x0000000000012d18                PROVIDE (__ram_rwdata_start, ABSOLUTE (.))
                0x0000000000012d18                . = ALIGN (0x4)
 *(.got.plt)
 *(.got)
 *(.data1)
 *(.data .data.* .gnu.linkonce.d.*)
 .data          0x0000000000012d18        0x0 ../nios1_bsp//obj/HAL/src/crt0.o
 .data          0x0000000000012d18        0x0 obj/default/hello_world.o
 .data          0x0000000000012d18        0x0 d:/modelsim/nios2eds/bin/gnu/h-x86_64-mingw32/bin/../lib/gcc/nios2-elf/5.3.0/../../../../../H-x86_64-mingw32/nios2-elf/lib/mno-hw-mul\libsmallc.a(lib_a-printf.o)
 .data          0x0000000000012d18        0x0 d:/modelsim/nios2eds/bin/gnu/h-x86_64-mingw32/bin/../lib/gcc/nios2-elf/5.3.0/../../../../../H-x86_64-mingw32/nios2-elf/lib/mno-hw-mul\libsmallc.a(lib_a-vfprintf.o)
 .data          0x0000000000012d18        0x0 d:/modelsim/nios2eds/bin/gnu/h-x86_64-mingw32/bin/../lib/gcc/nios2-elf/5.3.0/../../../../../H-x86_64-mingw32/nios2-elf/lib/mno-hw-mul\libsmallc.a(lib_a-fvwrite_small_dev.o)
 .data          0x0000000000012d18        0x0 d:/modelsim/nios2eds/bin/gnu/h-x86_64-mingw32/bin/../lib/gcc/nios2-elf/5.3.0/../../../../../H-x86_64-mingw32/nios2-elf/lib/mno-hw-mul\libsmallc.a(lib_a-impure.o)
 .data.impure_data
                0x0000000000012d18       0xe0 d:/modelsim/nios2eds/bin/gnu/h-x86_64-mingw32/bin/../lib/gcc/nios2-elf/5.3.0/../../../../../H-x86_64-mingw32/nios2-elf/lib/mno-hw-mul\libsmallc.a(lib_a-impure.o)
 .data          0x0000000000012df8        0x0 d:/modelsim/nios2eds/bin/gnu/h-x86_64-mingw32/bin/../lib/gcc/nios2-elf/5.3.0/../../../../../H-x86_64-mingw32/nios2-elf/lib/mno-hw-mul\libsmallc.a(lib_a-strlen.o)
 .data          0x0000000000012df8        0x0 d:/modelsim/nios2eds/bin/gnu/h-x86_64-mingw32/bin/../lib/gcc/nios2-elf/5.3.0/../../../../../H-x86_64-mingw32/nios2-elf/lib/mno-hw-mul\libsmallc.a(lib_a-writer.o)
 .data          0x0000000000012df8        0x0 d:/modelsim/nios2eds/bin/gnu/h-x86_64-mingw32/bin/../lib/gcc/nios2-elf/5.3.0/../../../../../H-x86_64-mingw32/nios2-elf/lib/mno-hw-mul\libsmallc.a(lib_a-int_errno.o)
 .data          0x0000000000012df8        0x0 d:/modelsim/nios2eds/bin/gnu/h-x86_64-mingw32/bin/../lib/gcc/nios2-elf/5.3.0/mno-hw-mul\libgcc.a(lib2-divmod.o)
 .data          0x0000000000012df8        0x0 d:/modelsim/nios2eds/bin/gnu/h-x86_64-mingw32/bin/../lib/gcc/nios2-elf/5.3.0/mno-hw-mul\libgcc.a(lib2-mul.o)
 .data          0x0000000000012df8        0x0 ../nios1_bsp/\libhal_bsp.a(alt_load.o)
 .data          0x0000000000012df8        0x0 ../nios1_bsp/\libhal_bsp.a(alt_main.o)
 .data          0x0000000000012df8        0x0 ../nios1_bsp/\libhal_bsp.a(alt_usleep.o)
 .data          0x0000000000012df8        0x0 ../nios1_bsp/\libhal_bsp.a(alt_write.o)
 .data          0x0000000000012df8     0x1060 ../nios1_bsp/\libhal_bsp.a(alt_sys_init.o)
 .data          0x0000000000013e58        0x0 ../nios1_bsp/\libhal_bsp.a(altera_avalon_jtag_uart_fd.o)
 .data          0x0000000000013e58        0x0 ../nios1_bsp/\libhal_bsp.a(altera_avalon_jtag_uart_init.o)
 .data          0x0000000000013e58        0x0 ../nios1_bsp/\libhal_bsp.a(altera_avalon_jtag_uart_ioctl.o)
 .data          0x0000000000013e58        0x0 ../nios1_bsp/\libhal_bsp.a(altera_avalon_jtag_uart_read.o)
 .data          0x0000000000013e58        0x0 ../nios1_bsp/\libhal_bsp.a(altera_avalon_jtag_uart_write.o)
 .data          0x0000000000013e58        0x0 ../nios1_bsp/\libhal_bsp.a(alt_alarm_start.o)
 .data          0x0000000000013e58        0x0 ../nios1_bsp/\libhal_bsp.a(alt_busy_sleep.o)
 .data          0x0000000000013e58        0x0 ../nios1_bsp/\libhal_bsp.a(alt_close.o)
 .data          0x0000000000013e58        0x0 ../nios1_bsp/\libhal_bsp.a(alt_dcache_flush_all.o)
 .data          0x0000000000013e58      0x1a8 ../nios1_bsp/\libhal_bsp.a(alt_dev.o)
                0x0000000000013e58                alt_dev_null
                0x0000000000013e80                alt_fd_list
 .data          0x0000000000014000        0x0 ../nios1_bsp/\libhal_bsp.a(alt_dev_llist_insert.o)
 .data          0x0000000000014000        0x0 ../nios1_bsp/\libhal_bsp.a(alt_errno.o)
 .data          0x0000000000014000        0x0 ../nios1_bsp/\libhal_bsp.a(alt_icache_flush_all.o)
 .data          0x0000000000014000        0x0 ../nios1_bsp/\libhal_bsp.a(alt_iic.o)
 .data          0x0000000000014000        0x0 ../nios1_bsp/\libhal_bsp.a(alt_iic_isr_register.o)
 .data          0x0000000000014000        0x0 ../nios1_bsp/\libhal_bsp.a(alt_io_redirect.o)
 .data          0x0000000000014000        0x0 ../nios1_bsp/\libhal_bsp.a(alt_irq_entry.o)
 .data          0x0000000000014000        0x0 ../nios1_bsp/\libhal_bsp.a(alt_irq_handler.o)
 .data          0x0000000000014000        0x0 ../nios1_bsp/\libhal_bsp.a(alt_irq_vars.o)
 .data          0x0000000000014000        0x0 ../nios1_bsp/\libhal_bsp.a(alt_open.o)
 .data          0x0000000000014000        0x0 ../nios1_bsp/\libhal_bsp.a(alt_release_fd.o)
 .data          0x0000000000014000        0x0 ../nios1_bsp/\libhal_bsp.a(alt_tick.o)
 .data          0x0000000000014000        0x0 ../nios1_bsp/\libhal_bsp.a(altera_nios2_gen2_irq.o)
 .data          0x0000000000014000        0x0 ../nios1_bsp/\libhal_bsp.a(alt_exception_entry.o)
 .data          0x0000000000014000        0x0 ../nios1_bsp/\libhal_bsp.a(alt_find_dev.o)
 .data          0x0000000000014000        0x0 ../nios1_bsp/\libhal_bsp.a(alt_find_file.o)
 .data          0x0000000000014000        0x0 ../nios1_bsp/\libhal_bsp.a(alt_get_fd.o)
 .data          0x0000000000014000        0x0 ../nios1_bsp/\libhal_bsp.a(alt_instruction_exception_entry.o)
 .data          0x0000000000014000        0x0 d:/modelsim/nios2eds/bin/gnu/h-x86_64-mingw32/bin/../lib/gcc/nios2-elf/5.3.0/../../../../../H-x86_64-mingw32/nios2-elf/lib/mno-hw-mul\libsmallc.a(lib_a-exit.o)
 .data          0x0000000000014000        0x0 d:/modelsim/nios2eds/bin/gnu/h-x86_64-mingw32/bin/../lib/gcc/nios2-elf/5.3.0/../../../../../H-x86_64-mingw32/nios2-elf/lib/mno-hw-mul\libsmallc.a(lib_a-memcmp.o)
 .data          0x0000000000014000        0x0 d:/modelsim/nios2eds/bin/gnu/h-x86_64-mingw32/bin/../lib/gcc/nios2-elf/5.3.0/../../../../../H-x86_64-mingw32/nios2-elf/lib/mno-hw-mul\libsmallc.a(lib_a-memcpy.o)
 .data          0x0000000000014000        0x0 d:/modelsim/nios2eds/bin/gnu/h-x86_64-mingw32/bin/../lib/gcc/nios2-elf/5.3.0/../../../../../H-x86_64-mingw32/nios2-elf/lib/mno-hw-mul\libsmallc.a(lib_a-__call_atexit.o)
 .data          0x0000000000014000        0x0 ../nios1_bsp/\libhal_bsp.a(alt_exit.o)
                0x000000000001c000                _gp = ABSOLUTE ((. + 0x8000))
                [!provide]                        PROVIDE (gp, _gp)
 *(.rwdata .rwdata.*)
 *(.sdata .sdata.* .gnu.linkonce.s.*)
 .sdata._global_impure_ptr
                0x0000000000014000        0x4 d:/modelsim/nios2eds/bin/gnu/h-x86_64-mingw32/bin/../lib/gcc/nios2-elf/5.3.0/../../../../../H-x86_64-mingw32/nios2-elf/lib/mno-hw-mul\libsmallc.a(lib_a-impure.o)
                0x0000000000014000                _global_impure_ptr
 .sdata._impure_ptr
                0x0000000000014004        0x4 d:/modelsim/nios2eds/bin/gnu/h-x86_64-mingw32/bin/../lib/gcc/nios2-elf/5.3.0/../../../../../H-x86_64-mingw32/nios2-elf/lib/mno-hw-mul\libsmallc.a(lib_a-impure.o)
                0x0000000000014004                _impure_ptr
 .sdata         0x0000000000014008       0x14 ../nios1_bsp/\libhal_bsp.a(alt_dev.o)
                0x0000000000014008                alt_fs_list
                0x0000000000014010                alt_dev_list
                0x0000000000014018                alt_max_fd
 .sdata         0x000000000001401c        0x4 ../nios1_bsp/\libhal_bsp.a(alt_errno.o)
                0x000000000001401c                alt_errno
 .sdata         0x0000000000014020        0x4 ../nios1_bsp/\libhal_bsp.a(alt_irq_vars.o)
                0x0000000000014020                alt_priority_mask
 .sdata         0x0000000000014024        0x8 ../nios1_bsp/\libhal_bsp.a(alt_tick.o)
                0x0000000000014024                alt_alarm_list
 *(.sdata2 .sdata2.* .gnu.linkonce.s2.*)
                0x000000000001402c                . = ALIGN (0x4)
                0x000000000001402c                _edata = ABSOLUTE (.)
                [!provide]                        PROVIDE (edata, ABSOLUTE (.))
                0x000000000001402c                PROVIDE (__ram_rwdata_end, ABSOLUTE (.))
                0x000000000001402c                PROVIDE (__flash_rwdata_start, LOADADDR (.rwdata))

.bss            0x0000000000015340      0x124
                0x0000000000015340                __bss_start = ABSOLUTE (.)
                [!provide]                        PROVIDE (__sbss_start, ABSOLUTE (.))
                [!provide]                        PROVIDE (___sbss_start, ABSOLUTE (.))
 *(.dynsbss)
 *(.sbss .sbss.* .gnu.linkonce.sb.*)
 .sbss          0x0000000000015340        0x1 obj/default/hello_world.o
                0x0000000000015340                data
 *fill*         0x0000000000015341        0x3 
 .sbss          0x0000000000015344        0x4 d:/modelsim/nios2eds/bin/gnu/h-x86_64-mingw32/bin/../lib/gcc/nios2-elf/5.3.0/../../../../../H-x86_64-mingw32/nios2-elf/lib/mno-hw-mul\libsmallc.a(lib_a-int_errno.o)
                0x0000000000015344                errno
 .sbss          0x0000000000015348        0xc ../nios1_bsp/\libhal_bsp.a(alt_main.o)
                0x0000000000015348                alt_argc
                0x000000000001534c                alt_argv
                0x0000000000015350                alt_envp
 .sbss          0x0000000000015354        0x4 ../nios1_bsp/\libhal_bsp.a(alt_irq_vars.o)
                0x0000000000015354                alt_irq_active
 .sbss          0x0000000000015358        0x8 ../nios1_bsp/\libhal_bsp.a(alt_tick.o)
                0x0000000000015358                _alt_tick_rate
                0x000000000001535c                _alt_nticks
 .sbss          0x0000000000015360        0x4 ../nios1_bsp/\libhal_bsp.a(alt_instruction_exception_entry.o)
                0x0000000000015360                alt_instruction_exception_handler
 *(.sbss2 .sbss2.* .gnu.linkonce.sb2.*)
 *(.scommon)
                [!provide]                        PROVIDE (__sbss_end, ABSOLUTE (.))
                [!provide]                        PROVIDE (___sbss_end, ABSOLUTE (.))
 *(.dynbss)
 *(.bss .bss.* .gnu.linkonce.b.*)
 .bss           0x0000000000015364        0x0 ../nios1_bsp//obj/HAL/src/crt0.o
 .bss           0x0000000000015364        0x0 obj/default/hello_world.o
 .bss           0x0000000000015364        0x0 d:/modelsim/nios2eds/bin/gnu/h-x86_64-mingw32/bin/../lib/gcc/nios2-elf/5.3.0/../../../../../H-x86_64-mingw32/nios2-elf/lib/mno-hw-mul\libsmallc.a(lib_a-printf.o)
 .bss           0x0000000000015364        0x0 d:/modelsim/nios2eds/bin/gnu/h-x86_64-mingw32/bin/../lib/gcc/nios2-elf/5.3.0/../../../../../H-x86_64-mingw32/nios2-elf/lib/mno-hw-mul\libsmallc.a(lib_a-vfprintf.o)
 .bss           0x0000000000015364        0x0 d:/modelsim/nios2eds/bin/gnu/h-x86_64-mingw32/bin/../lib/gcc/nios2-elf/5.3.0/../../../../../H-x86_64-mingw32/nios2-elf/lib/mno-hw-mul\libsmallc.a(lib_a-fvwrite_small_dev.o)
 .bss           0x0000000000015364        0x0 d:/modelsim/nios2eds/bin/gnu/h-x86_64-mingw32/bin/../lib/gcc/nios2-elf/5.3.0/../../../../../H-x86_64-mingw32/nios2-elf/lib/mno-hw-mul\libsmallc.a(lib_a-impure.o)
 .bss           0x0000000000015364        0x0 d:/modelsim/nios2eds/bin/gnu/h-x86_64-mingw32/bin/../lib/gcc/nios2-elf/5.3.0/../../../../../H-x86_64-mingw32/nios2-elf/lib/mno-hw-mul\libsmallc.a(lib_a-strlen.o)
 .bss           0x0000000000015364        0x0 d:/modelsim/nios2eds/bin/gnu/h-x86_64-mingw32/bin/../lib/gcc/nios2-elf/5.3.0/../../../../../H-x86_64-mingw32/nios2-elf/lib/mno-hw-mul\libsmallc.a(lib_a-writer.o)
 .bss           0x0000000000015364        0x0 d:/modelsim/nios2eds/bin/gnu/h-x86_64-mingw32/bin/../lib/gcc/nios2-elf/5.3.0/../../../../../H-x86_64-mingw32/nios2-elf/lib/mno-hw-mul\libsmallc.a(lib_a-int_errno.o)
 .bss           0x0000000000015364        0x0 d:/modelsim/nios2eds/bin/gnu/h-x86_64-mingw32/bin/../lib/gcc/nios2-elf/5.3.0/mno-hw-mul\libgcc.a(lib2-divmod.o)
 .bss           0x0000000000015364        0x0 d:/modelsim/nios2eds/bin/gnu/h-x86_64-mingw32/bin/../lib/gcc/nios2-elf/5.3.0/mno-hw-mul\libgcc.a(lib2-mul.o)
 .bss           0x0000000000015364        0x0 ../nios1_bsp/\libhal_bsp.a(alt_load.o)
 .bss           0x0000000000015364        0x0 ../nios1_bsp/\libhal_bsp.a(alt_main.o)
 .bss           0x0000000000015364        0x0 ../nios1_bsp/\libhal_bsp.a(alt_usleep.o)
 .bss           0x0000000000015364        0x0 ../nios1_bsp/\libhal_bsp.a(alt_write.o)
 .bss           0x0000000000015364        0x0 ../nios1_bsp/\libhal_bsp.a(alt_sys_init.o)
 .bss           0x0000000000015364        0x0 ../nios1_bsp/\libhal_bsp.a(altera_avalon_jtag_uart_fd.o)
 .bss           0x0000000000015364        0x0 ../nios1_bsp/\libhal_bsp.a(altera_avalon_jtag_uart_init.o)
 .bss           0x0000000000015364        0x0 ../nios1_bsp/\libhal_bsp.a(altera_avalon_jtag_uart_ioctl.o)
 .bss           0x0000000000015364        0x0 ../nios1_bsp/\libhal_bsp.a(altera_avalon_jtag_uart_read.o)
 .bss           0x0000000000015364        0x0 ../nios1_bsp/\libhal_bsp.a(altera_avalon_jtag_uart_write.o)
 .bss           0x0000000000015364        0x0 ../nios1_bsp/\libhal_bsp.a(alt_alarm_start.o)
 .bss           0x0000000000015364        0x0 ../nios1_bsp/\libhal_bsp.a(alt_busy_sleep.o)
 .bss           0x0000000000015364        0x0 ../nios1_bsp/\libhal_bsp.a(alt_close.o)
 .bss           0x0000000000015364        0x0 ../nios1_bsp/\libhal_bsp.a(alt_dcache_flush_all.o)
 .bss           0x0000000000015364        0x0 ../nios1_bsp/\libhal_bsp.a(alt_dev.o)
 .bss           0x0000000000015364        0x0 ../nios1_bsp/\libhal_bsp.a(alt_dev_llist_insert.o)
 .bss           0x0000000000015364        0x0 ../nios1_bsp/\libhal_bsp.a(alt_errno.o)
 .bss           0x0000000000015364        0x0 ../nios1_bsp/\libhal_bsp.a(alt_icache_flush_all.o)
 .bss           0x0000000000015364        0x0 ../nios1_bsp/\libhal_bsp.a(alt_iic.o)
 .bss           0x0000000000015364        0x0 ../nios1_bsp/\libhal_bsp.a(alt_iic_isr_register.o)
 .bss           0x0000000000015364        0x0 ../nios1_bsp/\libhal_bsp.a(alt_io_redirect.o)
 .bss           0x0000000000015364        0x0 ../nios1_bsp/\libhal_bsp.a(alt_irq_entry.o)
 .bss           0x0000000000015364        0x0 ../nios1_bsp/\libhal_bsp.a(alt_irq_handler.o)
 .bss           0x0000000000015364        0x0 ../nios1_bsp/\libhal_bsp.a(alt_irq_vars.o)
 .bss           0x0000000000015364        0x0 ../nios1_bsp/\libhal_bsp.a(alt_open.o)
 .bss           0x0000000000015364        0x0 ../nios1_bsp/\libhal_bsp.a(alt_release_fd.o)
 .bss           0x0000000000015364        0x0 ../nios1_bsp/\libhal_bsp.a(alt_tick.o)
 .bss           0x0000000000015364        0x0 ../nios1_bsp/\libhal_bsp.a(altera_nios2_gen2_irq.o)
 .bss           0x0000000000015364        0x0 ../nios1_bsp/\libhal_bsp.a(alt_exception_entry.o)
 .bss           0x0000000000015364        0x0 ../nios1_bsp/\libhal_bsp.a(alt_find_dev.o)
 .bss           0x0000000000015364        0x0 ../nios1_bsp/\libhal_bsp.a(alt_find_file.o)
 .bss           0x0000000000015364        0x0 ../nios1_bsp/\libhal_bsp.a(alt_get_fd.o)
 .bss           0x0000000000015364        0x0 ../nios1_bsp/\libhal_bsp.a(alt_instruction_exception_entry.o)
 .bss           0x0000000000015364        0x0 d:/modelsim/nios2eds/bin/gnu/h-x86_64-mingw32/bin/../lib/gcc/nios2-elf/5.3.0/../../../../../H-x86_64-mingw32/nios2-elf/lib/mno-hw-mul\libsmallc.a(lib_a-exit.o)
 .bss           0x0000000000015364        0x0 d:/modelsim/nios2eds/bin/gnu/h-x86_64-mingw32/bin/../lib/gcc/nios2-elf/5.3.0/../../../../../H-x86_64-mingw32/nios2-elf/lib/mno-hw-mul\libsmallc.a(lib_a-memcmp.o)
 .bss           0x0000000000015364        0x0 d:/modelsim/nios2eds/bin/gnu/h-x86_64-mingw32/bin/../lib/gcc/nios2-elf/5.3.0/../../../../../H-x86_64-mingw32/nios2-elf/lib/mno-hw-mul\libsmallc.a(lib_a-memcpy.o)
 .bss           0x0000000000015364        0x0 d:/modelsim/nios2eds/bin/gnu/h-x86_64-mingw32/bin/../lib/gcc/nios2-elf/5.3.0/../../../../../H-x86_64-mingw32/nios2-elf/lib/mno-hw-mul\libsmallc.a(lib_a-__call_atexit.o)
 .bss           0x0000000000015364        0x0 ../nios1_bsp/\libhal_bsp.a(alt_exit.o)
 *(COMMON)
 COMMON         0x0000000000015364      0x100 ../nios1_bsp/\libhal_bsp.a(alt_irq_handler.o)
                0x0000000000015364                alt_irq
                0x0000000000015464                . = ALIGN (0x4)
                0x0000000000015464                __bss_end = ABSOLUTE (.)

.onchip_memory2_0
                0x0000000000015464        0x0
                [!provide]                        PROVIDE (_alt_partition_onchip_memory2_0_start, ABSOLUTE (.))
 *(.onchip_memory2_0 .onchip_memory2_0. onchip_memory2_0.*)
                0x0000000000015464                . = ALIGN (0x4)
                [!provide]                        PROVIDE (_alt_partition_onchip_memory2_0_end, ABSOLUTE (.))
                0x0000000000015464                _end = ABSOLUTE (.)
                0x0000000000015464                end = ABSOLUTE (.)
                0x0000000000015464                __alt_stack_base = ABSOLUTE (.)
                [!provide]                        PROVIDE (_alt_partition_onchip_memory2_0_load_addr, LOADADDR (.onchip_memory2_0))

.stab
 *(.stab)

.stabstr
 *(.stabstr)

.stab.excl
 *(.stab.excl)

.stab.exclstr
 *(.stab.exclstr)

.stab.index
 *(.stab.index)

.stab.indexstr
 *(.stab.indexstr)

.comment        0x0000000000000000       0x23
 *(.comment)
 .comment       0x0000000000000000       0x23 obj/default/hello_world.o
                                         0x24 (size before relaxing)
 .comment       0x0000000000000023       0x24 d:/modelsim/nios2eds/bin/gnu/h-x86_64-mingw32/bin/../lib/gcc/nios2-elf/5.3.0/../../../../../H-x86_64-mingw32/nios2-elf/lib/mno-hw-mul\libsmallc.a(lib_a-printf.o)
 .comment       0x0000000000000023       0x24 d:/modelsim/nios2eds/bin/gnu/h-x86_64-mingw32/bin/../lib/gcc/nios2-elf/5.3.0/../../../../../H-x86_64-mingw32/nios2-elf/lib/mno-hw-mul\libsmallc.a(lib_a-vfprintf.o)
 .comment       0x0000000000000023       0x24 d:/modelsim/nios2eds/bin/gnu/h-x86_64-mingw32/bin/../lib/gcc/nios2-elf/5.3.0/../../../../../H-x86_64-mingw32/nios2-elf/lib/mno-hw-mul\libsmallc.a(lib_a-fvwrite_small_dev.o)
 .comment       0x0000000000000023       0x24 d:/modelsim/nios2eds/bin/gnu/h-x86_64-mingw32/bin/../lib/gcc/nios2-elf/5.3.0/../../../../../H-x86_64-mingw32/nios2-elf/lib/mno-hw-mul\libsmallc.a(lib_a-impure.o)
 .comment       0x0000000000000023       0x24 d:/modelsim/nios2eds/bin/gnu/h-x86_64-mingw32/bin/../lib/gcc/nios2-elf/5.3.0/../../../../../H-x86_64-mingw32/nios2-elf/lib/mno-hw-mul\libsmallc.a(lib_a-strlen.o)
 .comment       0x0000000000000023       0x24 d:/modelsim/nios2eds/bin/gnu/h-x86_64-mingw32/bin/../lib/gcc/nios2-elf/5.3.0/../../../../../H-x86_64-mingw32/nios2-elf/lib/mno-hw-mul\libsmallc.a(lib_a-writer.o)
 .comment       0x0000000000000023       0x24 d:/modelsim/nios2eds/bin/gnu/h-x86_64-mingw32/bin/../lib/gcc/nios2-elf/5.3.0/../../../../../H-x86_64-mingw32/nios2-elf/lib/mno-hw-mul\libsmallc.a(lib_a-int_errno.o)
 .comment       0x0000000000000023       0x24 d:/modelsim/nios2eds/bin/gnu/h-x86_64-mingw32/bin/../lib/gcc/nios2-elf/5.3.0/mno-hw-mul\libgcc.a(lib2-divmod.o)
 .comment       0x0000000000000023       0x24 d:/modelsim/nios2eds/bin/gnu/h-x86_64-mingw32/bin/../lib/gcc/nios2-elf/5.3.0/mno-hw-mul\libgcc.a(lib2-mul.o)
 .comment       0x0000000000000023       0x24 ../nios1_bsp/\libhal_bsp.a(alt_load.o)
 .comment       0x0000000000000023       0x24 ../nios1_bsp/\libhal_bsp.a(alt_main.o)
 .comment       0x0000000000000023       0x24 ../nios1_bsp/\libhal_bsp.a(alt_usleep.o)
 .comment       0x0000000000000023       0x24 ../nios1_bsp/\libhal_bsp.a(alt_write.o)
 .comment       0x0000000000000023       0x24 ../nios1_bsp/\libhal_bsp.a(alt_sys_init.o)
 .comment       0x0000000000000023       0x24 ../nios1_bsp/\libhal_bsp.a(altera_avalon_jtag_uart_fd.o)
 .comment       0x0000000000000023       0x24 ../nios1_bsp/\libhal_bsp.a(altera_avalon_jtag_uart_init.o)
 .comment       0x0000000000000023       0x24 ../nios1_bsp/\libhal_bsp.a(altera_avalon_jtag_uart_ioctl.o)
 .comment       0x0000000000000023       0x24 ../nios1_bsp/\libhal_bsp.a(altera_avalon_jtag_uart_read.o)
 .comment       0x0000000000000023       0x24 ../nios1_bsp/\libhal_bsp.a(altera_avalon_jtag_uart_write.o)
 .comment       0x0000000000000023       0x24 ../nios1_bsp/\libhal_bsp.a(alt_alarm_start.o)
 .comment       0x0000000000000023       0x24 ../nios1_bsp/\libhal_bsp.a(alt_busy_sleep.o)
 .comment       0x0000000000000023       0x24 ../nios1_bsp/\libhal_bsp.a(alt_close.o)
 .comment       0x0000000000000023       0x24 ../nios1_bsp/\libhal_bsp.a(alt_dcache_flush_all.o)
 .comment       0x0000000000000023       0x24 ../nios1_bsp/\libhal_bsp.a(alt_dev.o)
 .comment       0x0000000000000023       0x24 ../nios1_bsp/\libhal_bsp.a(alt_dev_llist_insert.o)
 .comment       0x0000000000000023       0x24 ../nios1_bsp/\libhal_bsp.a(alt_errno.o)
 .comment       0x0000000000000023       0x24 ../nios1_bsp/\libhal_bsp.a(alt_icache_flush_all.o)
 .comment       0x0000000000000023       0x24 ../nios1_bsp/\libhal_bsp.a(alt_iic.o)
 .comment       0x0000000000000023       0x24 ../nios1_bsp/\libhal_bsp.a(alt_iic_isr_register.o)
 .comment       0x0000000000000023       0x24 ../nios1_bsp/\libhal_bsp.a(alt_io_redirect.o)
 .comment       0x0000000000000023       0x24 ../nios1_bsp/\libhal_bsp.a(alt_irq_handler.o)
 .comment       0x0000000000000023       0x24 ../nios1_bsp/\libhal_bsp.a(alt_irq_vars.o)
 .comment       0x0000000000000023       0x24 ../nios1_bsp/\libhal_bsp.a(alt_open.o)
 .comment       0x0000000000000023       0x24 ../nios1_bsp/\libhal_bsp.a(alt_release_fd.o)
 .comment       0x0000000000000023       0x24 ../nios1_bsp/\libhal_bsp.a(alt_tick.o)
 .comment       0x0000000000000023       0x24 ../nios1_bsp/\libhal_bsp.a(altera_nios2_gen2_irq.o)
 .comment       0x0000000000000023       0x24 ../nios1_bsp/\libhal_bsp.a(alt_find_dev.o)
 .comment       0x0000000000000023       0x24 ../nios1_bsp/\libhal_bsp.a(alt_find_file.o)
 .comment       0x0000000000000023       0x24 ../nios1_bsp/\libhal_bsp.a(alt_get_fd.o)
 .comment       0x0000000000000023       0x24 ../nios1_bsp/\libhal_bsp.a(alt_instruction_exception_entry.o)
 .comment       0x0000000000000023       0x24 d:/modelsim/nios2eds/bin/gnu/h-x86_64-mingw32/bin/../lib/gcc/nios2-elf/5.3.0/../../../../../H-x86_64-mingw32/nios2-elf/lib/mno-hw-mul\libsmallc.a(lib_a-exit.o)
 .comment       0x0000000000000023       0x24 d:/modelsim/nios2eds/bin/gnu/h-x86_64-mingw32/bin/../lib/gcc/nios2-elf/5.3.0/../../../../../H-x86_64-mingw32/nios2-elf/lib/mno-hw-mul\libsmallc.a(lib_a-memcmp.o)
 .comment       0x0000000000000023       0x24 d:/modelsim/nios2eds/bin/gnu/h-x86_64-mingw32/bin/../lib/gcc/nios2-elf/5.3.0/../../../../../H-x86_64-mingw32/nios2-elf/lib/mno-hw-mul\libsmallc.a(lib_a-memcpy.o)
 .comment       0x0000000000000023       0x24 d:/modelsim/nios2eds/bin/gnu/h-x86_64-mingw32/bin/../lib/gcc/nios2-elf/5.3.0/../../../../../H-x86_64-mingw32/nios2-elf/lib/mno-hw-mul\libsmallc.a(lib_a-__call_atexit.o)
 .comment       0x0000000000000023       0x24 ../nios1_bsp/\libhal_bsp.a(alt_exit.o)

.debug
 *(.debug)

.line
 *(.line)

.debug_srcinfo
 *(.debug_srcinfo)

.debug_sfnames
 *(.debug_sfnames)

.debug_aranges  0x0000000000000000      0x650
 *(.debug_aranges)
 .debug_aranges
                0x0000000000000000       0x28 ../nios1_bsp//obj/HAL/src/crt0.o
 .debug_aranges
                0x0000000000000028       0x20 obj/default/hello_world.o
 .debug_aranges
                0x0000000000000048       0x28 d:/modelsim/nios2eds/bin/gnu/h-x86_64-mingw32/bin/../lib/gcc/nios2-elf/5.3.0/../../../../../H-x86_64-mingw32/nios2-elf/lib/mno-hw-mul\libsmallc.a(lib_a-printf.o)
 .debug_aranges
                0x0000000000000070       0x30 d:/modelsim/nios2eds/bin/gnu/h-x86_64-mingw32/bin/../lib/gcc/nios2-elf/5.3.0/../../../../../H-x86_64-mingw32/nios2-elf/lib/mno-hw-mul\libsmallc.a(lib_a-vfprintf.o)
 .debug_aranges
                0x00000000000000a0       0x20 d:/modelsim/nios2eds/bin/gnu/h-x86_64-mingw32/bin/../lib/gcc/nios2-elf/5.3.0/../../../../../H-x86_64-mingw32/nios2-elf/lib/mno-hw-mul\libsmallc.a(lib_a-fvwrite_small_dev.o)
 .debug_aranges
                0x00000000000000c0       0x18 d:/modelsim/nios2eds/bin/gnu/h-x86_64-mingw32/bin/../lib/gcc/nios2-elf/5.3.0/../../../../../H-x86_64-mingw32/nios2-elf/lib/mno-hw-mul\libsmallc.a(lib_a-impure.o)
 .debug_aranges
                0x00000000000000d8       0x20 d:/modelsim/nios2eds/bin/gnu/h-x86_64-mingw32/bin/../lib/gcc/nios2-elf/5.3.0/../../../../../H-x86_64-mingw32/nios2-elf/lib/mno-hw-mul\libsmallc.a(lib_a-strlen.o)
 .debug_aranges
                0x00000000000000f8       0x20 d:/modelsim/nios2eds/bin/gnu/h-x86_64-mingw32/bin/../lib/gcc/nios2-elf/5.3.0/../../../../../H-x86_64-mingw32/nios2-elf/lib/mno-hw-mul\libsmallc.a(lib_a-writer.o)
 .debug_aranges
                0x0000000000000118       0x18 d:/modelsim/nios2eds/bin/gnu/h-x86_64-mingw32/bin/../lib/gcc/nios2-elf/5.3.0/../../../../../H-x86_64-mingw32/nios2-elf/lib/mno-hw-mul\libsmallc.a(lib_a-int_errno.o)
 .debug_aranges
                0x0000000000000130       0x20 d:/modelsim/nios2eds/bin/gnu/h-x86_64-mingw32/bin/../lib/gcc/nios2-elf/5.3.0/mno-hw-mul\libgcc.a(lib2-divmod.o)
 .debug_aranges
                0x0000000000000150       0x20 d:/modelsim/nios2eds/bin/gnu/h-x86_64-mingw32/bin/../lib/gcc/nios2-elf/5.3.0/mno-hw-mul\libgcc.a(lib2-mul.o)
 .debug_aranges
                0x0000000000000170       0x20 ../nios1_bsp/\libhal_bsp.a(alt_load.o)
 .debug_aranges
                0x0000000000000190       0x20 ../nios1_bsp/\libhal_bsp.a(alt_main.o)
 .debug_aranges
                0x00000000000001b0       0x20 ../nios1_bsp/\libhal_bsp.a(alt_usleep.o)
 .debug_aranges
                0x00000000000001d0       0x20 ../nios1_bsp/\libhal_bsp.a(alt_write.o)
 .debug_aranges
                0x00000000000001f0       0x20 ../nios1_bsp/\libhal_bsp.a(alt_sys_init.o)
 .debug_aranges
                0x0000000000000210       0x20 ../nios1_bsp/\libhal_bsp.a(altera_avalon_jtag_uart_fd.o)
 .debug_aranges
                0x0000000000000230       0x20 ../nios1_bsp/\libhal_bsp.a(altera_avalon_jtag_uart_init.o)
 .debug_aranges
                0x0000000000000250       0x20 ../nios1_bsp/\libhal_bsp.a(altera_avalon_jtag_uart_ioctl.o)
 .debug_aranges
                0x0000000000000270       0x20 ../nios1_bsp/\libhal_bsp.a(altera_avalon_jtag_uart_read.o)
 .debug_aranges
                0x0000000000000290       0x20 ../nios1_bsp/\libhal_bsp.a(altera_avalon_jtag_uart_write.o)
 .debug_aranges
                0x00000000000002b0       0x20 ../nios1_bsp/\libhal_bsp.a(alt_alarm_start.o)
 .debug_aranges
                0x00000000000002d0       0x20 ../nios1_bsp/\libhal_bsp.a(alt_busy_sleep.o)
 .debug_aranges
                0x00000000000002f0       0x20 ../nios1_bsp/\libhal_bsp.a(alt_close.o)
 .debug_aranges
                0x0000000000000310       0x20 ../nios1_bsp/\libhal_bsp.a(alt_dcache_flush_all.o)
 .debug_aranges
                0x0000000000000330       0x20 ../nios1_bsp/\libhal_bsp.a(alt_dev.o)
 .debug_aranges
                0x0000000000000350       0x20 ../nios1_bsp/\libhal_bsp.a(alt_dev_llist_insert.o)
 .debug_aranges
                0x0000000000000370       0x18 ../nios1_bsp/\libhal_bsp.a(alt_errno.o)
 .debug_aranges
                0x0000000000000388       0x20 ../nios1_bsp/\libhal_bsp.a(alt_icache_flush_all.o)
 .debug_aranges
                0x00000000000003a8       0x20 ../nios1_bsp/\libhal_bsp.a(alt_iic.o)
 .debug_aranges
                0x00000000000003c8       0x20 ../nios1_bsp/\libhal_bsp.a(alt_iic_isr_register.o)
 .debug_aranges
                0x00000000000003e8       0x20 ../nios1_bsp/\libhal_bsp.a(alt_io_redirect.o)
 .debug_aranges
                0x0000000000000408       0x30 ../nios1_bsp/\libhal_bsp.a(alt_irq_entry.o)
 .debug_aranges
                0x0000000000000438       0x20 ../nios1_bsp/\libhal_bsp.a(alt_irq_handler.o)
 .debug_aranges
                0x0000000000000458       0x18 ../nios1_bsp/\libhal_bsp.a(alt_irq_vars.o)
 .debug_aranges
                0x0000000000000470       0x20 ../nios1_bsp/\libhal_bsp.a(alt_open.o)
 .debug_aranges
                0x0000000000000490       0x20 ../nios1_bsp/\libhal_bsp.a(alt_release_fd.o)
 .debug_aranges
                0x00000000000004b0       0x20 ../nios1_bsp/\libhal_bsp.a(alt_tick.o)
 .debug_aranges
                0x00000000000004d0       0x20 ../nios1_bsp/\libhal_bsp.a(altera_nios2_gen2_irq.o)
 .debug_aranges
                0x00000000000004f0       0x38 ../nios1_bsp/\libhal_bsp.a(alt_exception_entry.o)
 .debug_aranges
                0x0000000000000528       0x20 ../nios1_bsp/\libhal_bsp.a(alt_find_dev.o)
 .debug_aranges
                0x0000000000000548       0x20 ../nios1_bsp/\libhal_bsp.a(alt_find_file.o)
 .debug_aranges
                0x0000000000000568       0x20 ../nios1_bsp/\libhal_bsp.a(alt_get_fd.o)
 .debug_aranges
                0x0000000000000588       0x28 ../nios1_bsp/\libhal_bsp.a(alt_instruction_exception_entry.o)
 .debug_aranges
                0x00000000000005b0       0x20 d:/modelsim/nios2eds/bin/gnu/h-x86_64-mingw32/bin/../lib/gcc/nios2-elf/5.3.0/../../../../../H-x86_64-mingw32/nios2-elf/lib/mno-hw-mul\libsmallc.a(lib_a-exit.o)
 .debug_aranges
                0x00000000000005d0       0x20 d:/modelsim/nios2eds/bin/gnu/h-x86_64-mingw32/bin/../lib/gcc/nios2-elf/5.3.0/../../../../../H-x86_64-mingw32/nios2-elf/lib/mno-hw-mul\libsmallc.a(lib_a-memcmp.o)
 .debug_aranges
                0x00000000000005f0       0x20 d:/modelsim/nios2eds/bin/gnu/h-x86_64-mingw32/bin/../lib/gcc/nios2-elf/5.3.0/../../../../../H-x86_64-mingw32/nios2-elf/lib/mno-hw-mul\libsmallc.a(lib_a-memcpy.o)
 .debug_aranges
                0x0000000000000610       0x20 d:/modelsim/nios2eds/bin/gnu/h-x86_64-mingw32/bin/../lib/gcc/nios2-elf/5.3.0/../../../../../H-x86_64-mingw32/nios2-elf/lib/mno-hw-mul\libsmallc.a(lib_a-__call_atexit.o)
 .debug_aranges
                0x0000000000000630       0x20 ../nios1_bsp/\libhal_bsp.a(alt_exit.o)

.debug_pubnames
 *(.debug_pubnames)

.debug_info     0x0000000000000000     0x8279
 *(.debug_info .gnu.linkonce.wi.*)
 .debug_info    0x0000000000000000       0x56 ../nios1_bsp//obj/HAL/src/crt0.o
 .debug_info    0x0000000000000056       0xdc obj/default/hello_world.o
 .debug_info    0x0000000000000132      0x699 d:/modelsim/nios2eds/bin/gnu/h-x86_64-mingw32/bin/../lib/gcc/nios2-elf/5.3.0/../../../../../H-x86_64-mingw32/nios2-elf/lib/mno-hw-mul\libsmallc.a(lib_a-printf.o)
 .debug_info    0x00000000000007cb      0xb2b d:/modelsim/nios2eds/bin/gnu/h-x86_64-mingw32/bin/../lib/gcc/nios2-elf/5.3.0/../../../../../H-x86_64-mingw32/nios2-elf/lib/mno-hw-mul\libsmallc.a(lib_a-vfprintf.o)
 .debug_info    0x00000000000012f6      0x62b d:/modelsim/nios2eds/bin/gnu/h-x86_64-mingw32/bin/../lib/gcc/nios2-elf/5.3.0/../../../../../H-x86_64-mingw32/nios2-elf/lib/mno-hw-mul\libsmallc.a(lib_a-fvwrite_small_dev.o)
 .debug_info    0x0000000000001921      0x5a9 d:/modelsim/nios2eds/bin/gnu/h-x86_64-mingw32/bin/../lib/gcc/nios2-elf/5.3.0/../../../../../H-x86_64-mingw32/nios2-elf/lib/mno-hw-mul\libsmallc.a(lib_a-impure.o)
 .debug_info    0x0000000000001eca       0xc9 d:/modelsim/nios2eds/bin/gnu/h-x86_64-mingw32/bin/../lib/gcc/nios2-elf/5.3.0/../../../../../H-x86_64-mingw32/nios2-elf/lib/mno-hw-mul\libsmallc.a(lib_a-strlen.o)
 .debug_info    0x0000000000001f93      0x630 d:/modelsim/nios2eds/bin/gnu/h-x86_64-mingw32/bin/../lib/gcc/nios2-elf/5.3.0/../../../../../H-x86_64-mingw32/nios2-elf/lib/mno-hw-mul\libsmallc.a(lib_a-writer.o)
 .debug_info    0x00000000000025c3       0x8a d:/modelsim/nios2eds/bin/gnu/h-x86_64-mingw32/bin/../lib/gcc/nios2-elf/5.3.0/../../../../../H-x86_64-mingw32/nios2-elf/lib/mno-hw-mul\libsmallc.a(lib_a-int_errno.o)
 .debug_info    0x000000000000264d      0x2c6 d:/modelsim/nios2eds/bin/gnu/h-x86_64-mingw32/bin/../lib/gcc/nios2-elf/5.3.0/mno-hw-mul\libgcc.a(lib2-divmod.o)
 .debug_info    0x0000000000002913       0xb4 d:/modelsim/nios2eds/bin/gnu/h-x86_64-mingw32/bin/../lib/gcc/nios2-elf/5.3.0/mno-hw-mul\libgcc.a(lib2-mul.o)
 .debug_info    0x00000000000029c7      0x145 ../nios1_bsp/\libhal_bsp.a(alt_load.o)
 .debug_info    0x0000000000002b0c      0x131 ../nios1_bsp/\libhal_bsp.a(alt_main.o)
 .debug_info    0x0000000000002c3d       0xb0 ../nios1_bsp/\libhal_bsp.a(alt_usleep.o)
 .debug_info    0x0000000000002ced      0x4b7 ../nios1_bsp/\libhal_bsp.a(alt_write.o)
 .debug_info    0x00000000000031a4      0x4c3 ../nios1_bsp/\libhal_bsp.a(alt_sys_init.o)
 .debug_info    0x0000000000003667      0x52e ../nios1_bsp/\libhal_bsp.a(altera_avalon_jtag_uart_fd.o)
 .debug_info    0x0000000000003b95      0x3a0 ../nios1_bsp/\libhal_bsp.a(altera_avalon_jtag_uart_init.o)
 .debug_info    0x0000000000003f35      0x280 ../nios1_bsp/\libhal_bsp.a(altera_avalon_jtag_uart_ioctl.o)
 .debug_info    0x00000000000041b5      0x345 ../nios1_bsp/\libhal_bsp.a(altera_avalon_jtag_uart_read.o)
 .debug_info    0x00000000000044fa      0x340 ../nios1_bsp/\libhal_bsp.a(altera_avalon_jtag_uart_write.o)
 .debug_info    0x000000000000483a      0x2cc ../nios1_bsp/\libhal_bsp.a(alt_alarm_start.o)
 .debug_info    0x0000000000004b06       0xd7 ../nios1_bsp/\libhal_bsp.a(alt_busy_sleep.o)
 .debug_info    0x0000000000004bdd      0x321 ../nios1_bsp/\libhal_bsp.a(alt_close.o)
 .debug_info    0x0000000000004efe       0x92 ../nios1_bsp/\libhal_bsp.a(alt_dcache_flush_all.o)
 .debug_info    0x0000000000004f90      0x49c ../nios1_bsp/\libhal_bsp.a(alt_dev.o)
 .debug_info    0x000000000000542c      0x1a9 ../nios1_bsp/\libhal_bsp.a(alt_dev_llist_insert.o)
 .debug_info    0x00000000000055d5       0xa6 ../nios1_bsp/\libhal_bsp.a(alt_errno.o)
 .debug_info    0x000000000000567b       0x92 ../nios1_bsp/\libhal_bsp.a(alt_icache_flush_all.o)
 .debug_info    0x000000000000570d      0x350 ../nios1_bsp/\libhal_bsp.a(alt_iic.o)
 .debug_info    0x0000000000005a5d      0x1ef ../nios1_bsp/\libhal_bsp.a(alt_iic_isr_register.o)
 .debug_info    0x0000000000005c4c      0x4a5 ../nios1_bsp/\libhal_bsp.a(alt_io_redirect.o)
 .debug_info    0x00000000000060f1       0x5f ../nios1_bsp/\libhal_bsp.a(alt_irq_entry.o)
 .debug_info    0x0000000000006150      0x187 ../nios1_bsp/\libhal_bsp.a(alt_irq_handler.o)
 .debug_info    0x00000000000062d7       0x88 ../nios1_bsp/\libhal_bsp.a(alt_irq_vars.o)
 .debug_info    0x000000000000635f      0x3bb ../nios1_bsp/\libhal_bsp.a(alt_open.o)
 .debug_info    0x000000000000671a      0x2b0 ../nios1_bsp/\libhal_bsp.a(alt_release_fd.o)
 .debug_info    0x00000000000069ca      0x299 ../nios1_bsp/\libhal_bsp.a(alt_tick.o)
 .debug_info    0x0000000000006c63       0x92 ../nios1_bsp/\libhal_bsp.a(altera_nios2_gen2_irq.o)
 .debug_info    0x0000000000006cf5       0x65 ../nios1_bsp/\libhal_bsp.a(alt_exception_entry.o)
 .debug_info    0x0000000000006d5a      0x2e9 ../nios1_bsp/\libhal_bsp.a(alt_find_dev.o)
 .debug_info    0x0000000000007043      0x2e6 ../nios1_bsp/\libhal_bsp.a(alt_find_file.o)
 .debug_info    0x0000000000007329      0x310 ../nios1_bsp/\libhal_bsp.a(alt_get_fd.o)
 .debug_info    0x0000000000007639      0x1e7 ../nios1_bsp/\libhal_bsp.a(alt_instruction_exception_entry.o)
 .debug_info    0x0000000000007820       0xe5 d:/modelsim/nios2eds/bin/gnu/h-x86_64-mingw32/bin/../lib/gcc/nios2-elf/5.3.0/../../../../../H-x86_64-mingw32/nios2-elf/lib/mno-hw-mul\libsmallc.a(lib_a-exit.o)
 .debug_info    0x0000000000007905       0xf4 d:/modelsim/nios2eds/bin/gnu/h-x86_64-mingw32/bin/../lib/gcc/nios2-elf/5.3.0/../../../../../H-x86_64-mingw32/nios2-elf/lib/mno-hw-mul\libsmallc.a(lib_a-memcmp.o)
 .debug_info    0x00000000000079f9      0x119 d:/modelsim/nios2eds/bin/gnu/h-x86_64-mingw32/bin/../lib/gcc/nios2-elf/5.3.0/../../../../../H-x86_64-mingw32/nios2-elf/lib/mno-hw-mul\libsmallc.a(lib_a-memcpy.o)
 .debug_info    0x0000000000007b12      0x67b d:/modelsim/nios2eds/bin/gnu/h-x86_64-mingw32/bin/../lib/gcc/nios2-elf/5.3.0/../../../../../H-x86_64-mingw32/nios2-elf/lib/mno-hw-mul\libsmallc.a(lib_a-__call_atexit.o)
 .debug_info    0x000000000000818d       0xec ../nios1_bsp/\libhal_bsp.a(alt_exit.o)

.debug_abbrev   0x0000000000000000     0x2e9c
 *(.debug_abbrev)
 .debug_abbrev  0x0000000000000000       0x12 ../nios1_bsp//obj/HAL/src/crt0.o
 .debug_abbrev  0x0000000000000012       0x81 obj/default/hello_world.o
 .debug_abbrev  0x0000000000000093      0x1ee d:/modelsim/nios2eds/bin/gnu/h-x86_64-mingw32/bin/../lib/gcc/nios2-elf/5.3.0/../../../../../H-x86_64-mingw32/nios2-elf/lib/mno-hw-mul\libsmallc.a(lib_a-printf.o)
 .debug_abbrev  0x0000000000000281      0x2a1 d:/modelsim/nios2eds/bin/gnu/h-x86_64-mingw32/bin/../lib/gcc/nios2-elf/5.3.0/../../../../../H-x86_64-mingw32/nios2-elf/lib/mno-hw-mul\libsmallc.a(lib_a-vfprintf.o)
 .debug_abbrev  0x0000000000000522      0x1bc d:/modelsim/nios2eds/bin/gnu/h-x86_64-mingw32/bin/../lib/gcc/nios2-elf/5.3.0/../../../../../H-x86_64-mingw32/nios2-elf/lib/mno-hw-mul\libsmallc.a(lib_a-fvwrite_small_dev.o)
 .debug_abbrev  0x00000000000006de      0x14a d:/modelsim/nios2eds/bin/gnu/h-x86_64-mingw32/bin/../lib/gcc/nios2-elf/5.3.0/../../../../../H-x86_64-mingw32/nios2-elf/lib/mno-hw-mul\libsmallc.a(lib_a-impure.o)
 .debug_abbrev  0x0000000000000828       0x7f d:/modelsim/nios2eds/bin/gnu/h-x86_64-mingw32/bin/../lib/gcc/nios2-elf/5.3.0/../../../../../H-x86_64-mingw32/nios2-elf/lib/mno-hw-mul\libsmallc.a(lib_a-strlen.o)
 .debug_abbrev  0x00000000000008a7      0x1a6 d:/modelsim/nios2eds/bin/gnu/h-x86_64-mingw32/bin/../lib/gcc/nios2-elf/5.3.0/../../../../../H-x86_64-mingw32/nios2-elf/lib/mno-hw-mul\libsmallc.a(lib_a-writer.o)
 .debug_abbrev  0x0000000000000a4d       0x37 d:/modelsim/nios2eds/bin/gnu/h-x86_64-mingw32/bin/../lib/gcc/nios2-elf/5.3.0/../../../../../H-x86_64-mingw32/nios2-elf/lib/mno-hw-mul\libsmallc.a(lib_a-int_errno.o)
 .debug_abbrev  0x0000000000000a84      0x10e d:/modelsim/nios2eds/bin/gnu/h-x86_64-mingw32/bin/../lib/gcc/nios2-elf/5.3.0/mno-hw-mul\libgcc.a(lib2-divmod.o)
 .debug_abbrev  0x0000000000000b92       0x6f d:/modelsim/nios2eds/bin/gnu/h-x86_64-mingw32/bin/../lib/gcc/nios2-elf/5.3.0/mno-hw-mul\libgcc.a(lib2-mul.o)
 .debug_abbrev  0x0000000000000c01       0x9f ../nios1_bsp/\libhal_bsp.a(alt_load.o)
 .debug_abbrev  0x0000000000000ca0       0xba ../nios1_bsp/\libhal_bsp.a(alt_main.o)
 .debug_abbrev  0x0000000000000d5a       0x60 ../nios1_bsp/\libhal_bsp.a(alt_usleep.o)
 .debug_abbrev  0x0000000000000dba      0x133 ../nios1_bsp/\libhal_bsp.a(alt_write.o)
 .debug_abbrev  0x0000000000000eed      0x187 ../nios1_bsp/\libhal_bsp.a(alt_sys_init.o)
 .debug_abbrev  0x0000000000001074      0x127 ../nios1_bsp/\libhal_bsp.a(altera_avalon_jtag_uart_fd.o)
 .debug_abbrev  0x000000000000119b      0x19e ../nios1_bsp/\libhal_bsp.a(altera_avalon_jtag_uart_init.o)
 .debug_abbrev  0x0000000000001339      0x111 ../nios1_bsp/\libhal_bsp.a(altera_avalon_jtag_uart_ioctl.o)
 .debug_abbrev  0x000000000000144a      0x1aa ../nios1_bsp/\libhal_bsp.a(altera_avalon_jtag_uart_read.o)
 .debug_abbrev  0x00000000000015f4      0x1a8 ../nios1_bsp/\libhal_bsp.a(altera_avalon_jtag_uart_write.o)
 .debug_abbrev  0x000000000000179c      0x162 ../nios1_bsp/\libhal_bsp.a(alt_alarm_start.o)
 .debug_abbrev  0x00000000000018fe       0x7e ../nios1_bsp/\libhal_bsp.a(alt_busy_sleep.o)
 .debug_abbrev  0x000000000000197c      0x11f ../nios1_bsp/\libhal_bsp.a(alt_close.o)
 .debug_abbrev  0x0000000000001a9b       0x42 ../nios1_bsp/\libhal_bsp.a(alt_dcache_flush_all.o)
 .debug_abbrev  0x0000000000001add       0xd9 ../nios1_bsp/\libhal_bsp.a(alt_dev.o)
 .debug_abbrev  0x0000000000001bb6      0x114 ../nios1_bsp/\libhal_bsp.a(alt_dev_llist_insert.o)
 .debug_abbrev  0x0000000000001cca       0x5a ../nios1_bsp/\libhal_bsp.a(alt_errno.o)
 .debug_abbrev  0x0000000000001d24       0x42 ../nios1_bsp/\libhal_bsp.a(alt_icache_flush_all.o)
 .debug_abbrev  0x0000000000001d66      0x163 ../nios1_bsp/\libhal_bsp.a(alt_iic.o)
 .debug_abbrev  0x0000000000001ec9      0x169 ../nios1_bsp/\libhal_bsp.a(alt_iic_isr_register.o)
 .debug_abbrev  0x0000000000002032      0x114 ../nios1_bsp/\libhal_bsp.a(alt_io_redirect.o)
 .debug_abbrev  0x0000000000002146       0x12 ../nios1_bsp/\libhal_bsp.a(alt_irq_entry.o)
 .debug_abbrev  0x0000000000002158      0x122 ../nios1_bsp/\libhal_bsp.a(alt_irq_handler.o)
 .debug_abbrev  0x000000000000227a       0x40 ../nios1_bsp/\libhal_bsp.a(alt_irq_vars.o)
 .debug_abbrev  0x00000000000022ba      0x148 ../nios1_bsp/\libhal_bsp.a(alt_open.o)
 .debug_abbrev  0x0000000000002402       0xde ../nios1_bsp/\libhal_bsp.a(alt_release_fd.o)
 .debug_abbrev  0x00000000000024e0      0x15a ../nios1_bsp/\libhal_bsp.a(alt_tick.o)
 .debug_abbrev  0x000000000000263a       0x42 ../nios1_bsp/\libhal_bsp.a(altera_nios2_gen2_irq.o)
 .debug_abbrev  0x000000000000267c       0x12 ../nios1_bsp/\libhal_bsp.a(alt_exception_entry.o)
 .debug_abbrev  0x000000000000268e       0xf0 ../nios1_bsp/\libhal_bsp.a(alt_find_dev.o)
 .debug_abbrev  0x000000000000277e       0xf0 ../nios1_bsp/\libhal_bsp.a(alt_find_file.o)
 .debug_abbrev  0x000000000000286e      0x10d ../nios1_bsp/\libhal_bsp.a(alt_get_fd.o)
 .debug_abbrev  0x000000000000297b       0xdc ../nios1_bsp/\libhal_bsp.a(alt_instruction_exception_entry.o)
 .debug_abbrev  0x0000000000002a57       0x8b d:/modelsim/nios2eds/bin/gnu/h-x86_64-mingw32/bin/../lib/gcc/nios2-elf/5.3.0/../../../../../H-x86_64-mingw32/nios2-elf/lib/mno-hw-mul\libsmallc.a(lib_a-exit.o)
 .debug_abbrev  0x0000000000002ae2       0x7f d:/modelsim/nios2eds/bin/gnu/h-x86_64-mingw32/bin/../lib/gcc/nios2-elf/5.3.0/../../../../../H-x86_64-mingw32/nios2-elf/lib/mno-hw-mul\libsmallc.a(lib_a-memcmp.o)
 .debug_abbrev  0x0000000000002b61       0x9c d:/modelsim/nios2eds/bin/gnu/h-x86_64-mingw32/bin/../lib/gcc/nios2-elf/5.3.0/../../../../../H-x86_64-mingw32/nios2-elf/lib/mno-hw-mul\libsmallc.a(lib_a-memcpy.o)
 .debug_abbrev  0x0000000000002bfd      0x1f6 d:/modelsim/nios2eds/bin/gnu/h-x86_64-mingw32/bin/../lib/gcc/nios2-elf/5.3.0/../../../../../H-x86_64-mingw32/nios2-elf/lib/mno-hw-mul\libsmallc.a(lib_a-__call_atexit.o)
 .debug_abbrev  0x0000000000002df3       0xa9 ../nios1_bsp/\libhal_bsp.a(alt_exit.o)

.debug_line     0x0000000000000000     0x31e0
 *(.debug_line)
 .debug_line    0x0000000000000000       0x66 ../nios1_bsp//obj/HAL/src/crt0.o
 .debug_line    0x0000000000000066       0x78 obj/default/hello_world.o
 .debug_line    0x00000000000000de      0x203 d:/modelsim/nios2eds/bin/gnu/h-x86_64-mingw32/bin/../lib/gcc/nios2-elf/5.3.0/../../../../../H-x86_64-mingw32/nios2-elf/lib/mno-hw-mul\libsmallc.a(lib_a-printf.o)
 .debug_line    0x00000000000002e1      0x351 d:/modelsim/nios2eds/bin/gnu/h-x86_64-mingw32/bin/../lib/gcc/nios2-elf/5.3.0/../../../../../H-x86_64-mingw32/nios2-elf/lib/mno-hw-mul\libsmallc.a(lib_a-vfprintf.o)
 .debug_line    0x0000000000000632      0x1f0 d:/modelsim/nios2eds/bin/gnu/h-x86_64-mingw32/bin/../lib/gcc/nios2-elf/5.3.0/../../../../../H-x86_64-mingw32/nios2-elf/lib/mno-hw-mul\libsmallc.a(lib_a-fvwrite_small_dev.o)
 .debug_line    0x0000000000000822      0x156 d:/modelsim/nios2eds/bin/gnu/h-x86_64-mingw32/bin/../lib/gcc/nios2-elf/5.3.0/../../../../../H-x86_64-mingw32/nios2-elf/lib/mno-hw-mul\libsmallc.a(lib_a-impure.o)
 .debug_line    0x0000000000000978      0x15c d:/modelsim/nios2eds/bin/gnu/h-x86_64-mingw32/bin/../lib/gcc/nios2-elf/5.3.0/../../../../../H-x86_64-mingw32/nios2-elf/lib/mno-hw-mul\libsmallc.a(lib_a-strlen.o)
 .debug_line    0x0000000000000ad4      0x1ed d:/modelsim/nios2eds/bin/gnu/h-x86_64-mingw32/bin/../lib/gcc/nios2-elf/5.3.0/../../../../../H-x86_64-mingw32/nios2-elf/lib/mno-hw-mul\libsmallc.a(lib_a-writer.o)
 .debug_line    0x0000000000000cc1       0x5f d:/modelsim/nios2eds/bin/gnu/h-x86_64-mingw32/bin/../lib/gcc/nios2-elf/5.3.0/../../../../../H-x86_64-mingw32/nios2-elf/lib/mno-hw-mul\libsmallc.a(lib_a-int_errno.o)
 .debug_line    0x0000000000000d20      0x105 d:/modelsim/nios2eds/bin/gnu/h-x86_64-mingw32/bin/../lib/gcc/nios2-elf/5.3.0/mno-hw-mul\libgcc.a(lib2-divmod.o)
 .debug_line    0x0000000000000e25       0x80 d:/modelsim/nios2eds/bin/gnu/h-x86_64-mingw32/bin/../lib/gcc/nios2-elf/5.3.0/mno-hw-mul\libgcc.a(lib2-mul.o)
 .debug_line    0x0000000000000ea5       0x8e ../nios1_bsp/\libhal_bsp.a(alt_load.o)
 .debug_line    0x0000000000000f33       0x9e ../nios1_bsp/\libhal_bsp.a(alt_main.o)
 .debug_line    0x0000000000000fd1       0xa2 ../nios1_bsp/\libhal_bsp.a(alt_usleep.o)
 .debug_line    0x0000000000001073      0x1c5 ../nios1_bsp/\libhal_bsp.a(alt_write.o)
 .debug_line    0x0000000000001238      0x137 ../nios1_bsp/\libhal_bsp.a(alt_sys_init.o)
 .debug_line    0x000000000000136f      0x12f ../nios1_bsp/\libhal_bsp.a(altera_avalon_jtag_uart_fd.o)
 .debug_line    0x000000000000149e      0x18b ../nios1_bsp/\libhal_bsp.a(altera_avalon_jtag_uart_init.o)
 .debug_line    0x0000000000001629      0x131 ../nios1_bsp/\libhal_bsp.a(altera_avalon_jtag_uart_ioctl.o)
 .debug_line    0x000000000000175a      0x171 ../nios1_bsp/\libhal_bsp.a(altera_avalon_jtag_uart_read.o)
 .debug_line    0x00000000000018cb      0x170 ../nios1_bsp/\libhal_bsp.a(altera_avalon_jtag_uart_write.o)
 .debug_line    0x0000000000001a3b       0xf9 ../nios1_bsp/\libhal_bsp.a(alt_alarm_start.o)
 .debug_line    0x0000000000001b34       0xa2 ../nios1_bsp/\libhal_bsp.a(alt_busy_sleep.o)
 .debug_line    0x0000000000001bd6      0x15a ../nios1_bsp/\libhal_bsp.a(alt_close.o)
 .debug_line    0x0000000000001d30       0x51 ../nios1_bsp/\libhal_bsp.a(alt_dcache_flush_all.o)
 .debug_line    0x0000000000001d81       0xed ../nios1_bsp/\libhal_bsp.a(alt_dev.o)
 .debug_line    0x0000000000001e6e       0xcf ../nios1_bsp/\libhal_bsp.a(alt_dev_llist_insert.o)
 .debug_line    0x0000000000001f3d       0x51 ../nios1_bsp/\libhal_bsp.a(alt_errno.o)
 .debug_line    0x0000000000001f8e       0x4f ../nios1_bsp/\libhal_bsp.a(alt_icache_flush_all.o)
 .debug_line    0x0000000000001fdd       0xeb ../nios1_bsp/\libhal_bsp.a(alt_iic.o)
 .debug_line    0x00000000000020c8       0xdb ../nios1_bsp/\libhal_bsp.a(alt_iic_isr_register.o)
 .debug_line    0x00000000000021a3      0x12a ../nios1_bsp/\libhal_bsp.a(alt_io_redirect.o)
 .debug_line    0x00000000000022cd       0x6b ../nios1_bsp/\libhal_bsp.a(alt_irq_entry.o)
 .debug_line    0x0000000000002338       0xaa ../nios1_bsp/\libhal_bsp.a(alt_irq_handler.o)
 .debug_line    0x00000000000023e2       0x50 ../nios1_bsp/\libhal_bsp.a(alt_irq_vars.o)
 .debug_line    0x0000000000002432      0x12b ../nios1_bsp/\libhal_bsp.a(alt_open.o)
 .debug_line    0x000000000000255d       0xb0 ../nios1_bsp/\libhal_bsp.a(alt_release_fd.o)
 .debug_line    0x000000000000260d       0xff ../nios1_bsp/\libhal_bsp.a(alt_tick.o)
 .debug_line    0x000000000000270c       0x51 ../nios1_bsp/\libhal_bsp.a(altera_nios2_gen2_irq.o)
 .debug_line    0x000000000000275d       0xb3 ../nios1_bsp/\libhal_bsp.a(alt_exception_entry.o)
 .debug_line    0x0000000000002810       0xb5 ../nios1_bsp/\libhal_bsp.a(alt_find_dev.o)
 .debug_line    0x00000000000028c5       0xd1 ../nios1_bsp/\libhal_bsp.a(alt_find_file.o)
 .debug_line    0x0000000000002996       0xd7 ../nios1_bsp/\libhal_bsp.a(alt_get_fd.o)
 .debug_line    0x0000000000002a6d       0xb9 ../nios1_bsp/\libhal_bsp.a(alt_instruction_exception_entry.o)
 .debug_line    0x0000000000002b26      0x159 d:/modelsim/nios2eds/bin/gnu/h-x86_64-mingw32/bin/../lib/gcc/nios2-elf/5.3.0/../../../../../H-x86_64-mingw32/nios2-elf/lib/mno-hw-mul\libsmallc.a(lib_a-exit.o)
 .debug_line    0x0000000000002c7f      0x160 d:/modelsim/nios2eds/bin/gnu/h-x86_64-mingw32/bin/../lib/gcc/nios2-elf/5.3.0/../../../../../H-x86_64-mingw32/nios2-elf/lib/mno-hw-mul\libsmallc.a(lib_a-memcmp.o)
 .debug_line    0x0000000000002ddf      0x15e d:/modelsim/nios2eds/bin/gnu/h-x86_64-mingw32/bin/../lib/gcc/nios2-elf/5.3.0/../../../../../H-x86_64-mingw32/nios2-elf/lib/mno-hw-mul\libsmallc.a(lib_a-memcpy.o)
 .debug_line    0x0000000000002f3d      0x232 d:/modelsim/nios2eds/bin/gnu/h-x86_64-mingw32/bin/../lib/gcc/nios2-elf/5.3.0/../../../../../H-x86_64-mingw32/nios2-elf/lib/mno-hw-mul\libsmallc.a(lib_a-__call_atexit.o)
 .debug_line    0x000000000000316f       0x71 ../nios1_bsp/\libhal_bsp.a(alt_exit.o)

.debug_frame    0x0000000000000000      0xc48
 *(.debug_frame)
 .debug_frame   0x0000000000000000       0x2c obj/default/hello_world.o
 .debug_frame   0x000000000000002c       0x48 d:/modelsim/nios2eds/bin/gnu/h-x86_64-mingw32/bin/../lib/gcc/nios2-elf/5.3.0/../../../../../H-x86_64-mingw32/nios2-elf/lib/mno-hw-mul\libsmallc.a(lib_a-printf.o)
 .debug_frame   0x0000000000000074       0x8c d:/modelsim/nios2eds/bin/gnu/h-x86_64-mingw32/bin/../lib/gcc/nios2-elf/5.3.0/../../../../../H-x86_64-mingw32/nios2-elf/lib/mno-hw-mul\libsmallc.a(lib_a-vfprintf.o)
 .debug_frame   0x0000000000000100       0x58 d:/modelsim/nios2eds/bin/gnu/h-x86_64-mingw32/bin/../lib/gcc/nios2-elf/5.3.0/../../../../../H-x86_64-mingw32/nios2-elf/lib/mno-hw-mul\libsmallc.a(lib_a-fvwrite_small_dev.o)
 .debug_frame   0x0000000000000158       0x20 d:/modelsim/nios2eds/bin/gnu/h-x86_64-mingw32/bin/../lib/gcc/nios2-elf/5.3.0/../../../../../H-x86_64-mingw32/nios2-elf/lib/mno-hw-mul\libsmallc.a(lib_a-strlen.o)
 .debug_frame   0x0000000000000178       0x38 d:/modelsim/nios2eds/bin/gnu/h-x86_64-mingw32/bin/../lib/gcc/nios2-elf/5.3.0/../../../../../H-x86_64-mingw32/nios2-elf/lib/mno-hw-mul\libsmallc.a(lib_a-writer.o)
 .debug_frame   0x00000000000001b0       0x50 d:/modelsim/nios2eds/bin/gnu/h-x86_64-mingw32/bin/../lib/gcc/nios2-elf/5.3.0/mno-hw-mul\libgcc.a(lib2-divmod.o)
 .debug_frame   0x0000000000000200       0x20 d:/modelsim/nios2eds/bin/gnu/h-x86_64-mingw32/bin/../lib/gcc/nios2-elf/5.3.0/mno-hw-mul\libgcc.a(lib2-mul.o)
 .debug_frame   0x0000000000000220       0x5c ../nios1_bsp/\libhal_bsp.a(alt_load.o)
 .debug_frame   0x000000000000027c       0x2c ../nios1_bsp/\libhal_bsp.a(alt_main.o)
 .debug_frame   0x00000000000002a8       0x38 ../nios1_bsp/\libhal_bsp.a(alt_usleep.o)
 .debug_frame   0x00000000000002e0       0x60 ../nios1_bsp/\libhal_bsp.a(alt_write.o)
 .debug_frame   0x0000000000000340       0x88 ../nios1_bsp/\libhal_bsp.a(alt_sys_init.o)
 .debug_frame   0x00000000000003c8       0xb0 ../nios1_bsp/\libhal_bsp.a(altera_avalon_jtag_uart_fd.o)
 .debug_frame   0x0000000000000478       0xa4 ../nios1_bsp/\libhal_bsp.a(altera_avalon_jtag_uart_init.o)
 .debug_frame   0x000000000000051c       0x34 ../nios1_bsp/\libhal_bsp.a(altera_avalon_jtag_uart_ioctl.o)
 .debug_frame   0x0000000000000550       0x38 ../nios1_bsp/\libhal_bsp.a(altera_avalon_jtag_uart_read.o)
 .debug_frame   0x0000000000000588       0x38 ../nios1_bsp/\libhal_bsp.a(altera_avalon_jtag_uart_write.o)
 .debug_frame   0x00000000000005c0       0x34 ../nios1_bsp/\libhal_bsp.a(alt_alarm_start.o)
 .debug_frame   0x00000000000005f4       0x38 ../nios1_bsp/\libhal_bsp.a(alt_busy_sleep.o)
 .debug_frame   0x000000000000062c       0x60 ../nios1_bsp/\libhal_bsp.a(alt_close.o)
 .debug_frame   0x000000000000068c       0x34 ../nios1_bsp/\libhal_bsp.a(alt_dcache_flush_all.o)
 .debug_frame   0x00000000000006c0       0x34 ../nios1_bsp/\libhal_bsp.a(alt_dev.o)
 .debug_frame   0x00000000000006f4       0x60 ../nios1_bsp/\libhal_bsp.a(alt_dev_llist_insert.o)
 .debug_frame   0x0000000000000754       0x34 ../nios1_bsp/\libhal_bsp.a(alt_icache_flush_all.o)
 .debug_frame   0x0000000000000788       0xa4 ../nios1_bsp/\libhal_bsp.a(alt_iic.o)
 .debug_frame   0x000000000000082c       0x38 ../nios1_bsp/\libhal_bsp.a(alt_iic_isr_register.o)
 .debug_frame   0x0000000000000864       0x64 ../nios1_bsp/\libhal_bsp.a(alt_io_redirect.o)
 .debug_frame   0x00000000000008c8       0x38 ../nios1_bsp/\libhal_bsp.a(alt_irq_handler.o)
 .debug_frame   0x0000000000000900       0x8c ../nios1_bsp/\libhal_bsp.a(alt_open.o)
 .debug_frame   0x000000000000098c       0x3c ../nios1_bsp/\libhal_bsp.a(alt_release_fd.o)
 .debug_frame   0x00000000000009c8       0x5c ../nios1_bsp/\libhal_bsp.a(alt_tick.o)
 .debug_frame   0x0000000000000a24       0x34 ../nios1_bsp/\libhal_bsp.a(altera_nios2_gen2_irq.o)
 .debug_frame   0x0000000000000a58       0x38 ../nios1_bsp/\libhal_bsp.a(alt_find_dev.o)
 .debug_frame   0x0000000000000a90       0x38 ../nios1_bsp/\libhal_bsp.a(alt_find_file.o)
 .debug_frame   0x0000000000000ac8       0x3c ../nios1_bsp/\libhal_bsp.a(alt_get_fd.o)
 .debug_frame   0x0000000000000b04       0x5c ../nios1_bsp/\libhal_bsp.a(alt_instruction_exception_entry.o)
 .debug_frame   0x0000000000000b60       0x28 d:/modelsim/nios2eds/bin/gnu/h-x86_64-mingw32/bin/../lib/gcc/nios2-elf/5.3.0/../../../../../H-x86_64-mingw32/nios2-elf/lib/mno-hw-mul\libsmallc.a(lib_a-exit.o)
 .debug_frame   0x0000000000000b88       0x20 d:/modelsim/nios2eds/bin/gnu/h-x86_64-mingw32/bin/../lib/gcc/nios2-elf/5.3.0/../../../../../H-x86_64-mingw32/nios2-elf/lib/mno-hw-mul\libsmallc.a(lib_a-memcmp.o)
 .debug_frame   0x0000000000000ba8       0x20 d:/modelsim/nios2eds/bin/gnu/h-x86_64-mingw32/bin/../lib/gcc/nios2-elf/5.3.0/../../../../../H-x86_64-mingw32/nios2-elf/lib/mno-hw-mul\libsmallc.a(lib_a-memcpy.o)
 .debug_frame   0x0000000000000bc8       0x54 d:/modelsim/nios2eds/bin/gnu/h-x86_64-mingw32/bin/../lib/gcc/nios2-elf/5.3.0/../../../../../H-x86_64-mingw32/nios2-elf/lib/mno-hw-mul\libsmallc.a(lib_a-__call_atexit.o)
 .debug_frame   0x0000000000000c1c       0x2c ../nios1_bsp/\libhal_bsp.a(alt_exit.o)

.debug_str      0x0000000000000000     0x1ddb
 *(.debug_str)
 .debug_str     0x0000000000000000       0xee obj/default/hello_world.o
                                        0x138 (size before relaxing)
 .debug_str     0x00000000000000ee      0x429 d:/modelsim/nios2eds/bin/gnu/h-x86_64-mingw32/bin/../lib/gcc/nios2-elf/5.3.0/../../../../../H-x86_64-mingw32/nios2-elf/lib/mno-hw-mul\libsmallc.a(lib_a-printf.o)
                                        0x504 (size before relaxing)
 .debug_str     0x0000000000000517      0x1f9 d:/modelsim/nios2eds/bin/gnu/h-x86_64-mingw32/bin/../lib/gcc/nios2-elf/5.3.0/../../../../../H-x86_64-mingw32/nios2-elf/lib/mno-hw-mul\libsmallc.a(lib_a-vfprintf.o)
                                        0x67f (size before relaxing)
 .debug_str     0x0000000000000710       0x78 d:/modelsim/nios2eds/bin/gnu/h-x86_64-mingw32/bin/../lib/gcc/nios2-elf/5.3.0/../../../../../H-x86_64-mingw32/nios2-elf/lib/mno-hw-mul\libsmallc.a(lib_a-fvwrite_small_dev.o)
                                        0x4d4 (size before relaxing)
 .debug_str     0x0000000000000788       0xef d:/modelsim/nios2eds/bin/gnu/h-x86_64-mingw32/bin/../lib/gcc/nios2-elf/5.3.0/../../../../../H-x86_64-mingw32/nios2-elf/lib/mno-hw-mul\libsmallc.a(lib_a-impure.o)
                                        0x4be (size before relaxing)
 .debug_str     0x0000000000000877       0xd2 d:/modelsim/nios2eds/bin/gnu/h-x86_64-mingw32/bin/../lib/gcc/nios2-elf/5.3.0/../../../../../H-x86_64-mingw32/nios2-elf/lib/mno-hw-mul\libsmallc.a(lib_a-strlen.o)
                                        0x1e5 (size before relaxing)
 .debug_str     0x0000000000000949       0x45 d:/modelsim/nios2eds/bin/gnu/h-x86_64-mingw32/bin/../lib/gcc/nios2-elf/5.3.0/../../../../../H-x86_64-mingw32/nios2-elf/lib/mno-hw-mul\libsmallc.a(lib_a-writer.o)
                                        0x4b8 (size before relaxing)
 .debug_str     0x000000000000098e       0x3f d:/modelsim/nios2eds/bin/gnu/h-x86_64-mingw32/bin/../lib/gcc/nios2-elf/5.3.0/../../../../../H-x86_64-mingw32/nios2-elf/lib/mno-hw-mul\libsmallc.a(lib_a-int_errno.o)
                                        0x1d8 (size before relaxing)
 .debug_str     0x00000000000009cd      0x187 d:/modelsim/nios2eds/bin/gnu/h-x86_64-mingw32/bin/../lib/gcc/nios2-elf/5.3.0/mno-hw-mul\libgcc.a(lib2-divmod.o)
                                        0x1d2 (size before relaxing)
 .debug_str     0x0000000000000b54       0x40 d:/modelsim/nios2eds/bin/gnu/h-x86_64-mingw32/bin/../lib/gcc/nios2-elf/5.3.0/mno-hw-mul\libgcc.a(lib2-mul.o)
                                        0x193 (size before relaxing)
 .debug_str     0x0000000000000b94      0x113 ../nios1_bsp/\libhal_bsp.a(alt_load.o)
                                        0x1fa (size before relaxing)
 .debug_str     0x0000000000000ca7       0x70 ../nios1_bsp/\libhal_bsp.a(alt_main.o)
                                        0x185 (size before relaxing)
 .debug_str     0x0000000000000d17       0x20 ../nios1_bsp/\libhal_bsp.a(alt_usleep.o)
                                        0x130 (size before relaxing)
 .debug_str     0x0000000000000d37      0x153 ../nios1_bsp/\libhal_bsp.a(alt_write.o)
                                        0x2e0 (size before relaxing)
 .debug_str     0x0000000000000e8a      0x15a ../nios1_bsp/\libhal_bsp.a(alt_sys_init.o)
                                        0x340 (size before relaxing)
 .debug_str     0x0000000000000fe4       0xb9 ../nios1_bsp/\libhal_bsp.a(altera_avalon_jtag_uart_fd.o)
                                        0x38c (size before relaxing)
 .debug_str     0x000000000000109d       0xd1 ../nios1_bsp/\libhal_bsp.a(altera_avalon_jtag_uart_init.o)
                                        0x320 (size before relaxing)
 .debug_str     0x000000000000116e       0x4a ../nios1_bsp/\libhal_bsp.a(altera_avalon_jtag_uart_ioctl.o)
                                        0x27b (size before relaxing)
 .debug_str     0x00000000000011b8       0x7f ../nios1_bsp/\libhal_bsp.a(altera_avalon_jtag_uart_read.o)
                                        0x2d0 (size before relaxing)
 .debug_str     0x0000000000001237       0x4a ../nios1_bsp/\libhal_bsp.a(altera_avalon_jtag_uart_write.o)
                                        0x2d1 (size before relaxing)
 .debug_str     0x0000000000001281       0x59 ../nios1_bsp/\libhal_bsp.a(alt_alarm_start.o)
                                        0x266 (size before relaxing)
 .debug_str     0x00000000000012da       0x42 ../nios1_bsp/\libhal_bsp.a(alt_busy_sleep.o)
                                        0x153 (size before relaxing)
 .debug_str     0x000000000000131c       0x1b ../nios1_bsp/\libhal_bsp.a(alt_close.o)
                                        0x1f3 (size before relaxing)
 .debug_str     0x0000000000001337       0x34 ../nios1_bsp/\libhal_bsp.a(alt_dcache_flush_all.o)
                                        0x13d (size before relaxing)
 .debug_str     0x000000000000136b       0x50 ../nios1_bsp/\libhal_bsp.a(alt_dev.o)
                                        0x2ed (size before relaxing)
 .debug_str     0x00000000000013bb       0x34 ../nios1_bsp/\libhal_bsp.a(alt_dev_llist_insert.o)
                                        0x1b4 (size before relaxing)
 .debug_str     0x00000000000013ef       0x14 ../nios1_bsp/\libhal_bsp.a(alt_errno.o)
                                        0x12d (size before relaxing)
 .debug_str     0x0000000000001403       0x34 ../nios1_bsp/\libhal_bsp.a(alt_icache_flush_all.o)
                                        0x13d (size before relaxing)
 .debug_str     0x0000000000001437       0xc4 ../nios1_bsp/\libhal_bsp.a(alt_iic.o)
                                        0x226 (size before relaxing)
 .debug_str     0x00000000000014fb       0x4c ../nios1_bsp/\libhal_bsp.a(alt_iic_isr_register.o)
                                        0x1d0 (size before relaxing)
 .debug_str     0x0000000000001547       0x56 ../nios1_bsp/\libhal_bsp.a(alt_io_redirect.o)
                                        0x2fe (size before relaxing)
 .debug_str     0x000000000000159d       0x3a ../nios1_bsp/\libhal_bsp.a(alt_irq_handler.o)
                                        0x17f (size before relaxing)
 .debug_str     0x00000000000015d7       0x17 ../nios1_bsp/\libhal_bsp.a(alt_irq_vars.o)
                                        0x122 (size before relaxing)
 .debug_str     0x00000000000015ee       0x2f ../nios1_bsp/\libhal_bsp.a(alt_open.o)
                                        0x233 (size before relaxing)
 .debug_str     0x000000000000161d       0x28 ../nios1_bsp/\libhal_bsp.a(alt_release_fd.o)
                                        0x1bb (size before relaxing)
 .debug_str     0x0000000000001645       0x4a ../nios1_bsp/\libhal_bsp.a(alt_tick.o)
                                        0x23a (size before relaxing)
 .debug_str     0x000000000000168f       0x3b ../nios1_bsp/\libhal_bsp.a(altera_nios2_gen2_irq.o)
                                        0x144 (size before relaxing)
 .debug_str     0x00000000000016ca       0x24 ../nios1_bsp/\libhal_bsp.a(alt_find_dev.o)
                                        0x1d4 (size before relaxing)
 .debug_str     0x00000000000016ee       0x26 ../nios1_bsp/\libhal_bsp.a(alt_find_file.o)
                                        0x1e2 (size before relaxing)
 .debug_str     0x0000000000001714       0x30 ../nios1_bsp/\libhal_bsp.a(alt_get_fd.o)
                                        0x204 (size before relaxing)
 .debug_str     0x0000000000001744      0x48b ../nios1_bsp/\libhal_bsp.a(alt_instruction_exception_entry.o)
                                        0x588 (size before relaxing)
 .debug_str     0x0000000000001bcf       0xe1 d:/modelsim/nios2eds/bin/gnu/h-x86_64-mingw32/bin/../lib/gcc/nios2-elf/5.3.0/../../../../../H-x86_64-mingw32/nios2-elf/lib/mno-hw-mul\libsmallc.a(lib_a-exit.o)
                                        0x1f0 (size before relaxing)
 .debug_str     0x0000000000001cb0       0x44 d:/modelsim/nios2eds/bin/gnu/h-x86_64-mingw32/bin/../lib/gcc/nios2-elf/5.3.0/../../../../../H-x86_64-mingw32/nios2-elf/lib/mno-hw-mul\libsmallc.a(lib_a-memcmp.o)
                                        0x1df (size before relaxing)
 .debug_str     0x0000000000001cf4       0x58 d:/modelsim/nios2eds/bin/gnu/h-x86_64-mingw32/bin/../lib/gcc/nios2-elf/5.3.0/../../../../../H-x86_64-mingw32/nios2-elf/lib/mno-hw-mul\libsmallc.a(lib_a-memcpy.o)
                                        0x1f3 (size before relaxing)
 .debug_str     0x0000000000001d4c       0x65 d:/modelsim/nios2eds/bin/gnu/h-x86_64-mingw32/bin/../lib/gcc/nios2-elf/5.3.0/../../../../../H-x86_64-mingw32/nios2-elf/lib/mno-hw-mul\libsmallc.a(lib_a-__call_atexit.o)
                                        0x4eb (size before relaxing)
 .debug_str     0x0000000000001db1       0x2a ../nios1_bsp/\libhal_bsp.a(alt_exit.o)
                                        0x139 (size before relaxing)

.debug_loc      0x0000000000000000     0x148c
 *(.debug_loc)
 .debug_loc     0x0000000000000000       0xc6 d:/modelsim/nios2eds/bin/gnu/h-x86_64-mingw32/bin/../lib/gcc/nios2-elf/5.3.0/../../../../../H-x86_64-mingw32/nios2-elf/lib/mno-hw-mul\libsmallc.a(lib_a-printf.o)
 .debug_loc     0x00000000000000c6      0x954 d:/modelsim/nios2eds/bin/gnu/h-x86_64-mingw32/bin/../lib/gcc/nios2-elf/5.3.0/../../../../../H-x86_64-mingw32/nios2-elf/lib/mno-hw-mul\libsmallc.a(lib_a-vfprintf.o)
 .debug_loc     0x0000000000000a1a      0x110 d:/modelsim/nios2eds/bin/gnu/h-x86_64-mingw32/bin/../lib/gcc/nios2-elf/5.3.0/../../../../../H-x86_64-mingw32/nios2-elf/lib/mno-hw-mul\libsmallc.a(lib_a-fvwrite_small_dev.o)
 .debug_loc     0x0000000000000b2a       0x1e d:/modelsim/nios2eds/bin/gnu/h-x86_64-mingw32/bin/../lib/gcc/nios2-elf/5.3.0/../../../../../H-x86_64-mingw32/nios2-elf/lib/mno-hw-mul\libsmallc.a(lib_a-strlen.o)
 .debug_loc     0x0000000000000b48       0xa5 d:/modelsim/nios2eds/bin/gnu/h-x86_64-mingw32/bin/../lib/gcc/nios2-elf/5.3.0/../../../../../H-x86_64-mingw32/nios2-elf/lib/mno-hw-mul\libsmallc.a(lib_a-writer.o)
 .debug_loc     0x0000000000000bed      0x4ce d:/modelsim/nios2eds/bin/gnu/h-x86_64-mingw32/bin/../lib/gcc/nios2-elf/5.3.0/mno-hw-mul\libgcc.a(lib2-divmod.o)
 .debug_loc     0x00000000000010bb       0x93 d:/modelsim/nios2eds/bin/gnu/h-x86_64-mingw32/bin/../lib/gcc/nios2-elf/5.3.0/mno-hw-mul\libgcc.a(lib2-mul.o)
 .debug_loc     0x000000000000114e       0x1e d:/modelsim/nios2eds/bin/gnu/h-x86_64-mingw32/bin/../lib/gcc/nios2-elf/5.3.0/../../../../../H-x86_64-mingw32/nios2-elf/lib/mno-hw-mul\libsmallc.a(lib_a-exit.o)
 .debug_loc     0x000000000000116c       0x94 d:/modelsim/nios2eds/bin/gnu/h-x86_64-mingw32/bin/../lib/gcc/nios2-elf/5.3.0/../../../../../H-x86_64-mingw32/nios2-elf/lib/mno-hw-mul\libsmallc.a(lib_a-memcmp.o)
 .debug_loc     0x0000000000001200      0x135 d:/modelsim/nios2eds/bin/gnu/h-x86_64-mingw32/bin/../lib/gcc/nios2-elf/5.3.0/../../../../../H-x86_64-mingw32/nios2-elf/lib/mno-hw-mul\libsmallc.a(lib_a-memcpy.o)
 .debug_loc     0x0000000000001335      0x157 d:/modelsim/nios2eds/bin/gnu/h-x86_64-mingw32/bin/../lib/gcc/nios2-elf/5.3.0/../../../../../H-x86_64-mingw32/nios2-elf/lib/mno-hw-mul\libsmallc.a(lib_a-__call_atexit.o)

.debug_macinfo
 *(.debug_macinfo)

.debug_weaknames
 *(.debug_weaknames)

.debug_funcnames
 *(.debug_funcnames)

.debug_typenames
 *(.debug_typenames)

.debug_varnames
 *(.debug_varnames)

.debug_alt_sim_info
                0x0000000000000000       0x40
 *(.debug_alt_sim_info)
 .debug_alt_sim_info
                0x0000000000000000       0x10 ../nios1_bsp//obj/HAL/src/crt0.o
 .debug_alt_sim_info
                0x0000000000000010       0x30 ../nios1_bsp/\libhal_bsp.a(alt_busy_sleep.o)
                0x0000000000019c40                __alt_data_end = 0x19c40
                0x0000000000019c40                PROVIDE (__alt_stack_pointer, __alt_data_end)
                [!provide]                        PROVIDE (__alt_stack_limit, __alt_stack_base)
                [!provide]                        PROVIDE (__alt_heap_start, end)
                [!provide]                        PROVIDE (__alt_heap_limit, 0x19c40)
OUTPUT(nios1.elf elf32-littlenios2)

.debug_ranges   0x0000000000000000      0x2c8
 .debug_ranges  0x0000000000000000       0x20 ../nios1_bsp//obj/HAL/src/crt0.o
 .debug_ranges  0x0000000000000020       0x18 d:/modelsim/nios2eds/bin/gnu/h-x86_64-mingw32/bin/../lib/gcc/nios2-elf/5.3.0/../../../../../H-x86_64-mingw32/nios2-elf/lib/mno-hw-mul\libsmallc.a(lib_a-printf.o)
 .debug_ranges  0x0000000000000038       0xc8 d:/modelsim/nios2eds/bin/gnu/h-x86_64-mingw32/bin/../lib/gcc/nios2-elf/5.3.0/../../../../../H-x86_64-mingw32/nios2-elf/lib/mno-hw-mul\libsmallc.a(lib_a-vfprintf.o)
 .debug_ranges  0x0000000000000100       0x28 d:/modelsim/nios2eds/bin/gnu/h-x86_64-mingw32/bin/../lib/gcc/nios2-elf/5.3.0/../../../../../H-x86_64-mingw32/nios2-elf/lib/mno-hw-mul\libsmallc.a(lib_a-fvwrite_small_dev.o)
 .debug_ranges  0x0000000000000128       0x10 d:/modelsim/nios2eds/bin/gnu/h-x86_64-mingw32/bin/../lib/gcc/nios2-elf/5.3.0/../../../../../H-x86_64-mingw32/nios2-elf/lib/mno-hw-mul\libsmallc.a(lib_a-strlen.o)
 .debug_ranges  0x0000000000000138       0x10 d:/modelsim/nios2eds/bin/gnu/h-x86_64-mingw32/bin/../lib/gcc/nios2-elf/5.3.0/../../../../../H-x86_64-mingw32/nios2-elf/lib/mno-hw-mul\libsmallc.a(lib_a-writer.o)
 .debug_ranges  0x0000000000000148       0x60 d:/modelsim/nios2eds/bin/gnu/h-x86_64-mingw32/bin/../lib/gcc/nios2-elf/5.3.0/mno-hw-mul\libgcc.a(lib2-divmod.o)
 .debug_ranges  0x00000000000001a8       0x30 ../nios1_bsp/\libhal_bsp.a(altera_avalon_jtag_uart_init.o)
 .debug_ranges  0x00000000000001d8       0x18 ../nios1_bsp/\libhal_bsp.a(altera_avalon_jtag_uart_read.o)
 .debug_ranges  0x00000000000001f0       0x28 ../nios1_bsp/\libhal_bsp.a(alt_irq_entry.o)
 .debug_ranges  0x0000000000000218       0x10 ../nios1_bsp/\libhal_bsp.a(alt_irq_handler.o)
 .debug_ranges  0x0000000000000228       0x30 ../nios1_bsp/\libhal_bsp.a(alt_exception_entry.o)
 .debug_ranges  0x0000000000000258       0x18 ../nios1_bsp/\libhal_bsp.a(alt_instruction_exception_entry.o)
 .debug_ranges  0x0000000000000270       0x10 d:/modelsim/nios2eds/bin/gnu/h-x86_64-mingw32/bin/../lib/gcc/nios2-elf/5.3.0/../../../../../H-x86_64-mingw32/nios2-elf/lib/mno-hw-mul\libsmallc.a(lib_a-exit.o)
 .debug_ranges  0x0000000000000280       0x10 d:/modelsim/nios2eds/bin/gnu/h-x86_64-mingw32/bin/../lib/gcc/nios2-elf/5.3.0/../../../../../H-x86_64-mingw32/nios2-elf/lib/mno-hw-mul\libsmallc.a(lib_a-memcmp.o)
 .debug_ranges  0x0000000000000290       0x10 d:/modelsim/nios2eds/bin/gnu/h-x86_64-mingw32/bin/../lib/gcc/nios2-elf/5.3.0/../../../../../H-x86_64-mingw32/nios2-elf/lib/mno-hw-mul\libsmallc.a(lib_a-memcpy.o)
 .debug_ranges  0x00000000000002a0       0x28 d:/modelsim/nios2eds/bin/gnu/h-x86_64-mingw32/bin/../lib/gcc/nios2-elf/5.3.0/../../../../../H-x86_64-mingw32/nios2-elf/lib/mno-hw-mul\libsmallc.a(lib_a-__call_atexit.o)
