Archive member included to satisfy reference by file (symbol)

d:/modelsim/nios2eds/bin/gnu/h-x86_64-mingw32/bin/../lib/gcc/nios2-elf/5.3.0/../../../../../H-x86_64-mingw32/nios2-elf/lib/mno-hw-mul\libsmallc.a(lib_a-puts.o)
                              obj/default/hello_world.o (puts)
d:/modelsim/nios2eds/bin/gnu/h-x86_64-mingw32/bin/../lib/gcc/nios2-elf/5.3.0/../../../../../H-x86_64-mingw32/nios2-elf/lib/mno-hw-mul\libsmallc.a(lib_a-strlen.o)
                              d:/modelsim/nios2eds/bin/gnu/h-x86_64-mingw32/bin/../lib/gcc/nios2-elf/5.3.0/../../../../../H-x86_64-mingw32/nios2-elf/lib/mno-hw-mul\libsmallc.a(lib_a-puts.o) (strlen)
d:/modelsim/nios2eds/bin/gnu/h-x86_64-mingw32/bin/../lib/gcc/nios2-elf/5.3.0/../../../../../H-x86_64-mingw32/nios2-elf/lib/mno-hw-mul\libsmallc.a(lib_a-fvwrite_small_dev.o)
                              d:/modelsim/nios2eds/bin/gnu/h-x86_64-mingw32/bin/../lib/gcc/nios2-elf/5.3.0/../../../../../H-x86_64-mingw32/nios2-elf/lib/mno-hw-mul\libsmallc.a(lib_a-puts.o) (__sfvwrite_small_dev)
d:/modelsim/nios2eds/bin/gnu/h-x86_64-mingw32/bin/../lib/gcc/nios2-elf/5.3.0/../../../../../H-x86_64-mingw32/nios2-elf/lib/mno-hw-mul\libsmallc.a(lib_a-impure.o)
                              d:/modelsim/nios2eds/bin/gnu/h-x86_64-mingw32/bin/../lib/gcc/nios2-elf/5.3.0/../../../../../H-x86_64-mingw32/nios2-elf/lib/mno-hw-mul\libsmallc.a(lib_a-puts.o) (_impure_ptr)
d:/modelsim/nios2eds/bin/gnu/h-x86_64-mingw32/bin/../lib/gcc/nios2-elf/5.3.0/../../../../../H-x86_64-mingw32/nios2-elf/lib/mno-hw-mul\libsmallc.a(lib_a-writer.o)
                              d:/modelsim/nios2eds/bin/gnu/h-x86_64-mingw32/bin/../lib/gcc/nios2-elf/5.3.0/../../../../../H-x86_64-mingw32/nios2-elf/lib/mno-hw-mul\libsmallc.a(lib_a-fvwrite_small_dev.o) (_write_r)
d:/modelsim/nios2eds/bin/gnu/h-x86_64-mingw32/bin/../lib/gcc/nios2-elf/5.3.0/../../../../../H-x86_64-mingw32/nios2-elf/lib/mno-hw-mul\libsmallc.a(lib_a-int_errno.o)
                              d:/modelsim/nios2eds/bin/gnu/h-x86_64-mingw32/bin/../lib/gcc/nios2-elf/5.3.0/../../../../../H-x86_64-mingw32/nios2-elf/lib/mno-hw-mul\libsmallc.a(lib_a-writer.o) (errno)
../compas_bsp/\libhal_bsp.a(alt_load.o)
                              ../compas_bsp//obj/HAL/src/crt0.o (alt_load)
../compas_bsp/\libhal_bsp.a(alt_main.o)
                              ../compas_bsp//obj/HAL/src/crt0.o (alt_main)
../compas_bsp/\libhal_bsp.a(alt_write.o)
                              d:/modelsim/nios2eds/bin/gnu/h-x86_64-mingw32/bin/../lib/gcc/nios2-elf/5.3.0/../../../../../H-x86_64-mingw32/nios2-elf/lib/mno-hw-mul\libsmallc.a(lib_a-writer.o) (write)
../compas_bsp/\libhal_bsp.a(alt_sys_init.o)
                              ../compas_bsp/\libhal_bsp.a(alt_main.o) (alt_irq_init)
../compas_bsp/\libhal_bsp.a(altera_avalon_jtag_uart_fd.o)
                              ../compas_bsp/\libhal_bsp.a(alt_sys_init.o) (altera_avalon_jtag_uart_read_fd)
../compas_bsp/\libhal_bsp.a(altera_avalon_jtag_uart_init.o)
                              ../compas_bsp/\libhal_bsp.a(alt_sys_init.o) (altera_avalon_jtag_uart_init)
../compas_bsp/\libhal_bsp.a(altera_avalon_jtag_uart_ioctl.o)
                              ../compas_bsp/\libhal_bsp.a(altera_avalon_jtag_uart_fd.o) (altera_avalon_jtag_uart_ioctl)
../compas_bsp/\libhal_bsp.a(altera_avalon_jtag_uart_read.o)
                              ../compas_bsp/\libhal_bsp.a(altera_avalon_jtag_uart_fd.o) (altera_avalon_jtag_uart_read)
../compas_bsp/\libhal_bsp.a(altera_avalon_jtag_uart_write.o)
                              ../compas_bsp/\libhal_bsp.a(altera_avalon_jtag_uart_fd.o) (altera_avalon_jtag_uart_write)
../compas_bsp/\libhal_bsp.a(alt_alarm_start.o)
                              ../compas_bsp/\libhal_bsp.a(altera_avalon_jtag_uart_init.o) (alt_alarm_start)
../compas_bsp/\libhal_bsp.a(alt_close.o)
                              ../compas_bsp/\libhal_bsp.a(alt_main.o) (close)
../compas_bsp/\libhal_bsp.a(alt_dcache_flush_all.o)
                              ../compas_bsp/\libhal_bsp.a(alt_load.o) (alt_dcache_flush_all)
../compas_bsp/\libhal_bsp.a(alt_dev.o)
                              ../compas_bsp/\libhal_bsp.a(alt_sys_init.o) (alt_dev_list)
../compas_bsp/\libhal_bsp.a(alt_dev_llist_insert.o)
                              ../compas_bsp/\libhal_bsp.a(alt_sys_init.o) (alt_dev_llist_insert)
../compas_bsp/\libhal_bsp.a(alt_errno.o)
                              ../compas_bsp/\libhal_bsp.a(alt_write.o) (alt_errno)
../compas_bsp/\libhal_bsp.a(alt_icache_flush_all.o)
                              ../compas_bsp/\libhal_bsp.a(alt_load.o) (alt_icache_flush_all)
../compas_bsp/\libhal_bsp.a(alt_iic.o)
                              ../compas_bsp/\libhal_bsp.a(altera_avalon_jtag_uart_init.o) (alt_ic_isr_register)
../compas_bsp/\libhal_bsp.a(alt_iic_isr_register.o)
                              ../compas_bsp/\libhal_bsp.a(alt_iic.o) (alt_iic_isr_register)
../compas_bsp/\libhal_bsp.a(alt_io_redirect.o)
                              ../compas_bsp/\libhal_bsp.a(alt_main.o) (alt_io_redirect)
../compas_bsp/\libhal_bsp.a(alt_irq_entry.o)
                              ../compas_bsp/\libhal_bsp.a(alt_iic_isr_register.o) (alt_irq_entry)
../compas_bsp/\libhal_bsp.a(alt_irq_handler.o)
                              ../compas_bsp/\libhal_bsp.a(alt_iic_isr_register.o) (alt_irq)
../compas_bsp/\libhal_bsp.a(alt_irq_vars.o)
                              ../compas_bsp/\libhal_bsp.a(alt_iic.o) (alt_irq_active)
../compas_bsp/\libhal_bsp.a(alt_open.o)
                              ../compas_bsp/\libhal_bsp.a(alt_io_redirect.o) (open)
../compas_bsp/\libhal_bsp.a(alt_release_fd.o)
                              ../compas_bsp/\libhal_bsp.a(alt_close.o) (alt_release_fd)
../compas_bsp/\libhal_bsp.a(alt_tick.o)
                              ../compas_bsp/\libhal_bsp.a(altera_avalon_jtag_uart_init.o) (_alt_tick_rate)
../compas_bsp/\libhal_bsp.a(altera_nios2_gen2_irq.o)
                              ../compas_bsp/\libhal_bsp.a(alt_sys_init.o) (altera_nios2_gen2_irq_init)
../compas_bsp/\libhal_bsp.a(alt_exception_entry.o)
                              ../compas_bsp/\libhal_bsp.a(alt_irq_entry.o) (alt_exception)
../compas_bsp/\libhal_bsp.a(alt_find_dev.o)
                              ../compas_bsp/\libhal_bsp.a(alt_open.o) (alt_find_dev)
../compas_bsp/\libhal_bsp.a(alt_find_file.o)
                              ../compas_bsp/\libhal_bsp.a(alt_open.o) (alt_find_file)
../compas_bsp/\libhal_bsp.a(alt_get_fd.o)
                              ../compas_bsp/\libhal_bsp.a(alt_open.o) (alt_get_fd)
../compas_bsp/\libhal_bsp.a(alt_instruction_exception_entry.o)
                              ../compas_bsp/\libhal_bsp.a(alt_exception_entry.o) (alt_instruction_exception_entry)
d:/modelsim/nios2eds/bin/gnu/h-x86_64-mingw32/bin/../lib/gcc/nios2-elf/5.3.0/../../../../../H-x86_64-mingw32/nios2-elf/lib/mno-hw-mul\libsmallc.a(lib_a-exit.o)
                              ../compas_bsp/\libhal_bsp.a(alt_main.o) (exit)
d:/modelsim/nios2eds/bin/gnu/h-x86_64-mingw32/bin/../lib/gcc/nios2-elf/5.3.0/../../../../../H-x86_64-mingw32/nios2-elf/lib/mno-hw-mul\libsmallc.a(lib_a-memcmp.o)
                              ../compas_bsp/\libhal_bsp.a(alt_find_dev.o) (memcmp)
d:/modelsim/nios2eds/bin/gnu/h-x86_64-mingw32/bin/../lib/gcc/nios2-elf/5.3.0/../../../../../H-x86_64-mingw32/nios2-elf/lib/mno-hw-mul\libsmallc.a(lib_a-memcpy.o)
                              ../compas_bsp/\libhal_bsp.a(altera_avalon_jtag_uart_read.o) (memcpy)
d:/modelsim/nios2eds/bin/gnu/h-x86_64-mingw32/bin/../lib/gcc/nios2-elf/5.3.0/../../../../../H-x86_64-mingw32/nios2-elf/lib/mno-hw-mul\libsmallc.a(lib_a-__call_atexit.o)
                              d:/modelsim/nios2eds/bin/gnu/h-x86_64-mingw32/bin/../lib/gcc/nios2-elf/5.3.0/../../../../../H-x86_64-mingw32/nios2-elf/lib/mno-hw-mul\libsmallc.a(lib_a-exit.o) (__call_exitprocs)
d:/modelsim/nios2eds/bin/gnu/h-x86_64-mingw32/bin/../lib/gcc/nios2-elf/5.3.0/mno-hw-mul\libgcc.a(lib2-mul.o)
                              ../compas_bsp/\libhal_bsp.a(alt_write.o) (__mulsi3)
../compas_bsp/\libhal_bsp.a(alt_exit.o)
                              d:/modelsim/nios2eds/bin/gnu/h-x86_64-mingw32/bin/../lib/gcc/nios2-elf/5.3.0/../../../../../H-x86_64-mingw32/nios2-elf/lib/mno-hw-mul\libsmallc.a(lib_a-exit.o) (_exit)

Allocating common symbols
Common symbol       size              file

alt_irq             0x100             ../compas_bsp/\libhal_bsp.a(alt_irq_handler.o)
errno               0x4               d:/modelsim/nios2eds/bin/gnu/h-x86_64-mingw32/bin/../lib/gcc/nios2-elf/5.3.0/../../../../../H-x86_64-mingw32/nios2-elf/lib/mno-hw-mul\libsmallc.a(lib_a-int_errno.o)

Memory Configuration

Name             Origin             Length             Attributes
reset            0x0000000000010000 0x0000000000000020
memory           0x0000000000010020 0x0000000000009c20
*default*        0x0000000000000000 0xffffffffffffffff

Linker script and memory map

LOAD ../compas_bsp//obj/HAL/src/crt0.o
LOAD obj/default/hello_world.o
LOAD d:/modelsim/nios2eds/bin/gnu/h-x86_64-mingw32/bin/../lib/gcc/nios2-elf/5.3.0/../../../../../H-x86_64-mingw32/nios2-elf/lib/mno-hw-mul\libstdc++.a
LOAD d:/modelsim/nios2eds/bin/gnu/h-x86_64-mingw32/bin/../lib/gcc/nios2-elf/5.3.0/../../../../../H-x86_64-mingw32/nios2-elf/lib/mno-hw-mul\libm.a
LOAD d:/modelsim/nios2eds/bin/gnu/h-x86_64-mingw32/bin/../lib/gcc/nios2-elf/5.3.0/mno-hw-mul\libgcc.a
START GROUP
LOAD d:/modelsim/nios2eds/bin/gnu/h-x86_64-mingw32/bin/../lib/gcc/nios2-elf/5.3.0/../../../../../H-x86_64-mingw32/nios2-elf/lib/mno-hw-mul\libsmallc.a
LOAD d:/modelsim/nios2eds/bin/gnu/h-x86_64-mingw32/bin/../lib/gcc/nios2-elf/5.3.0/mno-hw-mul\libgcc.a
LOAD ../compas_bsp/\libhal_bsp.a
LOAD d:/modelsim/nios2eds/bin/gnu/h-x86_64-mingw32/bin/../lib/gcc/nios2-elf/5.3.0/../../../../../H-x86_64-mingw32/nios2-elf/lib/mno-hw-mul\libm.a
END GROUP
LOAD d:/modelsim/nios2eds/bin/gnu/h-x86_64-mingw32/bin/../lib/gcc/nios2-elf/5.3.0/mno-hw-mul\libgcc.a
                0x0000000000010000                __alt_mem_memory = 0x10000

.entry          0x0000000000010000       0x20
 *(.entry)
 .entry         0x0000000000010000       0x20 ../compas_bsp//obj/HAL/src/crt0.o
                0x0000000000010000                __reset

.exceptions     0x0000000000010020      0x210
                0x0000000000010020                PROVIDE (__ram_exceptions_start, ABSOLUTE (.))
                0x0000000000010020                . = ALIGN (0x20)
 *(.irq)
 *(.exceptions.entry.label)
 .exceptions.entry.label
                0x0000000000010020        0x0 ../compas_bsp/\libhal_bsp.a(alt_irq_entry.o)
                0x0000000000010020                alt_irq_entry
 .exceptions.entry.label
                0x0000000000010020        0x0 ../compas_bsp/\libhal_bsp.a(alt_exception_entry.o)
                0x0000000000010020                alt_exception
 *(.exceptions.entry.user)
 *(.exceptions.entry.ecc_fatal)
 *(.exceptions.entry)
 .exceptions.entry
                0x0000000000010020       0x54 ../compas_bsp/\libhal_bsp.a(alt_exception_entry.o)
 *(.exceptions.irqtest.user)
 *(.exceptions.irqtest)
 .exceptions.irqtest
                0x0000000000010074       0x10 ../compas_bsp/\libhal_bsp.a(alt_irq_entry.o)
 *(.exceptions.irqhandler.user)
 *(.exceptions.irqhandler)
 .exceptions.irqhandler
                0x0000000000010084        0x4 ../compas_bsp/\libhal_bsp.a(alt_irq_entry.o)
 *(.exceptions.irqreturn.user)
 *(.exceptions.irqreturn)
 .exceptions.irqreturn
                0x0000000000010088        0x4 ../compas_bsp/\libhal_bsp.a(alt_irq_entry.o)
 *(.exceptions.notirq.label)
 .exceptions.notirq.label
                0x000000000001008c        0x0 ../compas_bsp/\libhal_bsp.a(alt_irq_entry.o)
 *(.exceptions.notirq.user)
 *(.exceptions.notirq)
 .exceptions.notirq
                0x000000000001008c        0x8 ../compas_bsp/\libhal_bsp.a(alt_exception_entry.o)
 *(.exceptions.soft.user)
 *(.exceptions.soft)
 *(.exceptions.unknown.user)
 *(.exceptions.unknown)
 .exceptions.unknown
                0x0000000000010094       0x14 ../compas_bsp/\libhal_bsp.a(alt_exception_entry.o)
 *(.exceptions.exit.label)
 .exceptions.exit.label
                0x00000000000100a8        0x0 ../compas_bsp/\libhal_bsp.a(alt_irq_entry.o)
 .exceptions.exit.label
                0x00000000000100a8        0x0 ../compas_bsp/\libhal_bsp.a(alt_exception_entry.o)
 *(.exceptions.exit.user)
 *(.exceptions.exit)
 .exceptions.exit
                0x00000000000100a8       0x54 ../compas_bsp/\libhal_bsp.a(alt_exception_entry.o)
 *(.exceptions)
 .exceptions    0x00000000000100fc       0xd4 ../compas_bsp/\libhal_bsp.a(alt_irq_handler.o)
                0x00000000000100fc                alt_irq_handler
 .exceptions    0x00000000000101d0       0x60 ../compas_bsp/\libhal_bsp.a(alt_instruction_exception_entry.o)
                0x00000000000101d0                alt_instruction_exception_entry
                0x0000000000010230                PROVIDE (__ram_exceptions_end, ABSOLUTE (.))
                0x0000000000010020                PROVIDE (__flash_exceptions_start, LOADADDR (.exceptions))

.text           0x0000000000010230     0x219c
                [!provide]                        PROVIDE (stext, ABSOLUTE (.))
 *(.interp)
 *(.hash)
 *(.dynsym)
 *(.dynstr)
 *(.gnu.version)
 *(.gnu.version_d)
 *(.gnu.version_r)
 *(.rel.init)
 *(.rela.init)
 *(.rel.text .rel.text.* .rel.gnu.linkonce.t.*)
 *(.rela.text .rela.text.* .rela.gnu.linkonce.t.*)
 *(.rel.fini)
 *(.rela.fini)
 *(.rel.rodata .rel.rodata.* .rel.gnu.linkonce.r.*)
 *(.rela.rodata .rela.rodata.* .rela.gnu.linkonce.r.*)
 *(.rel.data .rel.data.* .rel.gnu.linkonce.d.*)
 *(.rela.data .rela.data.* .rela.gnu.linkonce.d.*)
 *(.rel.tdata .rel.tdata.* .rel.gnu.linkonce.td.*)
 *(.rela.tdata .rela.tdata.* .rela.gnu.linkonce.td.*)
 *(.rel.tbss .rel.tbss.* .rel.gnu.linkonce.tb.*)
 *(.rela.tbss .rela.tbss.* .rela.gnu.linkonce.tb.*)
 *(.rel.ctors)
 *(.rela.ctors)
 *(.rel.dtors)
 *(.rela.dtors)
 *(.rel.got)
 *(.rela.got)
 *(.rel.sdata .rel.sdata.* .rel.gnu.linkonce.s.*)
 *(.rela.sdata .rela.sdata.* .rela.gnu.linkonce.s.*)
 *(.rel.sbss .rel.sbss.* .rel.gnu.linkonce.sb.*)
 *(.rela.sbss .rela.sbss.* .rela.gnu.linkonce.sb.*)
 *(.rel.sdata2 .rel.sdata2.* .rel.gnu.linkonce.s2.*)
 *(.rela.sdata2 .rela.sdata2.* .rela.gnu.linkonce.s2.*)
 *(.rel.sbss2 .rel.sbss2.* .rel.gnu.linkonce.sb2.*)
 *(.rela.sbss2 .rela.sbss2.* .rela.gnu.linkonce.sb2.*)
 *(.rel.bss .rel.bss.* .rel.gnu.linkonce.b.*)
 *(.rela.bss .rela.bss.* .rela.gnu.linkonce.b.*)
 *(.rel.plt)
 *(.rela.plt)
 *(.rel.dyn)
 *(.init)
 *(.plt)
 *(.text .stub .text.* .gnu.linkonce.t.*)
 .text          0x0000000000010230       0x3c ../compas_bsp//obj/HAL/src/crt0.o
                0x0000000000010230                _start
 .text          0x000000000001026c       0x34 obj/default/hello_world.o
                0x000000000001026c                main
 .text          0x00000000000102a0        0x0 d:/modelsim/nios2eds/bin/gnu/h-x86_64-mingw32/bin/../lib/gcc/nios2-elf/5.3.0/../../../../../H-x86_64-mingw32/nios2-elf/lib/mno-hw-mul\libsmallc.a(lib_a-puts.o)
 .text._puts_r  0x00000000000102a0       0x80 d:/modelsim/nios2eds/bin/gnu/h-x86_64-mingw32/bin/../lib/gcc/nios2-elf/5.3.0/../../../../../H-x86_64-mingw32/nios2-elf/lib/mno-hw-mul\libsmallc.a(lib_a-puts.o)
                0x00000000000102a0                _puts_r
 .text.puts     0x0000000000010320       0x14 d:/modelsim/nios2eds/bin/gnu/h-x86_64-mingw32/bin/../lib/gcc/nios2-elf/5.3.0/../../../../../H-x86_64-mingw32/nios2-elf/lib/mno-hw-mul\libsmallc.a(lib_a-puts.o)
                0x0000000000010320                puts
 .text          0x0000000000010334        0x0 d:/modelsim/nios2eds/bin/gnu/h-x86_64-mingw32/bin/../lib/gcc/nios2-elf/5.3.0/../../../../../H-x86_64-mingw32/nios2-elf/lib/mno-hw-mul\libsmallc.a(lib_a-strlen.o)
 .text.strlen   0x0000000000010334       0x1c d:/modelsim/nios2eds/bin/gnu/h-x86_64-mingw32/bin/../lib/gcc/nios2-elf/5.3.0/../../../../../H-x86_64-mingw32/nios2-elf/lib/mno-hw-mul\libsmallc.a(lib_a-strlen.o)
                0x0000000000010334                strlen
 .text          0x0000000000010350        0x0 d:/modelsim/nios2eds/bin/gnu/h-x86_64-mingw32/bin/../lib/gcc/nios2-elf/5.3.0/../../../../../H-x86_64-mingw32/nios2-elf/lib/mno-hw-mul\libsmallc.a(lib_a-fvwrite_small_dev.o)
 .text.__sfvwrite_small_dev
                0x0000000000010350       0xb8 d:/modelsim/nios2eds/bin/gnu/h-x86_64-mingw32/bin/../lib/gcc/nios2-elf/5.3.0/../../../../../H-x86_64-mingw32/nios2-elf/lib/mno-hw-mul\libsmallc.a(lib_a-fvwrite_small_dev.o)
                0x0000000000010350                __sfvwrite_small_dev
 .text          0x0000000000010408        0x0 d:/modelsim/nios2eds/bin/gnu/h-x86_64-mingw32/bin/../lib/gcc/nios2-elf/5.3.0/../../../../../H-x86_64-mingw32/nios2-elf/lib/mno-hw-mul\libsmallc.a(lib_a-impure.o)
 .text          0x0000000000010408        0x0 d:/modelsim/nios2eds/bin/gnu/h-x86_64-mingw32/bin/../lib/gcc/nios2-elf/5.3.0/../../../../../H-x86_64-mingw32/nios2-elf/lib/mno-hw-mul\libsmallc.a(lib_a-writer.o)
 .text._write_r
                0x0000000000010408       0x58 d:/modelsim/nios2eds/bin/gnu/h-x86_64-mingw32/bin/../lib/gcc/nios2-elf/5.3.0/../../../../../H-x86_64-mingw32/nios2-elf/lib/mno-hw-mul\libsmallc.a(lib_a-writer.o)
                0x0000000000010408                _write_r
 .text          0x0000000000010460        0x0 d:/modelsim/nios2eds/bin/gnu/h-x86_64-mingw32/bin/../lib/gcc/nios2-elf/5.3.0/../../../../../H-x86_64-mingw32/nios2-elf/lib/mno-hw-mul\libsmallc.a(lib_a-int_errno.o)
 .text          0x0000000000010460       0xec ../compas_bsp/\libhal_bsp.a(alt_load.o)
                0x00000000000104c8                alt_load
 .text          0x000000000001054c       0x6c ../compas_bsp/\libhal_bsp.a(alt_main.o)
                0x000000000001054c                alt_main
 .text          0x00000000000105b8      0x13c ../compas_bsp/\libhal_bsp.a(alt_write.o)
                0x00000000000105f4                write
 .text          0x00000000000106f4       0xb8 ../compas_bsp/\libhal_bsp.a(alt_sys_init.o)
                0x0000000000010728                alt_irq_init
                0x0000000000010760                alt_sys_init
 .text          0x00000000000107ac      0x164 ../compas_bsp/\libhal_bsp.a(altera_avalon_jtag_uart_fd.o)
                0x00000000000107ac                altera_avalon_jtag_uart_read_fd
                0x000000000001080c                altera_avalon_jtag_uart_write_fd
                0x000000000001086c                altera_avalon_jtag_uart_close_fd
                0x00000000000108bc                altera_avalon_jtag_uart_ioctl_fd
 .text          0x0000000000010910      0x3d4 ../compas_bsp/\libhal_bsp.a(altera_avalon_jtag_uart_init.o)
                0x0000000000010910                altera_avalon_jtag_uart_init
                0x0000000000010c7c                altera_avalon_jtag_uart_close
 .text          0x0000000000010ce4       0xf0 ../compas_bsp/\libhal_bsp.a(altera_avalon_jtag_uart_ioctl.o)
                0x0000000000010ce4                altera_avalon_jtag_uart_ioctl
 .text          0x0000000000010dd4      0x21c ../compas_bsp/\libhal_bsp.a(altera_avalon_jtag_uart_read.o)
                0x0000000000010dd4                altera_avalon_jtag_uart_read
 .text          0x0000000000010ff0      0x224 ../compas_bsp/\libhal_bsp.a(altera_avalon_jtag_uart_write.o)
                0x0000000000010ff0                altera_avalon_jtag_uart_write
 .text          0x0000000000011214      0x12c ../compas_bsp/\libhal_bsp.a(alt_alarm_start.o)
                0x0000000000011214                alt_alarm_start
 .text          0x0000000000011340      0x114 ../compas_bsp/\libhal_bsp.a(alt_close.o)
                0x000000000001137c                close
 .text          0x0000000000011454       0x20 ../compas_bsp/\libhal_bsp.a(alt_dcache_flush_all.o)
                0x0000000000011454                alt_dcache_flush_all
 .text          0x0000000000011474       0x2c ../compas_bsp/\libhal_bsp.a(alt_dev.o)
 .text          0x00000000000114a0       0xe0 ../compas_bsp/\libhal_bsp.a(alt_dev_llist_insert.o)
                0x00000000000114dc                alt_dev_llist_insert
 .text          0x0000000000011580        0x0 ../compas_bsp/\libhal_bsp.a(alt_errno.o)
 .text          0x0000000000011580       0x20 ../compas_bsp/\libhal_bsp.a(alt_icache_flush_all.o)
                0x0000000000011580                alt_icache_flush_all
 .text          0x00000000000115a0      0x1b0 ../compas_bsp/\libhal_bsp.a(alt_iic.o)
                0x00000000000115a0                alt_ic_isr_register
                0x00000000000115f0                alt_ic_irq_enable
                0x0000000000011678                alt_ic_irq_disable
                0x0000000000011704                alt_ic_irq_enabled
 .text          0x0000000000011750       0xf0 ../compas_bsp/\libhal_bsp.a(alt_iic_isr_register.o)
                0x0000000000011750                alt_iic_isr_register
 .text          0x0000000000011840      0x160 ../compas_bsp/\libhal_bsp.a(alt_io_redirect.o)
                0x0000000000011924                alt_io_redirect
 .text          0x00000000000119a0        0x0 ../compas_bsp/\libhal_bsp.a(alt_irq_entry.o)
 .text          0x00000000000119a0        0x0 ../compas_bsp/\libhal_bsp.a(alt_irq_handler.o)
 .text          0x00000000000119a0        0x0 ../compas_bsp/\libhal_bsp.a(alt_irq_vars.o)
 .text          0x00000000000119a0      0x284 ../compas_bsp/\libhal_bsp.a(alt_open.o)
                0x0000000000011ac8                open
 .text          0x0000000000011c24       0x84 ../compas_bsp/\libhal_bsp.a(alt_release_fd.o)
                0x0000000000011c24                alt_release_fd
 .text          0x0000000000011ca8      0x1a4 ../compas_bsp/\libhal_bsp.a(alt_tick.o)
                0x0000000000011ca8                alt_alarm_stop
                0x0000000000011d44                alt_tick
 .text          0x0000000000011e4c       0x24 ../compas_bsp/\libhal_bsp.a(altera_nios2_gen2_irq.o)
                0x0000000000011e4c                altera_nios2_gen2_irq_init
 .text          0x0000000000011e70        0x0 ../compas_bsp/\libhal_bsp.a(alt_exception_entry.o)
 .text          0x0000000000011e70       0x90 ../compas_bsp/\libhal_bsp.a(alt_find_dev.o)
                0x0000000000011e70                alt_find_dev
 .text          0x0000000000011f00      0x108 ../compas_bsp/\libhal_bsp.a(alt_find_file.o)
                0x0000000000011f00                alt_find_file
 .text          0x0000000000012008       0xc4 ../compas_bsp/\libhal_bsp.a(alt_get_fd.o)
                0x0000000000012008                alt_get_fd
 .text          0x00000000000120cc       0x9c ../compas_bsp/\libhal_bsp.a(alt_instruction_exception_entry.o)
                0x00000000000120cc                alt_exception_cause_generated_bad_addr
 .text          0x0000000000012168        0x0 d:/modelsim/nios2eds/bin/gnu/h-x86_64-mingw32/bin/../lib/gcc/nios2-elf/5.3.0/../../../../../H-x86_64-mingw32/nios2-elf/lib/mno-hw-mul\libsmallc.a(lib_a-exit.o)
 .text.exit     0x0000000000012168       0x20 d:/modelsim/nios2eds/bin/gnu/h-x86_64-mingw32/bin/../lib/gcc/nios2-elf/5.3.0/../../../../../H-x86_64-mingw32/nios2-elf/lib/mno-hw-mul\libsmallc.a(lib_a-exit.o)
                0x0000000000012168                exit
 .text          0x0000000000012188        0x0 d:/modelsim/nios2eds/bin/gnu/h-x86_64-mingw32/bin/../lib/gcc/nios2-elf/5.3.0/../../../../../H-x86_64-mingw32/nios2-elf/lib/mno-hw-mul\libsmallc.a(lib_a-memcmp.o)
 .text.memcmp   0x0000000000012188       0x30 d:/modelsim/nios2eds/bin/gnu/h-x86_64-mingw32/bin/../lib/gcc/nios2-elf/5.3.0/../../../../../H-x86_64-mingw32/nios2-elf/lib/mno-hw-mul\libsmallc.a(lib_a-memcmp.o)
                0x0000000000012188                memcmp
 .text          0x00000000000121b8        0x0 d:/modelsim/nios2eds/bin/gnu/h-x86_64-mingw32/bin/../lib/gcc/nios2-elf/5.3.0/../../../../../H-x86_64-mingw32/nios2-elf/lib/mno-hw-mul\libsmallc.a(lib_a-memcpy.o)
 .text.memcpy   0x00000000000121b8       0x28 d:/modelsim/nios2eds/bin/gnu/h-x86_64-mingw32/bin/../lib/gcc/nios2-elf/5.3.0/../../../../../H-x86_64-mingw32/nios2-elf/lib/mno-hw-mul\libsmallc.a(lib_a-memcpy.o)
                0x00000000000121b8                memcpy
 .text          0x00000000000121e0        0x0 d:/modelsim/nios2eds/bin/gnu/h-x86_64-mingw32/bin/../lib/gcc/nios2-elf/5.3.0/../../../../../H-x86_64-mingw32/nios2-elf/lib/mno-hw-mul\libsmallc.a(lib_a-__call_atexit.o)
 .text.__call_exitprocs
                0x00000000000121e0      0x190 d:/modelsim/nios2eds/bin/gnu/h-x86_64-mingw32/bin/../lib/gcc/nios2-elf/5.3.0/../../../../../H-x86_64-mingw32/nios2-elf/lib/mno-hw-mul\libsmallc.a(lib_a-__call_atexit.o)
                0x00000000000121e0                __call_exitprocs
 .text          0x0000000000012370       0x28 d:/modelsim/nios2eds/bin/gnu/h-x86_64-mingw32/bin/../lib/gcc/nios2-elf/5.3.0/mno-hw-mul\libgcc.a(lib2-mul.o)
                0x0000000000012370                __mulsi3
 .text          0x0000000000012398       0x34 ../compas_bsp/\libhal_bsp.a(alt_exit.o)
                0x0000000000012398                _exit
 *(.gnu.warning.*)
 *(.fini)
                [!provide]                        PROVIDE (__etext, ABSOLUTE (.))
                [!provide]                        PROVIDE (_etext, ABSOLUTE (.))
                [!provide]                        PROVIDE (etext, ABSOLUTE (.))
 *(.eh_frame_hdr)
                0x00000000000123cc                . = ALIGN (0x4)
                [!provide]                        PROVIDE (__preinit_array_start, ABSOLUTE (.))
 *(.preinit_array)
                [!provide]                        PROVIDE (__preinit_array_end, ABSOLUTE (.))
                [!provide]                        PROVIDE (__init_array_start, ABSOLUTE (.))
 *(.init_array)
                [!provide]                        PROVIDE (__init_array_end, ABSOLUTE (.))
                [!provide]                        PROVIDE (__fini_array_start, ABSOLUTE (.))
 *(.fini_array)
                [!provide]                        PROVIDE (__fini_array_end, ABSOLUTE (.))
 *(.eh_frame)
 *(.gcc_except_table .gcc_except_table.*)
 *(.dynamic)
                [!provide]                        PROVIDE (__CTOR_LIST__, ABSOLUTE (.))
 *(.ctors)
 *(SORT(.ctors.*))
                [!provide]                        PROVIDE (__CTOR_END__, ABSOLUTE (.))
                [!provide]                        PROVIDE (__DTOR_LIST__, ABSOLUTE (.))
 *(.dtors)
 *(SORT(.dtors.*))
                [!provide]                        PROVIDE (__DTOR_END__, ABSOLUTE (.))
 *(.jcr)
                0x00000000000123cc                . = ALIGN (0x4)

.rodata         0x00000000000123cc       0x4c
                0x00000000000123cc                PROVIDE (__ram_rodata_start, ABSOLUTE (.))
                0x00000000000123cc                . = ALIGN (0x4)
 *(.rodata .rodata.* .gnu.linkonce.r.*)
 .rodata        0x00000000000123cc       0x14 obj/default/hello_world.o
 .rodata.str1.4
                0x00000000000123e0        0x4 d:/modelsim/nios2eds/bin/gnu/h-x86_64-mingw32/bin/../lib/gcc/nios2-elf/5.3.0/../../../../../H-x86_64-mingw32/nios2-elf/lib/mno-hw-mul\libsmallc.a(lib_a-puts.o)
                                          0x2 (size before relaxing)
 .rodata        0x00000000000123e4       0x11 ../compas_bsp/\libhal_bsp.a(alt_main.o)
 *fill*         0x00000000000123f5        0x3 
 .rodata        0x00000000000123f8       0x11 ../compas_bsp/\libhal_bsp.a(alt_sys_init.o)
 *fill*         0x0000000000012409        0x3 
 .rodata        0x000000000001240c        0xa ../compas_bsp/\libhal_bsp.a(alt_dev.o)
 *(.rodata1)
                0x0000000000012418                . = ALIGN (0x4)
 *fill*         0x0000000000012416        0x2 
                0x0000000000012418                PROVIDE (__ram_rodata_end, ABSOLUTE (.))
                0x00000000000123cc                PROVIDE (__flash_rodata_start, LOADADDR (.rodata))

.rwdata         0x0000000000012418     0x1314 load address 0x000000000001372c
                0x0000000000012418                PROVIDE (__ram_rwdata_start, ABSOLUTE (.))
                0x0000000000012418                . = ALIGN (0x4)
 *(.got.plt)
 *(.got)
 *(.data1)
 *(.data .data.* .gnu.linkonce.d.*)
 .data          0x0000000000012418        0x0 ../compas_bsp//obj/HAL/src/crt0.o
 .data          0x0000000000012418        0x0 obj/default/hello_world.o
 .data          0x0000000000012418        0x0 d:/modelsim/nios2eds/bin/gnu/h-x86_64-mingw32/bin/../lib/gcc/nios2-elf/5.3.0/../../../../../H-x86_64-mingw32/nios2-elf/lib/mno-hw-mul\libsmallc.a(lib_a-puts.o)
 .data          0x0000000000012418        0x0 d:/modelsim/nios2eds/bin/gnu/h-x86_64-mingw32/bin/../lib/gcc/nios2-elf/5.3.0/../../../../../H-x86_64-mingw32/nios2-elf/lib/mno-hw-mul\libsmallc.a(lib_a-strlen.o)
 .data          0x0000000000012418        0x0 d:/modelsim/nios2eds/bin/gnu/h-x86_64-mingw32/bin/../lib/gcc/nios2-elf/5.3.0/../../../../../H-x86_64-mingw32/nios2-elf/lib/mno-hw-mul\libsmallc.a(lib_a-fvwrite_small_dev.o)
 .data          0x0000000000012418        0x0 d:/modelsim/nios2eds/bin/gnu/h-x86_64-mingw32/bin/../lib/gcc/nios2-elf/5.3.0/../../../../../H-x86_64-mingw32/nios2-elf/lib/mno-hw-mul\libsmallc.a(lib_a-impure.o)
 .data.impure_data
                0x0000000000012418       0xe0 d:/modelsim/nios2eds/bin/gnu/h-x86_64-mingw32/bin/../lib/gcc/nios2-elf/5.3.0/../../../../../H-x86_64-mingw32/nios2-elf/lib/mno-hw-mul\libsmallc.a(lib_a-impure.o)
 .data          0x00000000000124f8        0x0 d:/modelsim/nios2eds/bin/gnu/h-x86_64-mingw32/bin/../lib/gcc/nios2-elf/5.3.0/../../../../../H-x86_64-mingw32/nios2-elf/lib/mno-hw-mul\libsmallc.a(lib_a-writer.o)
 .data          0x00000000000124f8        0x0 d:/modelsim/nios2eds/bin/gnu/h-x86_64-mingw32/bin/../lib/gcc/nios2-elf/5.3.0/../../../../../H-x86_64-mingw32/nios2-elf/lib/mno-hw-mul\libsmallc.a(lib_a-int_errno.o)
 .data          0x00000000000124f8        0x0 ../compas_bsp/\libhal_bsp.a(alt_load.o)
 .data          0x00000000000124f8        0x0 ../compas_bsp/\libhal_bsp.a(alt_main.o)
 .data          0x00000000000124f8        0x0 ../compas_bsp/\libhal_bsp.a(alt_write.o)
 .data          0x00000000000124f8     0x1060 ../compas_bsp/\libhal_bsp.a(alt_sys_init.o)
 .data          0x0000000000013558        0x0 ../compas_bsp/\libhal_bsp.a(altera_avalon_jtag_uart_fd.o)
 .data          0x0000000000013558        0x0 ../compas_bsp/\libhal_bsp.a(altera_avalon_jtag_uart_init.o)
 .data          0x0000000000013558        0x0 ../compas_bsp/\libhal_bsp.a(altera_avalon_jtag_uart_ioctl.o)
 .data          0x0000000000013558        0x0 ../compas_bsp/\libhal_bsp.a(altera_avalon_jtag_uart_read.o)
 .data          0x0000000000013558        0x0 ../compas_bsp/\libhal_bsp.a(altera_avalon_jtag_uart_write.o)
 .data          0x0000000000013558        0x0 ../compas_bsp/\libhal_bsp.a(alt_alarm_start.o)
 .data          0x0000000000013558        0x0 ../compas_bsp/\libhal_bsp.a(alt_close.o)
 .data          0x0000000000013558        0x0 ../compas_bsp/\libhal_bsp.a(alt_dcache_flush_all.o)
 .data          0x0000000000013558      0x1a8 ../compas_bsp/\libhal_bsp.a(alt_dev.o)
                0x0000000000013558                alt_dev_null
                0x0000000000013580                alt_fd_list
 .data          0x0000000000013700        0x0 ../compas_bsp/\libhal_bsp.a(alt_dev_llist_insert.o)
 .data          0x0000000000013700        0x0 ../compas_bsp/\libhal_bsp.a(alt_errno.o)
 .data          0x0000000000013700        0x0 ../compas_bsp/\libhal_bsp.a(alt_icache_flush_all.o)
 .data          0x0000000000013700        0x0 ../compas_bsp/\libhal_bsp.a(alt_iic.o)
 .data          0x0000000000013700        0x0 ../compas_bsp/\libhal_bsp.a(alt_iic_isr_register.o)
 .data          0x0000000000013700        0x0 ../compas_bsp/\libhal_bsp.a(alt_io_redirect.o)
 .data          0x0000000000013700        0x0 ../compas_bsp/\libhal_bsp.a(alt_irq_entry.o)
 .data          0x0000000000013700        0x0 ../compas_bsp/\libhal_bsp.a(alt_irq_handler.o)
 .data          0x0000000000013700        0x0 ../compas_bsp/\libhal_bsp.a(alt_irq_vars.o)
 .data          0x0000000000013700        0x0 ../compas_bsp/\libhal_bsp.a(alt_open.o)
 .data          0x0000000000013700        0x0 ../compas_bsp/\libhal_bsp.a(alt_release_fd.o)
 .data          0x0000000000013700        0x0 ../compas_bsp/\libhal_bsp.a(alt_tick.o)
 .data          0x0000000000013700        0x0 ../compas_bsp/\libhal_bsp.a(altera_nios2_gen2_irq.o)
 .data          0x0000000000013700        0x0 ../compas_bsp/\libhal_bsp.a(alt_exception_entry.o)
 .data          0x0000000000013700        0x0 ../compas_bsp/\libhal_bsp.a(alt_find_dev.o)
 .data          0x0000000000013700        0x0 ../compas_bsp/\libhal_bsp.a(alt_find_file.o)
 .data          0x0000000000013700        0x0 ../compas_bsp/\libhal_bsp.a(alt_get_fd.o)
 .data          0x0000000000013700        0x0 ../compas_bsp/\libhal_bsp.a(alt_instruction_exception_entry.o)
 .data          0x0000000000013700        0x0 d:/modelsim/nios2eds/bin/gnu/h-x86_64-mingw32/bin/../lib/gcc/nios2-elf/5.3.0/../../../../../H-x86_64-mingw32/nios2-elf/lib/mno-hw-mul\libsmallc.a(lib_a-exit.o)
 .data          0x0000000000013700        0x0 d:/modelsim/nios2eds/bin/gnu/h-x86_64-mingw32/bin/../lib/gcc/nios2-elf/5.3.0/../../../../../H-x86_64-mingw32/nios2-elf/lib/mno-hw-mul\libsmallc.a(lib_a-memcmp.o)
 .data          0x0000000000013700        0x0 d:/modelsim/nios2eds/bin/gnu/h-x86_64-mingw32/bin/../lib/gcc/nios2-elf/5.3.0/../../../../../H-x86_64-mingw32/nios2-elf/lib/mno-hw-mul\libsmallc.a(lib_a-memcpy.o)
 .data          0x0000000000013700        0x0 d:/modelsim/nios2eds/bin/gnu/h-x86_64-mingw32/bin/../lib/gcc/nios2-elf/5.3.0/../../../../../H-x86_64-mingw32/nios2-elf/lib/mno-hw-mul\libsmallc.a(lib_a-__call_atexit.o)
 .data          0x0000000000013700        0x0 d:/modelsim/nios2eds/bin/gnu/h-x86_64-mingw32/bin/../lib/gcc/nios2-elf/5.3.0/mno-hw-mul\libgcc.a(lib2-mul.o)
 .data          0x0000000000013700        0x0 ../compas_bsp/\libhal_bsp.a(alt_exit.o)
                0x000000000001b700                _gp = ABSOLUTE ((. + 0x8000))
                [!provide]                        PROVIDE (gp, _gp)
 *(.rwdata .rwdata.*)
 *(.sdata .sdata.* .gnu.linkonce.s.*)
 .sdata._global_impure_ptr
                0x0000000000013700        0x4 d:/modelsim/nios2eds/bin/gnu/h-x86_64-mingw32/bin/../lib/gcc/nios2-elf/5.3.0/../../../../../H-x86_64-mingw32/nios2-elf/lib/mno-hw-mul\libsmallc.a(lib_a-impure.o)
                0x0000000000013700                _global_impure_ptr
 .sdata._impure_ptr
                0x0000000000013704        0x4 d:/modelsim/nios2eds/bin/gnu/h-x86_64-mingw32/bin/../lib/gcc/nios2-elf/5.3.0/../../../../../H-x86_64-mingw32/nios2-elf/lib/mno-hw-mul\libsmallc.a(lib_a-impure.o)
                0x0000000000013704                _impure_ptr
 .sdata         0x0000000000013708       0x14 ../compas_bsp/\libhal_bsp.a(alt_dev.o)
                0x0000000000013708                alt_fs_list
                0x0000000000013710                alt_dev_list
                0x0000000000013718                alt_max_fd
 .sdata         0x000000000001371c        0x4 ../compas_bsp/\libhal_bsp.a(alt_errno.o)
                0x000000000001371c                alt_errno
 .sdata         0x0000000000013720        0x4 ../compas_bsp/\libhal_bsp.a(alt_irq_vars.o)
                0x0000000000013720                alt_priority_mask
 .sdata         0x0000000000013724        0x8 ../compas_bsp/\libhal_bsp.a(alt_tick.o)
                0x0000000000013724                alt_alarm_list
 *(.sdata2 .sdata2.* .gnu.linkonce.s2.*)
                0x000000000001372c                . = ALIGN (0x4)
                0x000000000001372c                _edata = ABSOLUTE (.)
                [!provide]                        PROVIDE (edata, ABSOLUTE (.))
                0x000000000001372c                PROVIDE (__ram_rwdata_end, ABSOLUTE (.))
                0x000000000001372c                PROVIDE (__flash_rwdata_start, LOADADDR (.rwdata))

.bss            0x0000000000014a40      0x120
                0x0000000000014a40                __bss_start = ABSOLUTE (.)
                [!provide]                        PROVIDE (__sbss_start, ABSOLUTE (.))
                [!provide]                        PROVIDE (___sbss_start, ABSOLUTE (.))
 *(.dynsbss)
 *(.sbss .sbss.* .gnu.linkonce.sb.*)
 .sbss          0x0000000000014a40        0x4 d:/modelsim/nios2eds/bin/gnu/h-x86_64-mingw32/bin/../lib/gcc/nios2-elf/5.3.0/../../../../../H-x86_64-mingw32/nios2-elf/lib/mno-hw-mul\libsmallc.a(lib_a-int_errno.o)
                0x0000000000014a40                errno
 .sbss          0x0000000000014a44        0xc ../compas_bsp/\libhal_bsp.a(alt_main.o)
                0x0000000000014a44                alt_argc
                0x0000000000014a48                alt_argv
                0x0000000000014a4c                alt_envp
 .sbss          0x0000000000014a50        0x4 ../compas_bsp/\libhal_bsp.a(alt_irq_vars.o)
                0x0000000000014a50                alt_irq_active
 .sbss          0x0000000000014a54        0x8 ../compas_bsp/\libhal_bsp.a(alt_tick.o)
                0x0000000000014a54                _alt_tick_rate
                0x0000000000014a58                _alt_nticks
 .sbss          0x0000000000014a5c        0x4 ../compas_bsp/\libhal_bsp.a(alt_instruction_exception_entry.o)
                0x0000000000014a5c                alt_instruction_exception_handler
 *(.sbss2 .sbss2.* .gnu.linkonce.sb2.*)
 *(.scommon)
                [!provide]                        PROVIDE (__sbss_end, ABSOLUTE (.))
                [!provide]                        PROVIDE (___sbss_end, ABSOLUTE (.))
 *(.dynbss)
 *(.bss .bss.* .gnu.linkonce.b.*)
 .bss           0x0000000000014a60        0x0 ../compas_bsp//obj/HAL/src/crt0.o
 .bss           0x0000000000014a60        0x0 obj/default/hello_world.o
 .bss           0x0000000000014a60        0x0 d:/modelsim/nios2eds/bin/gnu/h-x86_64-mingw32/bin/../lib/gcc/nios2-elf/5.3.0/../../../../../H-x86_64-mingw32/nios2-elf/lib/mno-hw-mul\libsmallc.a(lib_a-puts.o)
 .bss           0x0000000000014a60        0x0 d:/modelsim/nios2eds/bin/gnu/h-x86_64-mingw32/bin/../lib/gcc/nios2-elf/5.3.0/../../../../../H-x86_64-mingw32/nios2-elf/lib/mno-hw-mul\libsmallc.a(lib_a-strlen.o)
 .bss           0x0000000000014a60        0x0 d:/modelsim/nios2eds/bin/gnu/h-x86_64-mingw32/bin/../lib/gcc/nios2-elf/5.3.0/../../../../../H-x86_64-mingw32/nios2-elf/lib/mno-hw-mul\libsmallc.a(lib_a-fvwrite_small_dev.o)
 .bss           0x0000000000014a60        0x0 d:/modelsim/nios2eds/bin/gnu/h-x86_64-mingw32/bin/../lib/gcc/nios2-elf/5.3.0/../../../../../H-x86_64-mingw32/nios2-elf/lib/mno-hw-mul\libsmallc.a(lib_a-impure.o)
 .bss           0x0000000000014a60        0x0 d:/modelsim/nios2eds/bin/gnu/h-x86_64-mingw32/bin/../lib/gcc/nios2-elf/5.3.0/../../../../../H-x86_64-mingw32/nios2-elf/lib/mno-hw-mul\libsmallc.a(lib_a-writer.o)
 .bss           0x0000000000014a60        0x0 d:/modelsim/nios2eds/bin/gnu/h-x86_64-mingw32/bin/../lib/gcc/nios2-elf/5.3.0/../../../../../H-x86_64-mingw32/nios2-elf/lib/mno-hw-mul\libsmallc.a(lib_a-int_errno.o)
 .bss           0x0000000000014a60        0x0 ../compas_bsp/\libhal_bsp.a(alt_load.o)
 .bss           0x0000000000014a60        0x0 ../compas_bsp/\libhal_bsp.a(alt_main.o)
 .bss           0x0000000000014a60        0x0 ../compas_bsp/\libhal_bsp.a(alt_write.o)
 .bss           0x0000000000014a60        0x0 ../compas_bsp/\libhal_bsp.a(alt_sys_init.o)
 .bss           0x0000000000014a60        0x0 ../compas_bsp/\libhal_bsp.a(altera_avalon_jtag_uart_fd.o)
 .bss           0x0000000000014a60        0x0 ../compas_bsp/\libhal_bsp.a(altera_avalon_jtag_uart_init.o)
 .bss           0x0000000000014a60        0x0 ../compas_bsp/\libhal_bsp.a(altera_avalon_jtag_uart_ioctl.o)
 .bss           0x0000000000014a60        0x0 ../compas_bsp/\libhal_bsp.a(altera_avalon_jtag_uart_read.o)
 .bss           0x0000000000014a60        0x0 ../compas_bsp/\libhal_bsp.a(altera_avalon_jtag_uart_write.o)
 .bss           0x0000000000014a60        0x0 ../compas_bsp/\libhal_bsp.a(alt_alarm_start.o)
 .bss           0x0000000000014a60        0x0 ../compas_bsp/\libhal_bsp.a(alt_close.o)
 .bss           0x0000000000014a60        0x0 ../compas_bsp/\libhal_bsp.a(alt_dcache_flush_all.o)
 .bss           0x0000000000014a60        0x0 ../compas_bsp/\libhal_bsp.a(alt_dev.o)
 .bss           0x0000000000014a60        0x0 ../compas_bsp/\libhal_bsp.a(alt_dev_llist_insert.o)
 .bss           0x0000000000014a60        0x0 ../compas_bsp/\libhal_bsp.a(alt_errno.o)
 .bss           0x0000000000014a60        0x0 ../compas_bsp/\libhal_bsp.a(alt_icache_flush_all.o)
 .bss           0x0000000000014a60        0x0 ../compas_bsp/\libhal_bsp.a(alt_iic.o)
 .bss           0x0000000000014a60        0x0 ../compas_bsp/\libhal_bsp.a(alt_iic_isr_register.o)
 .bss           0x0000000000014a60        0x0 ../compas_bsp/\libhal_bsp.a(alt_io_redirect.o)
 .bss           0x0000000000014a60        0x0 ../compas_bsp/\libhal_bsp.a(alt_irq_entry.o)
 .bss           0x0000000000014a60        0x0 ../compas_bsp/\libhal_bsp.a(alt_irq_handler.o)
 .bss           0x0000000000014a60        0x0 ../compas_bsp/\libhal_bsp.a(alt_irq_vars.o)
 .bss           0x0000000000014a60        0x0 ../compas_bsp/\libhal_bsp.a(alt_open.o)
 .bss           0x0000000000014a60        0x0 ../compas_bsp/\libhal_bsp.a(alt_release_fd.o)
 .bss           0x0000000000014a60        0x0 ../compas_bsp/\libhal_bsp.a(alt_tick.o)
 .bss           0x0000000000014a60        0x0 ../compas_bsp/\libhal_bsp.a(altera_nios2_gen2_irq.o)
 .bss           0x0000000000014a60        0x0 ../compas_bsp/\libhal_bsp.a(alt_exception_entry.o)
 .bss           0x0000000000014a60        0x0 ../compas_bsp/\libhal_bsp.a(alt_find_dev.o)
 .bss           0x0000000000014a60        0x0 ../compas_bsp/\libhal_bsp.a(alt_find_file.o)
 .bss           0x0000000000014a60        0x0 ../compas_bsp/\libhal_bsp.a(alt_get_fd.o)
 .bss           0x0000000000014a60        0x0 ../compas_bsp/\libhal_bsp.a(alt_instruction_exception_entry.o)
 .bss           0x0000000000014a60        0x0 d:/modelsim/nios2eds/bin/gnu/h-x86_64-mingw32/bin/../lib/gcc/nios2-elf/5.3.0/../../../../../H-x86_64-mingw32/nios2-elf/lib/mno-hw-mul\libsmallc.a(lib_a-exit.o)
 .bss           0x0000000000014a60        0x0 d:/modelsim/nios2eds/bin/gnu/h-x86_64-mingw32/bin/../lib/gcc/nios2-elf/5.3.0/../../../../../H-x86_64-mingw32/nios2-elf/lib/mno-hw-mul\libsmallc.a(lib_a-memcmp.o)
 .bss           0x0000000000014a60        0x0 d:/modelsim/nios2eds/bin/gnu/h-x86_64-mingw32/bin/../lib/gcc/nios2-elf/5.3.0/../../../../../H-x86_64-mingw32/nios2-elf/lib/mno-hw-mul\libsmallc.a(lib_a-memcpy.o)
 .bss           0x0000000000014a60        0x0 d:/modelsim/nios2eds/bin/gnu/h-x86_64-mingw32/bin/../lib/gcc/nios2-elf/5.3.0/../../../../../H-x86_64-mingw32/nios2-elf/lib/mno-hw-mul\libsmallc.a(lib_a-__call_atexit.o)
 .bss           0x0000000000014a60        0x0 d:/modelsim/nios2eds/bin/gnu/h-x86_64-mingw32/bin/../lib/gcc/nios2-elf/5.3.0/mno-hw-mul\libgcc.a(lib2-mul.o)
 .bss           0x0000000000014a60        0x0 ../compas_bsp/\libhal_bsp.a(alt_exit.o)
 *(COMMON)
 COMMON         0x0000000000014a60      0x100 ../compas_bsp/\libhal_bsp.a(alt_irq_handler.o)
                0x0000000000014a60                alt_irq
                0x0000000000014b60                . = ALIGN (0x4)
                0x0000000000014b60                __bss_end = ABSOLUTE (.)

.memory         0x0000000000014b60        0x0
                [!provide]                        PROVIDE (_alt_partition_memory_start, ABSOLUTE (.))
 *(.memory .memory. memory.*)
                0x0000000000014b60                . = ALIGN (0x4)
                [!provide]                        PROVIDE (_alt_partition_memory_end, ABSOLUTE (.))
                0x0000000000014b60                _end = ABSOLUTE (.)
                0x0000000000014b60                end = ABSOLUTE (.)
                0x0000000000014b60                __alt_stack_base = ABSOLUTE (.)
                [!provide]                        PROVIDE (_alt_partition_memory_load_addr, LOADADDR (.memory))

.stab
 *(.stab)

.stabstr
 *(.stabstr)

.stab.excl
 *(.stab.excl)

.stab.exclstr
 *(.stab.exclstr)

.stab.index
 *(.stab.index)

.stab.indexstr
 *(.stab.indexstr)

.comment        0x0000000000000000       0x23
 *(.comment)
 .comment       0x0000000000000000       0x23 obj/default/hello_world.o
                                         0x24 (size before relaxing)
 .comment       0x0000000000000023       0x24 d:/modelsim/nios2eds/bin/gnu/h-x86_64-mingw32/bin/../lib/gcc/nios2-elf/5.3.0/../../../../../H-x86_64-mingw32/nios2-elf/lib/mno-hw-mul\libsmallc.a(lib_a-puts.o)
 .comment       0x0000000000000023       0x24 d:/modelsim/nios2eds/bin/gnu/h-x86_64-mingw32/bin/../lib/gcc/nios2-elf/5.3.0/../../../../../H-x86_64-mingw32/nios2-elf/lib/mno-hw-mul\libsmallc.a(lib_a-strlen.o)
 .comment       0x0000000000000023       0x24 d:/modelsim/nios2eds/bin/gnu/h-x86_64-mingw32/bin/../lib/gcc/nios2-elf/5.3.0/../../../../../H-x86_64-mingw32/nios2-elf/lib/mno-hw-mul\libsmallc.a(lib_a-fvwrite_small_dev.o)
 .comment       0x0000000000000023       0x24 d:/modelsim/nios2eds/bin/gnu/h-x86_64-mingw32/bin/../lib/gcc/nios2-elf/5.3.0/../../../../../H-x86_64-mingw32/nios2-elf/lib/mno-hw-mul\libsmallc.a(lib_a-impure.o)
 .comment       0x0000000000000023       0x24 d:/modelsim/nios2eds/bin/gnu/h-x86_64-mingw32/bin/../lib/gcc/nios2-elf/5.3.0/../../../../../H-x86_64-mingw32/nios2-elf/lib/mno-hw-mul\libsmallc.a(lib_a-writer.o)
 .comment       0x0000000000000023       0x24 d:/modelsim/nios2eds/bin/gnu/h-x86_64-mingw32/bin/../lib/gcc/nios2-elf/5.3.0/../../../../../H-x86_64-mingw32/nios2-elf/lib/mno-hw-mul\libsmallc.a(lib_a-int_errno.o)
 .comment       0x0000000000000023       0x24 ../compas_bsp/\libhal_bsp.a(alt_load.o)
 .comment       0x0000000000000023       0x24 ../compas_bsp/\libhal_bsp.a(alt_main.o)
 .comment       0x0000000000000023       0x24 ../compas_bsp/\libhal_bsp.a(alt_write.o)
 .comment       0x0000000000000023       0x24 ../compas_bsp/\libhal_bsp.a(alt_sys_init.o)
 .comment       0x0000000000000023       0x24 ../compas_bsp/\libhal_bsp.a(altera_avalon_jtag_uart_fd.o)
 .comment       0x0000000000000023       0x24 ../compas_bsp/\libhal_bsp.a(altera_avalon_jtag_uart_init.o)
 .comment       0x0000000000000023       0x24 ../compas_bsp/\libhal_bsp.a(altera_avalon_jtag_uart_ioctl.o)
 .comment       0x0000000000000023       0x24 ../compas_bsp/\libhal_bsp.a(altera_avalon_jtag_uart_read.o)
 .comment       0x0000000000000023       0x24 ../compas_bsp/\libhal_bsp.a(altera_avalon_jtag_uart_write.o)
 .comment       0x0000000000000023       0x24 ../compas_bsp/\libhal_bsp.a(alt_alarm_start.o)
 .comment       0x0000000000000023       0x24 ../compas_bsp/\libhal_bsp.a(alt_close.o)
 .comment       0x0000000000000023       0x24 ../compas_bsp/\libhal_bsp.a(alt_dcache_flush_all.o)
 .comment       0x0000000000000023       0x24 ../compas_bsp/\libhal_bsp.a(alt_dev.o)
 .comment       0x0000000000000023       0x24 ../compas_bsp/\libhal_bsp.a(alt_dev_llist_insert.o)
 .comment       0x0000000000000023       0x24 ../compas_bsp/\libhal_bsp.a(alt_errno.o)
 .comment       0x0000000000000023       0x24 ../compas_bsp/\libhal_bsp.a(alt_icache_flush_all.o)
 .comment       0x0000000000000023       0x24 ../compas_bsp/\libhal_bsp.a(alt_iic.o)
 .comment       0x0000000000000023       0x24 ../compas_bsp/\libhal_bsp.a(alt_iic_isr_register.o)
 .comment       0x0000000000000023       0x24 ../compas_bsp/\libhal_bsp.a(alt_io_redirect.o)
 .comment       0x0000000000000023       0x24 ../compas_bsp/\libhal_bsp.a(alt_irq_handler.o)
 .comment       0x0000000000000023       0x24 ../compas_bsp/\libhal_bsp.a(alt_irq_vars.o)
 .comment       0x0000000000000023       0x24 ../compas_bsp/\libhal_bsp.a(alt_open.o)
 .comment       0x0000000000000023       0x24 ../compas_bsp/\libhal_bsp.a(alt_release_fd.o)
 .comment       0x0000000000000023       0x24 ../compas_bsp/\libhal_bsp.a(alt_tick.o)
 .comment       0x0000000000000023       0x24 ../compas_bsp/\libhal_bsp.a(altera_nios2_gen2_irq.o)
 .comment       0x0000000000000023       0x24 ../compas_bsp/\libhal_bsp.a(alt_find_dev.o)
 .comment       0x0000000000000023       0x24 ../compas_bsp/\libhal_bsp.a(alt_find_file.o)
 .comment       0x0000000000000023       0x24 ../compas_bsp/\libhal_bsp.a(alt_get_fd.o)
 .comment       0x0000000000000023       0x24 ../compas_bsp/\libhal_bsp.a(alt_instruction_exception_entry.o)
 .comment       0x0000000000000023       0x24 d:/modelsim/nios2eds/bin/gnu/h-x86_64-mingw32/bin/../lib/gcc/nios2-elf/5.3.0/../../../../../H-x86_64-mingw32/nios2-elf/lib/mno-hw-mul\libsmallc.a(lib_a-exit.o)
 .comment       0x0000000000000023       0x24 d:/modelsim/nios2eds/bin/gnu/h-x86_64-mingw32/bin/../lib/gcc/nios2-elf/5.3.0/../../../../../H-x86_64-mingw32/nios2-elf/lib/mno-hw-mul\libsmallc.a(lib_a-memcmp.o)
 .comment       0x0000000000000023       0x24 d:/modelsim/nios2eds/bin/gnu/h-x86_64-mingw32/bin/../lib/gcc/nios2-elf/5.3.0/../../../../../H-x86_64-mingw32/nios2-elf/lib/mno-hw-mul\libsmallc.a(lib_a-memcpy.o)
 .comment       0x0000000000000023       0x24 d:/modelsim/nios2eds/bin/gnu/h-x86_64-mingw32/bin/../lib/gcc/nios2-elf/5.3.0/../../../../../H-x86_64-mingw32/nios2-elf/lib/mno-hw-mul\libsmallc.a(lib_a-__call_atexit.o)
 .comment       0x0000000000000023       0x24 d:/modelsim/nios2eds/bin/gnu/h-x86_64-mingw32/bin/../lib/gcc/nios2-elf/5.3.0/mno-hw-mul\libgcc.a(lib2-mul.o)
 .comment       0x0000000000000023       0x24 ../compas_bsp/\libhal_bsp.a(alt_exit.o)

.debug
 *(.debug)

.line
 *(.line)

.debug_srcinfo
 *(.debug_srcinfo)

.debug_sfnames
 *(.debug_sfnames)

.debug_aranges  0x0000000000000000      0x5c0
 *(.debug_aranges)
 .debug_aranges
                0x0000000000000000       0x28 ../compas_bsp//obj/HAL/src/crt0.o
 .debug_aranges
                0x0000000000000028       0x20 obj/default/hello_world.o
 .debug_aranges
                0x0000000000000048       0x28 d:/modelsim/nios2eds/bin/gnu/h-x86_64-mingw32/bin/../lib/gcc/nios2-elf/5.3.0/../../../../../H-x86_64-mingw32/nios2-elf/lib/mno-hw-mul\libsmallc.a(lib_a-puts.o)
 .debug_aranges
                0x0000000000000070       0x20 d:/modelsim/nios2eds/bin/gnu/h-x86_64-mingw32/bin/../lib/gcc/nios2-elf/5.3.0/../../../../../H-x86_64-mingw32/nios2-elf/lib/mno-hw-mul\libsmallc.a(lib_a-strlen.o)
 .debug_aranges
                0x0000000000000090       0x20 d:/modelsim/nios2eds/bin/gnu/h-x86_64-mingw32/bin/../lib/gcc/nios2-elf/5.3.0/../../../../../H-x86_64-mingw32/nios2-elf/lib/mno-hw-mul\libsmallc.a(lib_a-fvwrite_small_dev.o)
 .debug_aranges
                0x00000000000000b0       0x18 d:/modelsim/nios2eds/bin/gnu/h-x86_64-mingw32/bin/../lib/gcc/nios2-elf/5.3.0/../../../../../H-x86_64-mingw32/nios2-elf/lib/mno-hw-mul\libsmallc.a(lib_a-impure.o)
 .debug_aranges
                0x00000000000000c8       0x20 d:/modelsim/nios2eds/bin/gnu/h-x86_64-mingw32/bin/../lib/gcc/nios2-elf/5.3.0/../../../../../H-x86_64-mingw32/nios2-elf/lib/mno-hw-mul\libsmallc.a(lib_a-writer.o)
 .debug_aranges
                0x00000000000000e8       0x18 d:/modelsim/nios2eds/bin/gnu/h-x86_64-mingw32/bin/../lib/gcc/nios2-elf/5.3.0/../../../../../H-x86_64-mingw32/nios2-elf/lib/mno-hw-mul\libsmallc.a(lib_a-int_errno.o)
 .debug_aranges
                0x0000000000000100       0x20 ../compas_bsp/\libhal_bsp.a(alt_load.o)
 .debug_aranges
                0x0000000000000120       0x20 ../compas_bsp/\libhal_bsp.a(alt_main.o)
 .debug_aranges
                0x0000000000000140       0x20 ../compas_bsp/\libhal_bsp.a(alt_write.o)
 .debug_aranges
                0x0000000000000160       0x20 ../compas_bsp/\libhal_bsp.a(alt_sys_init.o)
 .debug_aranges
                0x0000000000000180       0x20 ../compas_bsp/\libhal_bsp.a(altera_avalon_jtag_uart_fd.o)
 .debug_aranges
                0x00000000000001a0       0x20 ../compas_bsp/\libhal_bsp.a(altera_avalon_jtag_uart_init.o)
 .debug_aranges
                0x00000000000001c0       0x20 ../compas_bsp/\libhal_bsp.a(altera_avalon_jtag_uart_ioctl.o)
 .debug_aranges
                0x00000000000001e0       0x20 ../compas_bsp/\libhal_bsp.a(altera_avalon_jtag_uart_read.o)
 .debug_aranges
                0x0000000000000200       0x20 ../compas_bsp/\libhal_bsp.a(altera_avalon_jtag_uart_write.o)
 .debug_aranges
                0x0000000000000220       0x20 ../compas_bsp/\libhal_bsp.a(alt_alarm_start.o)
 .debug_aranges
                0x0000000000000240       0x20 ../compas_bsp/\libhal_bsp.a(alt_close.o)
 .debug_aranges
                0x0000000000000260       0x20 ../compas_bsp/\libhal_bsp.a(alt_dcache_flush_all.o)
 .debug_aranges
                0x0000000000000280       0x20 ../compas_bsp/\libhal_bsp.a(alt_dev.o)
 .debug_aranges
                0x00000000000002a0       0x20 ../compas_bsp/\libhal_bsp.a(alt_dev_llist_insert.o)
 .debug_aranges
                0x00000000000002c0       0x18 ../compas_bsp/\libhal_bsp.a(alt_errno.o)
 .debug_aranges
                0x00000000000002d8       0x20 ../compas_bsp/\libhal_bsp.a(alt_icache_flush_all.o)
 .debug_aranges
                0x00000000000002f8       0x20 ../compas_bsp/\libhal_bsp.a(alt_iic.o)
 .debug_aranges
                0x0000000000000318       0x20 ../compas_bsp/\libhal_bsp.a(alt_iic_isr_register.o)
 .debug_aranges
                0x0000000000000338       0x20 ../compas_bsp/\libhal_bsp.a(alt_io_redirect.o)
 .debug_aranges
                0x0000000000000358       0x30 ../compas_bsp/\libhal_bsp.a(alt_irq_entry.o)
 .debug_aranges
                0x0000000000000388       0x20 ../compas_bsp/\libhal_bsp.a(alt_irq_handler.o)
 .debug_aranges
                0x00000000000003a8       0x18 ../compas_bsp/\libhal_bsp.a(alt_irq_vars.o)
 .debug_aranges
                0x00000000000003c0       0x20 ../compas_bsp/\libhal_bsp.a(alt_open.o)
 .debug_aranges
                0x00000000000003e0       0x20 ../compas_bsp/\libhal_bsp.a(alt_release_fd.o)
 .debug_aranges
                0x0000000000000400       0x20 ../compas_bsp/\libhal_bsp.a(alt_tick.o)
 .debug_aranges
                0x0000000000000420       0x20 ../compas_bsp/\libhal_bsp.a(altera_nios2_gen2_irq.o)
 .debug_aranges
                0x0000000000000440       0x38 ../compas_bsp/\libhal_bsp.a(alt_exception_entry.o)
 .debug_aranges
                0x0000000000000478       0x20 ../compas_bsp/\libhal_bsp.a(alt_find_dev.o)
 .debug_aranges
                0x0000000000000498       0x20 ../compas_bsp/\libhal_bsp.a(alt_find_file.o)
 .debug_aranges
                0x00000000000004b8       0x20 ../compas_bsp/\libhal_bsp.a(alt_get_fd.o)
 .debug_aranges
                0x00000000000004d8       0x28 ../compas_bsp/\libhal_bsp.a(alt_instruction_exception_entry.o)
 .debug_aranges
                0x0000000000000500       0x20 d:/modelsim/nios2eds/bin/gnu/h-x86_64-mingw32/bin/../lib/gcc/nios2-elf/5.3.0/../../../../../H-x86_64-mingw32/nios2-elf/lib/mno-hw-mul\libsmallc.a(lib_a-exit.o)
 .debug_aranges
                0x0000000000000520       0x20 d:/modelsim/nios2eds/bin/gnu/h-x86_64-mingw32/bin/../lib/gcc/nios2-elf/5.3.0/../../../../../H-x86_64-mingw32/nios2-elf/lib/mno-hw-mul\libsmallc.a(lib_a-memcmp.o)
 .debug_aranges
                0x0000000000000540       0x20 d:/modelsim/nios2eds/bin/gnu/h-x86_64-mingw32/bin/../lib/gcc/nios2-elf/5.3.0/../../../../../H-x86_64-mingw32/nios2-elf/lib/mno-hw-mul\libsmallc.a(lib_a-memcpy.o)
 .debug_aranges
                0x0000000000000560       0x20 d:/modelsim/nios2eds/bin/gnu/h-x86_64-mingw32/bin/../lib/gcc/nios2-elf/5.3.0/../../../../../H-x86_64-mingw32/nios2-elf/lib/mno-hw-mul\libsmallc.a(lib_a-__call_atexit.o)
 .debug_aranges
                0x0000000000000580       0x20 d:/modelsim/nios2eds/bin/gnu/h-x86_64-mingw32/bin/../lib/gcc/nios2-elf/5.3.0/mno-hw-mul\libgcc.a(lib2-mul.o)
 .debug_aranges
                0x00000000000005a0       0x20 ../compas_bsp/\libhal_bsp.a(alt_exit.o)

.debug_pubnames
 *(.debug_pubnames)

.debug_info     0x0000000000000000     0x72aa
 *(.debug_info .gnu.linkonce.wi.*)
 .debug_info    0x0000000000000000       0x5f ../compas_bsp//obj/HAL/src/crt0.o
 .debug_info    0x000000000000005f       0x96 obj/default/hello_world.o
 .debug_info    0x00000000000000f5      0x66d d:/modelsim/nios2eds/bin/gnu/h-x86_64-mingw32/bin/../lib/gcc/nios2-elf/5.3.0/../../../../../H-x86_64-mingw32/nios2-elf/lib/mno-hw-mul\libsmallc.a(lib_a-puts.o)
 .debug_info    0x0000000000000762       0xc9 d:/modelsim/nios2eds/bin/gnu/h-x86_64-mingw32/bin/../lib/gcc/nios2-elf/5.3.0/../../../../../H-x86_64-mingw32/nios2-elf/lib/mno-hw-mul\libsmallc.a(lib_a-strlen.o)
 .debug_info    0x000000000000082b      0x62b d:/modelsim/nios2eds/bin/gnu/h-x86_64-mingw32/bin/../lib/gcc/nios2-elf/5.3.0/../../../../../H-x86_64-mingw32/nios2-elf/lib/mno-hw-mul\libsmallc.a(lib_a-fvwrite_small_dev.o)
 .debug_info    0x0000000000000e56      0x5a9 d:/modelsim/nios2eds/bin/gnu/h-x86_64-mingw32/bin/../lib/gcc/nios2-elf/5.3.0/../../../../../H-x86_64-mingw32/nios2-elf/lib/mno-hw-mul\libsmallc.a(lib_a-impure.o)
 .debug_info    0x00000000000013ff      0x630 d:/modelsim/nios2eds/bin/gnu/h-x86_64-mingw32/bin/../lib/gcc/nios2-elf/5.3.0/../../../../../H-x86_64-mingw32/nios2-elf/lib/mno-hw-mul\libsmallc.a(lib_a-writer.o)
 .debug_info    0x0000000000001a2f       0x8a d:/modelsim/nios2eds/bin/gnu/h-x86_64-mingw32/bin/../lib/gcc/nios2-elf/5.3.0/../../../../../H-x86_64-mingw32/nios2-elf/lib/mno-hw-mul\libsmallc.a(lib_a-int_errno.o)
 .debug_info    0x0000000000001ab9      0x145 ../compas_bsp/\libhal_bsp.a(alt_load.o)
 .debug_info    0x0000000000001bfe      0x131 ../compas_bsp/\libhal_bsp.a(alt_main.o)
 .debug_info    0x0000000000001d2f      0x4b7 ../compas_bsp/\libhal_bsp.a(alt_write.o)
 .debug_info    0x00000000000021e6      0x4c3 ../compas_bsp/\libhal_bsp.a(alt_sys_init.o)
 .debug_info    0x00000000000026a9      0x52e ../compas_bsp/\libhal_bsp.a(altera_avalon_jtag_uart_fd.o)
 .debug_info    0x0000000000002bd7      0x3a0 ../compas_bsp/\libhal_bsp.a(altera_avalon_jtag_uart_init.o)
 .debug_info    0x0000000000002f77      0x280 ../compas_bsp/\libhal_bsp.a(altera_avalon_jtag_uart_ioctl.o)
 .debug_info    0x00000000000031f7      0x345 ../compas_bsp/\libhal_bsp.a(altera_avalon_jtag_uart_read.o)
 .debug_info    0x000000000000353c      0x340 ../compas_bsp/\libhal_bsp.a(altera_avalon_jtag_uart_write.o)
 .debug_info    0x000000000000387c      0x2cc ../compas_bsp/\libhal_bsp.a(alt_alarm_start.o)
 .debug_info    0x0000000000003b48      0x321 ../compas_bsp/\libhal_bsp.a(alt_close.o)
 .debug_info    0x0000000000003e69       0x92 ../compas_bsp/\libhal_bsp.a(alt_dcache_flush_all.o)
 .debug_info    0x0000000000003efb      0x49c ../compas_bsp/\libhal_bsp.a(alt_dev.o)
 .debug_info    0x0000000000004397      0x1a9 ../compas_bsp/\libhal_bsp.a(alt_dev_llist_insert.o)
 .debug_info    0x0000000000004540       0xa6 ../compas_bsp/\libhal_bsp.a(alt_errno.o)
 .debug_info    0x00000000000045e6       0x92 ../compas_bsp/\libhal_bsp.a(alt_icache_flush_all.o)
 .debug_info    0x0000000000004678      0x350 ../compas_bsp/\libhal_bsp.a(alt_iic.o)
 .debug_info    0x00000000000049c8      0x1ef ../compas_bsp/\libhal_bsp.a(alt_iic_isr_register.o)
 .debug_info    0x0000000000004bb7      0x4a5 ../compas_bsp/\libhal_bsp.a(alt_io_redirect.o)
 .debug_info    0x000000000000505c       0x68 ../compas_bsp/\libhal_bsp.a(alt_irq_entry.o)
 .debug_info    0x00000000000050c4      0x187 ../compas_bsp/\libhal_bsp.a(alt_irq_handler.o)
 .debug_info    0x000000000000524b       0x88 ../compas_bsp/\libhal_bsp.a(alt_irq_vars.o)
 .debug_info    0x00000000000052d3      0x3bb ../compas_bsp/\libhal_bsp.a(alt_open.o)
 .debug_info    0x000000000000568e      0x2b0 ../compas_bsp/\libhal_bsp.a(alt_release_fd.o)
 .debug_info    0x000000000000593e      0x299 ../compas_bsp/\libhal_bsp.a(alt_tick.o)
 .debug_info    0x0000000000005bd7       0x92 ../compas_bsp/\libhal_bsp.a(altera_nios2_gen2_irq.o)
 .debug_info    0x0000000000005c69       0x6e ../compas_bsp/\libhal_bsp.a(alt_exception_entry.o)
 .debug_info    0x0000000000005cd7      0x2e9 ../compas_bsp/\libhal_bsp.a(alt_find_dev.o)
 .debug_info    0x0000000000005fc0      0x2e6 ../compas_bsp/\libhal_bsp.a(alt_find_file.o)
 .debug_info    0x00000000000062a6      0x310 ../compas_bsp/\libhal_bsp.a(alt_get_fd.o)
 .debug_info    0x00000000000065b6      0x1e7 ../compas_bsp/\libhal_bsp.a(alt_instruction_exception_entry.o)
 .debug_info    0x000000000000679d       0xe5 d:/modelsim/nios2eds/bin/gnu/h-x86_64-mingw32/bin/../lib/gcc/nios2-elf/5.3.0/../../../../../H-x86_64-mingw32/nios2-elf/lib/mno-hw-mul\libsmallc.a(lib_a-exit.o)
 .debug_info    0x0000000000006882       0xf4 d:/modelsim/nios2eds/bin/gnu/h-x86_64-mingw32/bin/../lib/gcc/nios2-elf/5.3.0/../../../../../H-x86_64-mingw32/nios2-elf/lib/mno-hw-mul\libsmallc.a(lib_a-memcmp.o)
 .debug_info    0x0000000000006976      0x119 d:/modelsim/nios2eds/bin/gnu/h-x86_64-mingw32/bin/../lib/gcc/nios2-elf/5.3.0/../../../../../H-x86_64-mingw32/nios2-elf/lib/mno-hw-mul\libsmallc.a(lib_a-memcpy.o)
 .debug_info    0x0000000000006a8f      0x67b d:/modelsim/nios2eds/bin/gnu/h-x86_64-mingw32/bin/../lib/gcc/nios2-elf/5.3.0/../../../../../H-x86_64-mingw32/nios2-elf/lib/mno-hw-mul\libsmallc.a(lib_a-__call_atexit.o)
 .debug_info    0x000000000000710a       0xb4 d:/modelsim/nios2eds/bin/gnu/h-x86_64-mingw32/bin/../lib/gcc/nios2-elf/5.3.0/mno-hw-mul\libgcc.a(lib2-mul.o)
 .debug_info    0x00000000000071be       0xec ../compas_bsp/\libhal_bsp.a(alt_exit.o)

.debug_abbrev   0x0000000000000000     0x29b8
 *(.debug_abbrev)
 .debug_abbrev  0x0000000000000000       0x12 ../compas_bsp//obj/HAL/src/crt0.o
 .debug_abbrev  0x0000000000000012       0x42 obj/default/hello_world.o
 .debug_abbrev  0x0000000000000054      0x1d6 d:/modelsim/nios2eds/bin/gnu/h-x86_64-mingw32/bin/../lib/gcc/nios2-elf/5.3.0/../../../../../H-x86_64-mingw32/nios2-elf/lib/mno-hw-mul\libsmallc.a(lib_a-puts.o)
 .debug_abbrev  0x000000000000022a       0x7f d:/modelsim/nios2eds/bin/gnu/h-x86_64-mingw32/bin/../lib/gcc/nios2-elf/5.3.0/../../../../../H-x86_64-mingw32/nios2-elf/lib/mno-hw-mul\libsmallc.a(lib_a-strlen.o)
 .debug_abbrev  0x00000000000002a9      0x1bc d:/modelsim/nios2eds/bin/gnu/h-x86_64-mingw32/bin/../lib/gcc/nios2-elf/5.3.0/../../../../../H-x86_64-mingw32/nios2-elf/lib/mno-hw-mul\libsmallc.a(lib_a-fvwrite_small_dev.o)
 .debug_abbrev  0x0000000000000465      0x14a d:/modelsim/nios2eds/bin/gnu/h-x86_64-mingw32/bin/../lib/gcc/nios2-elf/5.3.0/../../../../../H-x86_64-mingw32/nios2-elf/lib/mno-hw-mul\libsmallc.a(lib_a-impure.o)
 .debug_abbrev  0x00000000000005af      0x1a6 d:/modelsim/nios2eds/bin/gnu/h-x86_64-mingw32/bin/../lib/gcc/nios2-elf/5.3.0/../../../../../H-x86_64-mingw32/nios2-elf/lib/mno-hw-mul\libsmallc.a(lib_a-writer.o)
 .debug_abbrev  0x0000000000000755       0x37 d:/modelsim/nios2eds/bin/gnu/h-x86_64-mingw32/bin/../lib/gcc/nios2-elf/5.3.0/../../../../../H-x86_64-mingw32/nios2-elf/lib/mno-hw-mul\libsmallc.a(lib_a-int_errno.o)
 .debug_abbrev  0x000000000000078c       0x9f ../compas_bsp/\libhal_bsp.a(alt_load.o)
 .debug_abbrev  0x000000000000082b       0xba ../compas_bsp/\libhal_bsp.a(alt_main.o)
 .debug_abbrev  0x00000000000008e5      0x133 ../compas_bsp/\libhal_bsp.a(alt_write.o)
 .debug_abbrev  0x0000000000000a18      0x187 ../compas_bsp/\libhal_bsp.a(alt_sys_init.o)
 .debug_abbrev  0x0000000000000b9f      0x127 ../compas_bsp/\libhal_bsp.a(altera_avalon_jtag_uart_fd.o)
 .debug_abbrev  0x0000000000000cc6      0x19e ../compas_bsp/\libhal_bsp.a(altera_avalon_jtag_uart_init.o)
 .debug_abbrev  0x0000000000000e64      0x111 ../compas_bsp/\libhal_bsp.a(altera_avalon_jtag_uart_ioctl.o)
 .debug_abbrev  0x0000000000000f75      0x1aa ../compas_bsp/\libhal_bsp.a(altera_avalon_jtag_uart_read.o)
 .debug_abbrev  0x000000000000111f      0x1a8 ../compas_bsp/\libhal_bsp.a(altera_avalon_jtag_uart_write.o)
 .debug_abbrev  0x00000000000012c7      0x162 ../compas_bsp/\libhal_bsp.a(alt_alarm_start.o)
 .debug_abbrev  0x0000000000001429      0x11f ../compas_bsp/\libhal_bsp.a(alt_close.o)
 .debug_abbrev  0x0000000000001548       0x42 ../compas_bsp/\libhal_bsp.a(alt_dcache_flush_all.o)
 .debug_abbrev  0x000000000000158a       0xd9 ../compas_bsp/\libhal_bsp.a(alt_dev.o)
 .debug_abbrev  0x0000000000001663      0x114 ../compas_bsp/\libhal_bsp.a(alt_dev_llist_insert.o)
 .debug_abbrev  0x0000000000001777       0x5a ../compas_bsp/\libhal_bsp.a(alt_errno.o)
 .debug_abbrev  0x00000000000017d1       0x42 ../compas_bsp/\libhal_bsp.a(alt_icache_flush_all.o)
 .debug_abbrev  0x0000000000001813      0x163 ../compas_bsp/\libhal_bsp.a(alt_iic.o)
 .debug_abbrev  0x0000000000001976      0x169 ../compas_bsp/\libhal_bsp.a(alt_iic_isr_register.o)
 .debug_abbrev  0x0000000000001adf      0x114 ../compas_bsp/\libhal_bsp.a(alt_io_redirect.o)
 .debug_abbrev  0x0000000000001bf3       0x12 ../compas_bsp/\libhal_bsp.a(alt_irq_entry.o)
 .debug_abbrev  0x0000000000001c05      0x122 ../compas_bsp/\libhal_bsp.a(alt_irq_handler.o)
 .debug_abbrev  0x0000000000001d27       0x40 ../compas_bsp/\libhal_bsp.a(alt_irq_vars.o)
 .debug_abbrev  0x0000000000001d67      0x148 ../compas_bsp/\libhal_bsp.a(alt_open.o)
 .debug_abbrev  0x0000000000001eaf       0xde ../compas_bsp/\libhal_bsp.a(alt_release_fd.o)
 .debug_abbrev  0x0000000000001f8d      0x15a ../compas_bsp/\libhal_bsp.a(alt_tick.o)
 .debug_abbrev  0x00000000000020e7       0x42 ../compas_bsp/\libhal_bsp.a(altera_nios2_gen2_irq.o)
 .debug_abbrev  0x0000000000002129       0x12 ../compas_bsp/\libhal_bsp.a(alt_exception_entry.o)
 .debug_abbrev  0x000000000000213b       0xf0 ../compas_bsp/\libhal_bsp.a(alt_find_dev.o)
 .debug_abbrev  0x000000000000222b       0xf0 ../compas_bsp/\libhal_bsp.a(alt_find_file.o)
 .debug_abbrev  0x000000000000231b      0x10d ../compas_bsp/\libhal_bsp.a(alt_get_fd.o)
 .debug_abbrev  0x0000000000002428       0xdc ../compas_bsp/\libhal_bsp.a(alt_instruction_exception_entry.o)
 .debug_abbrev  0x0000000000002504       0x8b d:/modelsim/nios2eds/bin/gnu/h-x86_64-mingw32/bin/../lib/gcc/nios2-elf/5.3.0/../../../../../H-x86_64-mingw32/nios2-elf/lib/mno-hw-mul\libsmallc.a(lib_a-exit.o)
 .debug_abbrev  0x000000000000258f       0x7f d:/modelsim/nios2eds/bin/gnu/h-x86_64-mingw32/bin/../lib/gcc/nios2-elf/5.3.0/../../../../../H-x86_64-mingw32/nios2-elf/lib/mno-hw-mul\libsmallc.a(lib_a-memcmp.o)
 .debug_abbrev  0x000000000000260e       0x9c d:/modelsim/nios2eds/bin/gnu/h-x86_64-mingw32/bin/../lib/gcc/nios2-elf/5.3.0/../../../../../H-x86_64-mingw32/nios2-elf/lib/mno-hw-mul\libsmallc.a(lib_a-memcpy.o)
 .debug_abbrev  0x00000000000026aa      0x1f6 d:/modelsim/nios2eds/bin/gnu/h-x86_64-mingw32/bin/../lib/gcc/nios2-elf/5.3.0/../../../../../H-x86_64-mingw32/nios2-elf/lib/mno-hw-mul\libsmallc.a(lib_a-__call_atexit.o)
 .debug_abbrev  0x00000000000028a0       0x6f d:/modelsim/nios2eds/bin/gnu/h-x86_64-mingw32/bin/../lib/gcc/nios2-elf/5.3.0/mno-hw-mul\libgcc.a(lib2-mul.o)
 .debug_abbrev  0x000000000000290f       0xa9 ../compas_bsp/\libhal_bsp.a(alt_exit.o)

.debug_line     0x0000000000000000     0x2c11
 *(.debug_line)
 .debug_line    0x0000000000000000       0x66 ../compas_bsp//obj/HAL/src/crt0.o
 .debug_line    0x0000000000000066       0x40 obj/default/hello_world.o
 .debug_line    0x00000000000000a6      0x206 d:/modelsim/nios2eds/bin/gnu/h-x86_64-mingw32/bin/../lib/gcc/nios2-elf/5.3.0/../../../../../H-x86_64-mingw32/nios2-elf/lib/mno-hw-mul\libsmallc.a(lib_a-puts.o)
 .debug_line    0x00000000000002ac      0x15c d:/modelsim/nios2eds/bin/gnu/h-x86_64-mingw32/bin/../lib/gcc/nios2-elf/5.3.0/../../../../../H-x86_64-mingw32/nios2-elf/lib/mno-hw-mul\libsmallc.a(lib_a-strlen.o)
 .debug_line    0x0000000000000408      0x1f0 d:/modelsim/nios2eds/bin/gnu/h-x86_64-mingw32/bin/../lib/gcc/nios2-elf/5.3.0/../../../../../H-x86_64-mingw32/nios2-elf/lib/mno-hw-mul\libsmallc.a(lib_a-fvwrite_small_dev.o)
 .debug_line    0x00000000000005f8      0x156 d:/modelsim/nios2eds/bin/gnu/h-x86_64-mingw32/bin/../lib/gcc/nios2-elf/5.3.0/../../../../../H-x86_64-mingw32/nios2-elf/lib/mno-hw-mul\libsmallc.a(lib_a-impure.o)
 .debug_line    0x000000000000074e      0x1ed d:/modelsim/nios2eds/bin/gnu/h-x86_64-mingw32/bin/../lib/gcc/nios2-elf/5.3.0/../../../../../H-x86_64-mingw32/nios2-elf/lib/mno-hw-mul\libsmallc.a(lib_a-writer.o)
 .debug_line    0x000000000000093b       0x5f d:/modelsim/nios2eds/bin/gnu/h-x86_64-mingw32/bin/../lib/gcc/nios2-elf/5.3.0/../../../../../H-x86_64-mingw32/nios2-elf/lib/mno-hw-mul\libsmallc.a(lib_a-int_errno.o)
 .debug_line    0x000000000000099a       0x8e ../compas_bsp/\libhal_bsp.a(alt_load.o)
 .debug_line    0x0000000000000a28       0x9e ../compas_bsp/\libhal_bsp.a(alt_main.o)
 .debug_line    0x0000000000000ac6      0x1c5 ../compas_bsp/\libhal_bsp.a(alt_write.o)
 .debug_line    0x0000000000000c8b      0x137 ../compas_bsp/\libhal_bsp.a(alt_sys_init.o)
 .debug_line    0x0000000000000dc2      0x12f ../compas_bsp/\libhal_bsp.a(altera_avalon_jtag_uart_fd.o)
 .debug_line    0x0000000000000ef1      0x18b ../compas_bsp/\libhal_bsp.a(altera_avalon_jtag_uart_init.o)
 .debug_line    0x000000000000107c      0x131 ../compas_bsp/\libhal_bsp.a(altera_avalon_jtag_uart_ioctl.o)
 .debug_line    0x00000000000011ad      0x171 ../compas_bsp/\libhal_bsp.a(altera_avalon_jtag_uart_read.o)
 .debug_line    0x000000000000131e      0x170 ../compas_bsp/\libhal_bsp.a(altera_avalon_jtag_uart_write.o)
 .debug_line    0x000000000000148e       0xf9 ../compas_bsp/\libhal_bsp.a(alt_alarm_start.o)
 .debug_line    0x0000000000001587      0x15a ../compas_bsp/\libhal_bsp.a(alt_close.o)
 .debug_line    0x00000000000016e1       0x51 ../compas_bsp/\libhal_bsp.a(alt_dcache_flush_all.o)
 .debug_line    0x0000000000001732       0xed ../compas_bsp/\libhal_bsp.a(alt_dev.o)
 .debug_line    0x000000000000181f       0xcf ../compas_bsp/\libhal_bsp.a(alt_dev_llist_insert.o)
 .debug_line    0x00000000000018ee       0x51 ../compas_bsp/\libhal_bsp.a(alt_errno.o)
 .debug_line    0x000000000000193f       0x4f ../compas_bsp/\libhal_bsp.a(alt_icache_flush_all.o)
 .debug_line    0x000000000000198e       0xeb ../compas_bsp/\libhal_bsp.a(alt_iic.o)
 .debug_line    0x0000000000001a79       0xdb ../compas_bsp/\libhal_bsp.a(alt_iic_isr_register.o)
 .debug_line    0x0000000000001b54      0x12a ../compas_bsp/\libhal_bsp.a(alt_io_redirect.o)
 .debug_line    0x0000000000001c7e       0x6b ../compas_bsp/\libhal_bsp.a(alt_irq_entry.o)
 .debug_line    0x0000000000001ce9       0xaa ../compas_bsp/\libhal_bsp.a(alt_irq_handler.o)
 .debug_line    0x0000000000001d93       0x50 ../compas_bsp/\libhal_bsp.a(alt_irq_vars.o)
 .debug_line    0x0000000000001de3      0x12b ../compas_bsp/\libhal_bsp.a(alt_open.o)
 .debug_line    0x0000000000001f0e       0xb0 ../compas_bsp/\libhal_bsp.a(alt_release_fd.o)
 .debug_line    0x0000000000001fbe       0xff ../compas_bsp/\libhal_bsp.a(alt_tick.o)
 .debug_line    0x00000000000020bd       0x51 ../compas_bsp/\libhal_bsp.a(altera_nios2_gen2_irq.o)
 .debug_line    0x000000000000210e       0xb3 ../compas_bsp/\libhal_bsp.a(alt_exception_entry.o)
 .debug_line    0x00000000000021c1       0xb5 ../compas_bsp/\libhal_bsp.a(alt_find_dev.o)
 .debug_line    0x0000000000002276       0xd1 ../compas_bsp/\libhal_bsp.a(alt_find_file.o)
 .debug_line    0x0000000000002347       0xd7 ../compas_bsp/\libhal_bsp.a(alt_get_fd.o)
 .debug_line    0x000000000000241e       0xb9 ../compas_bsp/\libhal_bsp.a(alt_instruction_exception_entry.o)
 .debug_line    0x00000000000024d7      0x159 d:/modelsim/nios2eds/bin/gnu/h-x86_64-mingw32/bin/../lib/gcc/nios2-elf/5.3.0/../../../../../H-x86_64-mingw32/nios2-elf/lib/mno-hw-mul\libsmallc.a(lib_a-exit.o)
 .debug_line    0x0000000000002630      0x160 d:/modelsim/nios2eds/bin/gnu/h-x86_64-mingw32/bin/../lib/gcc/nios2-elf/5.3.0/../../../../../H-x86_64-mingw32/nios2-elf/lib/mno-hw-mul\libsmallc.a(lib_a-memcmp.o)
 .debug_line    0x0000000000002790      0x15e d:/modelsim/nios2eds/bin/gnu/h-x86_64-mingw32/bin/../lib/gcc/nios2-elf/5.3.0/../../../../../H-x86_64-mingw32/nios2-elf/lib/mno-hw-mul\libsmallc.a(lib_a-memcpy.o)
 .debug_line    0x00000000000028ee      0x232 d:/modelsim/nios2eds/bin/gnu/h-x86_64-mingw32/bin/../lib/gcc/nios2-elf/5.3.0/../../../../../H-x86_64-mingw32/nios2-elf/lib/mno-hw-mul\libsmallc.a(lib_a-__call_atexit.o)
 .debug_line    0x0000000000002b20       0x80 d:/modelsim/nios2eds/bin/gnu/h-x86_64-mingw32/bin/../lib/gcc/nios2-elf/5.3.0/mno-hw-mul\libgcc.a(lib2-mul.o)
 .debug_line    0x0000000000002ba0       0x71 ../compas_bsp/\libhal_bsp.a(alt_exit.o)

.debug_frame    0x0000000000000000      0xb08
 *(.debug_frame)
 .debug_frame   0x0000000000000000       0x38 obj/default/hello_world.o
 .debug_frame   0x0000000000000038       0x48 d:/modelsim/nios2eds/bin/gnu/h-x86_64-mingw32/bin/../lib/gcc/nios2-elf/5.3.0/../../../../../H-x86_64-mingw32/nios2-elf/lib/mno-hw-mul\libsmallc.a(lib_a-puts.o)
 .debug_frame   0x0000000000000080       0x20 d:/modelsim/nios2eds/bin/gnu/h-x86_64-mingw32/bin/../lib/gcc/nios2-elf/5.3.0/../../../../../H-x86_64-mingw32/nios2-elf/lib/mno-hw-mul\libsmallc.a(lib_a-strlen.o)
 .debug_frame   0x00000000000000a0       0x58 d:/modelsim/nios2eds/bin/gnu/h-x86_64-mingw32/bin/../lib/gcc/nios2-elf/5.3.0/../../../../../H-x86_64-mingw32/nios2-elf/lib/mno-hw-mul\libsmallc.a(lib_a-fvwrite_small_dev.o)
 .debug_frame   0x00000000000000f8       0x38 d:/modelsim/nios2eds/bin/gnu/h-x86_64-mingw32/bin/../lib/gcc/nios2-elf/5.3.0/../../../../../H-x86_64-mingw32/nios2-elf/lib/mno-hw-mul\libsmallc.a(lib_a-writer.o)
 .debug_frame   0x0000000000000130       0x5c ../compas_bsp/\libhal_bsp.a(alt_load.o)
 .debug_frame   0x000000000000018c       0x2c ../compas_bsp/\libhal_bsp.a(alt_main.o)
 .debug_frame   0x00000000000001b8       0x60 ../compas_bsp/\libhal_bsp.a(alt_write.o)
 .debug_frame   0x0000000000000218       0x88 ../compas_bsp/\libhal_bsp.a(alt_sys_init.o)
 .debug_frame   0x00000000000002a0       0xb0 ../compas_bsp/\libhal_bsp.a(altera_avalon_jtag_uart_fd.o)
 .debug_frame   0x0000000000000350       0xa4 ../compas_bsp/\libhal_bsp.a(altera_avalon_jtag_uart_init.o)
 .debug_frame   0x00000000000003f4       0x34 ../compas_bsp/\libhal_bsp.a(altera_avalon_jtag_uart_ioctl.o)
 .debug_frame   0x0000000000000428       0x38 ../compas_bsp/\libhal_bsp.a(altera_avalon_jtag_uart_read.o)
 .debug_frame   0x0000000000000460       0x38 ../compas_bsp/\libhal_bsp.a(altera_avalon_jtag_uart_write.o)
 .debug_frame   0x0000000000000498       0x34 ../compas_bsp/\libhal_bsp.a(alt_alarm_start.o)
 .debug_frame   0x00000000000004cc       0x60 ../compas_bsp/\libhal_bsp.a(alt_close.o)
 .debug_frame   0x000000000000052c       0x34 ../compas_bsp/\libhal_bsp.a(alt_dcache_flush_all.o)
 .debug_frame   0x0000000000000560       0x34 ../compas_bsp/\libhal_bsp.a(alt_dev.o)
 .debug_frame   0x0000000000000594       0x60 ../compas_bsp/\libhal_bsp.a(alt_dev_llist_insert.o)
 .debug_frame   0x00000000000005f4       0x34 ../compas_bsp/\libhal_bsp.a(alt_icache_flush_all.o)
 .debug_frame   0x0000000000000628       0xa4 ../compas_bsp/\libhal_bsp.a(alt_iic.o)
 .debug_frame   0x00000000000006cc       0x38 ../compas_bsp/\libhal_bsp.a(alt_iic_isr_register.o)
 .debug_frame   0x0000000000000704       0x64 ../compas_bsp/\libhal_bsp.a(alt_io_redirect.o)
 .debug_frame   0x0000000000000768       0x38 ../compas_bsp/\libhal_bsp.a(alt_irq_handler.o)
 .debug_frame   0x00000000000007a0       0x8c ../compas_bsp/\libhal_bsp.a(alt_open.o)
 .debug_frame   0x000000000000082c       0x3c ../compas_bsp/\libhal_bsp.a(alt_release_fd.o)
 .debug_frame   0x0000000000000868       0x5c ../compas_bsp/\libhal_bsp.a(alt_tick.o)
 .debug_frame   0x00000000000008c4       0x34 ../compas_bsp/\libhal_bsp.a(altera_nios2_gen2_irq.o)
 .debug_frame   0x00000000000008f8       0x38 ../compas_bsp/\libhal_bsp.a(alt_find_dev.o)
 .debug_frame   0x0000000000000930       0x38 ../compas_bsp/\libhal_bsp.a(alt_find_file.o)
 .debug_frame   0x0000000000000968       0x3c ../compas_bsp/\libhal_bsp.a(alt_get_fd.o)
 .debug_frame   0x00000000000009a4       0x5c ../compas_bsp/\libhal_bsp.a(alt_instruction_exception_entry.o)
 .debug_frame   0x0000000000000a00       0x28 d:/modelsim/nios2eds/bin/gnu/h-x86_64-mingw32/bin/../lib/gcc/nios2-elf/5.3.0/../../../../../H-x86_64-mingw32/nios2-elf/lib/mno-hw-mul\libsmallc.a(lib_a-exit.o)
 .debug_frame   0x0000000000000a28       0x20 d:/modelsim/nios2eds/bin/gnu/h-x86_64-mingw32/bin/../lib/gcc/nios2-elf/5.3.0/../../../../../H-x86_64-mingw32/nios2-elf/lib/mno-hw-mul\libsmallc.a(lib_a-memcmp.o)
 .debug_frame   0x0000000000000a48       0x20 d:/modelsim/nios2eds/bin/gnu/h-x86_64-mingw32/bin/../lib/gcc/nios2-elf/5.3.0/../../../../../H-x86_64-mingw32/nios2-elf/lib/mno-hw-mul\libsmallc.a(lib_a-memcpy.o)
 .debug_frame   0x0000000000000a68       0x54 d:/modelsim/nios2eds/bin/gnu/h-x86_64-mingw32/bin/../lib/gcc/nios2-elf/5.3.0/../../../../../H-x86_64-mingw32/nios2-elf/lib/mno-hw-mul\libsmallc.a(lib_a-__call_atexit.o)
 .debug_frame   0x0000000000000abc       0x20 d:/modelsim/nios2eds/bin/gnu/h-x86_64-mingw32/bin/../lib/gcc/nios2-elf/5.3.0/mno-hw-mul\libgcc.a(lib2-mul.o)
 .debug_frame   0x0000000000000adc       0x2c ../compas_bsp/\libhal_bsp.a(alt_exit.o)

.debug_str      0x0000000000000000     0x1abb
 *(.debug_str)
 .debug_str     0x0000000000000000       0xe3 obj/default/hello_world.o
                                        0x121 (size before relaxing)
 .debug_str     0x00000000000000e3      0x3f3 d:/modelsim/nios2eds/bin/gnu/h-x86_64-mingw32/bin/../lib/gcc/nios2-elf/5.3.0/../../../../../H-x86_64-mingw32/nios2-elf/lib/mno-hw-mul\libsmallc.a(lib_a-puts.o)
                                        0x4cd (size before relaxing)
 .debug_str     0x00000000000004d6       0xd2 d:/modelsim/nios2eds/bin/gnu/h-x86_64-mingw32/bin/../lib/gcc/nios2-elf/5.3.0/../../../../../H-x86_64-mingw32/nios2-elf/lib/mno-hw-mul\libsmallc.a(lib_a-strlen.o)
                                        0x1e5 (size before relaxing)
 .debug_str     0x00000000000005a8       0x63 d:/modelsim/nios2eds/bin/gnu/h-x86_64-mingw32/bin/../lib/gcc/nios2-elf/5.3.0/../../../../../H-x86_64-mingw32/nios2-elf/lib/mno-hw-mul\libsmallc.a(lib_a-fvwrite_small_dev.o)
                                        0x4d4 (size before relaxing)
 .debug_str     0x000000000000060b       0xef d:/modelsim/nios2eds/bin/gnu/h-x86_64-mingw32/bin/../lib/gcc/nios2-elf/5.3.0/../../../../../H-x86_64-mingw32/nios2-elf/lib/mno-hw-mul\libsmallc.a(lib_a-impure.o)
                                        0x4be (size before relaxing)
 .debug_str     0x00000000000006fa       0x45 d:/modelsim/nios2eds/bin/gnu/h-x86_64-mingw32/bin/../lib/gcc/nios2-elf/5.3.0/../../../../../H-x86_64-mingw32/nios2-elf/lib/mno-hw-mul\libsmallc.a(lib_a-writer.o)
                                        0x4b8 (size before relaxing)
 .debug_str     0x000000000000073f       0x3f d:/modelsim/nios2eds/bin/gnu/h-x86_64-mingw32/bin/../lib/gcc/nios2-elf/5.3.0/../../../../../H-x86_64-mingw32/nios2-elf/lib/mno-hw-mul\libsmallc.a(lib_a-int_errno.o)
                                        0x1d8 (size before relaxing)
 .debug_str     0x000000000000077e      0x11c ../compas_bsp/\libhal_bsp.a(alt_load.o)
                                        0x203 (size before relaxing)
 .debug_str     0x000000000000089a       0x70 ../compas_bsp/\libhal_bsp.a(alt_main.o)
                                        0x18e (size before relaxing)
 .debug_str     0x000000000000090a      0x15a ../compas_bsp/\libhal_bsp.a(alt_write.o)
                                        0x2e9 (size before relaxing)
 .debug_str     0x0000000000000a64      0x15a ../compas_bsp/\libhal_bsp.a(alt_sys_init.o)
                                        0x349 (size before relaxing)
 .debug_str     0x0000000000000bbe       0xb9 ../compas_bsp/\libhal_bsp.a(altera_avalon_jtag_uart_fd.o)
                                        0x395 (size before relaxing)
 .debug_str     0x0000000000000c77       0xd1 ../compas_bsp/\libhal_bsp.a(altera_avalon_jtag_uart_init.o)
                                        0x329 (size before relaxing)
 .debug_str     0x0000000000000d48       0x4a ../compas_bsp/\libhal_bsp.a(altera_avalon_jtag_uart_ioctl.o)
                                        0x284 (size before relaxing)
 .debug_str     0x0000000000000d92       0x7f ../compas_bsp/\libhal_bsp.a(altera_avalon_jtag_uart_read.o)
                                        0x2d9 (size before relaxing)
 .debug_str     0x0000000000000e11       0x4a ../compas_bsp/\libhal_bsp.a(altera_avalon_jtag_uart_write.o)
                                        0x2da (size before relaxing)
 .debug_str     0x0000000000000e5b       0x59 ../compas_bsp/\libhal_bsp.a(alt_alarm_start.o)
                                        0x26f (size before relaxing)
 .debug_str     0x0000000000000eb4       0x1b ../compas_bsp/\libhal_bsp.a(alt_close.o)
                                        0x1fc (size before relaxing)
 .debug_str     0x0000000000000ecf       0x34 ../compas_bsp/\libhal_bsp.a(alt_dcache_flush_all.o)
                                        0x146 (size before relaxing)
 .debug_str     0x0000000000000f03       0x50 ../compas_bsp/\libhal_bsp.a(alt_dev.o)
                                        0x2f6 (size before relaxing)
 .debug_str     0x0000000000000f53       0x34 ../compas_bsp/\libhal_bsp.a(alt_dev_llist_insert.o)
                                        0x1bd (size before relaxing)
 .debug_str     0x0000000000000f87       0x14 ../compas_bsp/\libhal_bsp.a(alt_errno.o)
                                        0x136 (size before relaxing)
 .debug_str     0x0000000000000f9b       0x34 ../compas_bsp/\libhal_bsp.a(alt_icache_flush_all.o)
                                        0x146 (size before relaxing)
 .debug_str     0x0000000000000fcf       0xc4 ../compas_bsp/\libhal_bsp.a(alt_iic.o)
                                        0x22f (size before relaxing)
 .debug_str     0x0000000000001093       0x4c ../compas_bsp/\libhal_bsp.a(alt_iic_isr_register.o)
                                        0x1d9 (size before relaxing)
 .debug_str     0x00000000000010df       0x56 ../compas_bsp/\libhal_bsp.a(alt_io_redirect.o)
                                        0x307 (size before relaxing)
 .debug_str     0x0000000000001135       0x3a ../compas_bsp/\libhal_bsp.a(alt_irq_handler.o)
                                        0x188 (size before relaxing)
 .debug_str     0x000000000000116f       0x17 ../compas_bsp/\libhal_bsp.a(alt_irq_vars.o)
                                        0x12b (size before relaxing)
 .debug_str     0x0000000000001186       0x2f ../compas_bsp/\libhal_bsp.a(alt_open.o)
                                        0x23c (size before relaxing)
 .debug_str     0x00000000000011b5       0x28 ../compas_bsp/\libhal_bsp.a(alt_release_fd.o)
                                        0x1c4 (size before relaxing)
 .debug_str     0x00000000000011dd       0x4a ../compas_bsp/\libhal_bsp.a(alt_tick.o)
                                        0x243 (size before relaxing)
 .debug_str     0x0000000000001227       0x3b ../compas_bsp/\libhal_bsp.a(altera_nios2_gen2_irq.o)
                                        0x14d (size before relaxing)
 .debug_str     0x0000000000001262       0x24 ../compas_bsp/\libhal_bsp.a(alt_find_dev.o)
                                        0x1dd (size before relaxing)
 .debug_str     0x0000000000001286       0x26 ../compas_bsp/\libhal_bsp.a(alt_find_file.o)
                                        0x1eb (size before relaxing)
 .debug_str     0x00000000000012ac       0x30 ../compas_bsp/\libhal_bsp.a(alt_get_fd.o)
                                        0x20d (size before relaxing)
 .debug_str     0x00000000000012dc      0x48b ../compas_bsp/\libhal_bsp.a(alt_instruction_exception_entry.o)
                                        0x591 (size before relaxing)
 .debug_str     0x0000000000001767       0xe1 d:/modelsim/nios2eds/bin/gnu/h-x86_64-mingw32/bin/../lib/gcc/nios2-elf/5.3.0/../../../../../H-x86_64-mingw32/nios2-elf/lib/mno-hw-mul\libsmallc.a(lib_a-exit.o)
                                        0x1f0 (size before relaxing)
 .debug_str     0x0000000000001848       0x44 d:/modelsim/nios2eds/bin/gnu/h-x86_64-mingw32/bin/../lib/gcc/nios2-elf/5.3.0/../../../../../H-x86_64-mingw32/nios2-elf/lib/mno-hw-mul\libsmallc.a(lib_a-memcmp.o)
                                        0x1df (size before relaxing)
 .debug_str     0x000000000000188c       0x58 d:/modelsim/nios2eds/bin/gnu/h-x86_64-mingw32/bin/../lib/gcc/nios2-elf/5.3.0/../../../../../H-x86_64-mingw32/nios2-elf/lib/mno-hw-mul\libsmallc.a(lib_a-memcpy.o)
                                        0x1f3 (size before relaxing)
 .debug_str     0x00000000000018e4       0x65 d:/modelsim/nios2eds/bin/gnu/h-x86_64-mingw32/bin/../lib/gcc/nios2-elf/5.3.0/../../../../../H-x86_64-mingw32/nios2-elf/lib/mno-hw-mul\libsmallc.a(lib_a-__call_atexit.o)
                                        0x4eb (size before relaxing)
 .debug_str     0x0000000000001949      0x148 d:/modelsim/nios2eds/bin/gnu/h-x86_64-mingw32/bin/../lib/gcc/nios2-elf/5.3.0/mno-hw-mul\libgcc.a(lib2-mul.o)
                                        0x193 (size before relaxing)
 .debug_str     0x0000000000001a91       0x2a ../compas_bsp/\libhal_bsp.a(alt_exit.o)
                                        0x142 (size before relaxing)

.debug_loc      0x0000000000000000      0x63b
 *(.debug_loc)
 .debug_loc     0x0000000000000000       0x97 d:/modelsim/nios2eds/bin/gnu/h-x86_64-mingw32/bin/../lib/gcc/nios2-elf/5.3.0/../../../../../H-x86_64-mingw32/nios2-elf/lib/mno-hw-mul\libsmallc.a(lib_a-puts.o)
 .debug_loc     0x0000000000000097       0x1e d:/modelsim/nios2eds/bin/gnu/h-x86_64-mingw32/bin/../lib/gcc/nios2-elf/5.3.0/../../../../../H-x86_64-mingw32/nios2-elf/lib/mno-hw-mul\libsmallc.a(lib_a-strlen.o)
 .debug_loc     0x00000000000000b5      0x110 d:/modelsim/nios2eds/bin/gnu/h-x86_64-mingw32/bin/../lib/gcc/nios2-elf/5.3.0/../../../../../H-x86_64-mingw32/nios2-elf/lib/mno-hw-mul\libsmallc.a(lib_a-fvwrite_small_dev.o)
 .debug_loc     0x00000000000001c5       0xa5 d:/modelsim/nios2eds/bin/gnu/h-x86_64-mingw32/bin/../lib/gcc/nios2-elf/5.3.0/../../../../../H-x86_64-mingw32/nios2-elf/lib/mno-hw-mul\libsmallc.a(lib_a-writer.o)
 .debug_loc     0x000000000000026a       0x1e d:/modelsim/nios2eds/bin/gnu/h-x86_64-mingw32/bin/../lib/gcc/nios2-elf/5.3.0/../../../../../H-x86_64-mingw32/nios2-elf/lib/mno-hw-mul\libsmallc.a(lib_a-exit.o)
 .debug_loc     0x0000000000000288       0x94 d:/modelsim/nios2eds/bin/gnu/h-x86_64-mingw32/bin/../lib/gcc/nios2-elf/5.3.0/../../../../../H-x86_64-mingw32/nios2-elf/lib/mno-hw-mul\libsmallc.a(lib_a-memcmp.o)
 .debug_loc     0x000000000000031c      0x135 d:/modelsim/nios2eds/bin/gnu/h-x86_64-mingw32/bin/../lib/gcc/nios2-elf/5.3.0/../../../../../H-x86_64-mingw32/nios2-elf/lib/mno-hw-mul\libsmallc.a(lib_a-memcpy.o)
 .debug_loc     0x0000000000000451      0x157 d:/modelsim/nios2eds/bin/gnu/h-x86_64-mingw32/bin/../lib/gcc/nios2-elf/5.3.0/../../../../../H-x86_64-mingw32/nios2-elf/lib/mno-hw-mul\libsmallc.a(lib_a-__call_atexit.o)
 .debug_loc     0x00000000000005a8       0x93 d:/modelsim/nios2eds/bin/gnu/h-x86_64-mingw32/bin/../lib/gcc/nios2-elf/5.3.0/mno-hw-mul\libgcc.a(lib2-mul.o)

.debug_macinfo
 *(.debug_macinfo)

.debug_weaknames
 *(.debug_weaknames)

.debug_funcnames
 *(.debug_funcnames)

.debug_typenames
 *(.debug_typenames)

.debug_varnames
 *(.debug_varnames)

.debug_alt_sim_info
                0x0000000000000000       0x10
 *(.debug_alt_sim_info)
 .debug_alt_sim_info
                0x0000000000000000       0x10 ../compas_bsp//obj/HAL/src/crt0.o
                0x0000000000019c40                __alt_data_end = 0x19c40
                0x0000000000019c40                PROVIDE (__alt_stack_pointer, __alt_data_end)
                [!provide]                        PROVIDE (__alt_stack_limit, __alt_stack_base)
                [!provide]                        PROVIDE (__alt_heap_start, end)
                [!provide]                        PROVIDE (__alt_heap_limit, 0x19c40)
OUTPUT(compas.elf elf32-littlenios2)

.debug_ranges   0x0000000000000000      0x1a0
 .debug_ranges  0x0000000000000000       0x20 ../compas_bsp//obj/HAL/src/crt0.o
 .debug_ranges  0x0000000000000020       0x18 d:/modelsim/nios2eds/bin/gnu/h-x86_64-mingw32/bin/../lib/gcc/nios2-elf/5.3.0/../../../../../H-x86_64-mingw32/nios2-elf/lib/mno-hw-mul\libsmallc.a(lib_a-puts.o)
 .debug_ranges  0x0000000000000038       0x10 d:/modelsim/nios2eds/bin/gnu/h-x86_64-mingw32/bin/../lib/gcc/nios2-elf/5.3.0/../../../../../H-x86_64-mingw32/nios2-elf/lib/mno-hw-mul\libsmallc.a(lib_a-strlen.o)
 .debug_ranges  0x0000000000000048       0x28 d:/modelsim/nios2eds/bin/gnu/h-x86_64-mingw32/bin/../lib/gcc/nios2-elf/5.3.0/../../../../../H-x86_64-mingw32/nios2-elf/lib/mno-hw-mul\libsmallc.a(lib_a-fvwrite_small_dev.o)
 .debug_ranges  0x0000000000000070       0x10 d:/modelsim/nios2eds/bin/gnu/h-x86_64-mingw32/bin/../lib/gcc/nios2-elf/5.3.0/../../../../../H-x86_64-mingw32/nios2-elf/lib/mno-hw-mul\libsmallc.a(lib_a-writer.o)
 .debug_ranges  0x0000000000000080       0x30 ../compas_bsp/\libhal_bsp.a(altera_avalon_jtag_uart_init.o)
 .debug_ranges  0x00000000000000b0       0x18 ../compas_bsp/\libhal_bsp.a(altera_avalon_jtag_uart_read.o)
 .debug_ranges  0x00000000000000c8       0x28 ../compas_bsp/\libhal_bsp.a(alt_irq_entry.o)
 .debug_ranges  0x00000000000000f0       0x10 ../compas_bsp/\libhal_bsp.a(alt_irq_handler.o)
 .debug_ranges  0x0000000000000100       0x30 ../compas_bsp/\libhal_bsp.a(alt_exception_entry.o)
 .debug_ranges  0x0000000000000130       0x18 ../compas_bsp/\libhal_bsp.a(alt_instruction_exception_entry.o)
 .debug_ranges  0x0000000000000148       0x10 d:/modelsim/nios2eds/bin/gnu/h-x86_64-mingw32/bin/../lib/gcc/nios2-elf/5.3.0/../../../../../H-x86_64-mingw32/nios2-elf/lib/mno-hw-mul\libsmallc.a(lib_a-exit.o)
 .debug_ranges  0x0000000000000158       0x10 d:/modelsim/nios2eds/bin/gnu/h-x86_64-mingw32/bin/../lib/gcc/nios2-elf/5.3.0/../../../../../H-x86_64-mingw32/nios2-elf/lib/mno-hw-mul\libsmallc.a(lib_a-memcmp.o)
 .debug_ranges  0x0000000000000168       0x10 d:/modelsim/nios2eds/bin/gnu/h-x86_64-mingw32/bin/../lib/gcc/nios2-elf/5.3.0/../../../../../H-x86_64-mingw32/nios2-elf/lib/mno-hw-mul\libsmallc.a(lib_a-memcpy.o)
 .debug_ranges  0x0000000000000178       0x28 d:/modelsim/nios2eds/bin/gnu/h-x86_64-mingw32/bin/../lib/gcc/nios2-elf/5.3.0/../../../../../H-x86_64-mingw32/nios2-elf/lib/mno-hw-mul\libsmallc.a(lib_a-__call_atexit.o)
